Component: ARM Compiler 5.06 update 6 (build 750) Tool: armlink [4d35ed]

==============================================================================

Section Cross References

    startup_stm32f401xe.o(STACK) refers (Special) to heapauxi.o(.text) for __use_two_region_memory
    startup_stm32f401xe.o(HEAP) refers (Special) to heapauxi.o(.text) for __use_two_region_memory
    startup_stm32f401xe.o(RESET) refers (Special) to heapauxi.o(.text) for __use_two_region_memory
    startup_stm32f401xe.o(RESET) refers to startup_stm32f401xe.o(STACK) for __initial_sp
    startup_stm32f401xe.o(RESET) refers to startup_stm32f401xe.o(.text) for Reset_Handler
    startup_stm32f401xe.o(RESET) refers to stm32f4xx_it.o(i.NMI_Handler) for NMI_Handler
    startup_stm32f401xe.o(RESET) refers to stm32f4xx_it.o(i.HardFault_Handler) for HardFault_Handler
    startup_stm32f401xe.o(RESET) refers to stm32f4xx_it.o(i.MemManage_Handler) for MemManage_Handler
    startup_stm32f401xe.o(RESET) refers to stm32f4xx_it.o(i.BusFault_Handler) for BusFault_Handler
    startup_stm32f401xe.o(RESET) refers to stm32f4xx_it.o(i.UsageFault_Handler) for UsageFault_Handler
    startup_stm32f401xe.o(RESET) refers to stm32f4xx_it.o(i.SVC_Handler) for SVC_Handler
    startup_stm32f401xe.o(RESET) refers to stm32f4xx_it.o(i.DebugMon_Handler) for DebugMon_Handler
    startup_stm32f401xe.o(RESET) refers to stm32f4xx_it.o(i.PendSV_Handler) for PendSV_Handler
    startup_stm32f401xe.o(RESET) refers to stm32f4xx_it.o(i.SysTick_Handler) for SysTick_Handler
    startup_stm32f401xe.o(RESET) refers to stm32f4xx_it.o(i.EXTI9_5_IRQHandler) for EXTI9_5_IRQHandler
    startup_stm32f401xe.o(RESET) refers to stm32f4xx_it.o(i.TIM2_IRQHandler) for TIM2_IRQHandler
    startup_stm32f401xe.o(RESET) refers to stm32f4xx_it.o(i.TIM3_IRQHandler) for TIM3_IRQHandler
    startup_stm32f401xe.o(RESET) refers to stm32f4xx_it.o(i.TIM4_IRQHandler) for TIM4_IRQHandler
    startup_stm32f401xe.o(RESET) refers to stm32f4xx_it.o(i.EXTI15_10_IRQHandler) for EXTI15_10_IRQHandler
    startup_stm32f401xe.o(.text) refers (Special) to heapauxi.o(.text) for __use_two_region_memory
    startup_stm32f401xe.o(.text) refers to system_stm32f4xx.o(i.SystemInit) for SystemInit
    startup_stm32f401xe.o(.text) refers to __main.o(!!!main) for __main
    startup_stm32f401xe.o(.text) refers to startup_stm32f401xe.o(HEAP) for Heap_Mem
    startup_stm32f401xe.o(.text) refers to startup_stm32f401xe.o(STACK) for Stack_Mem
    main.o(i.HAL_GPIO_EXTI_Callback) refers to main.o(i.LED_reset) for LED_reset
    main.o(i.HAL_GPIO_EXTI_Callback) refers to main.o(i.SEG_show) for SEG_show
    main.o(i.HAL_GPIO_EXTI_Callback) refers to stm32f4xx_hal_gpio.o(i.HAL_GPIO_WritePin) for HAL_GPIO_WritePin
    main.o(i.HAL_GPIO_EXTI_Callback) refers to main.o(i.LOOSER) for LOOSER
    main.o(i.HAL_GPIO_EXTI_Callback) refers to main.o(.data) for .data
    main.o(i.HAL_TIM_IC_CaptureCallback) refers to stm32f4xx_hal_tim.o(i.HAL_TIM_ReadCapturedValue) for HAL_TIM_ReadCapturedValue
    main.o(i.HAL_TIM_IC_CaptureCallback) refers to stm32f4xx_hal_tim.o(i.HAL_TIM_Base_Stop_IT) for HAL_TIM_Base_Stop_IT
    main.o(i.HAL_TIM_IC_CaptureCallback) refers to stm32f4xx_hal_tim.o(i.HAL_TIM_PWM_Start) for HAL_TIM_PWM_Start
    main.o(i.HAL_TIM_IC_CaptureCallback) refers to main.o(.data) for .data
    main.o(i.HAL_TIM_IC_CaptureCallback) refers to main.o(.bss) for .bss
    main.o(i.HAL_TIM_PeriodElapsedCallback) refers to main.o(i.showTime) for showTime
    main.o(i.HAL_TIM_PeriodElapsedCallback) refers to main.o(.data) for .data
    main.o(i.KEYPAD_check) refers to stm32f4xx_hal_gpio.o(i.HAL_GPIO_WritePin) for HAL_GPIO_WritePin
    main.o(i.KEYPAD_check) refers to stm32f4xx_hal_gpio.o(i.HAL_GPIO_ReadPin) for HAL_GPIO_ReadPin
    main.o(i.LCD_command) refers to stm32f4xx_hal_gpio.o(i.HAL_GPIO_WritePin) for HAL_GPIO_WritePin
    main.o(i.LCD_command) refers to main.o(i.delayMs) for delayMs
    main.o(i.LCD_data) refers to stm32f4xx_hal_gpio.o(i.HAL_GPIO_WritePin) for HAL_GPIO_WritePin
    main.o(i.LCD_data) refers to main.o(i.delayMs) for delayMs
    main.o(i.LCD_init) refers to main.o(i.delayMs) for delayMs
    main.o(i.LCD_init) refers to main.o(i.LCD_command) for LCD_command
    main.o(i.LED_FINAL_SHOW) refers to stm32f4xx_hal_gpio.o(i.HAL_GPIO_WritePin) for HAL_GPIO_WritePin
    main.o(i.LED_FINAL_SHOW) refers to main.o(i.delayMs) for delayMs
    main.o(i.LED_random) refers to rand.o(.text) for srand
    main.o(i.LED_random) refers to rand.o(.emb_text) for rand
    main.o(i.LED_random) refers to main.o(.bss) for .bss
    main.o(i.LED_reset) refers to stm32f4xx_hal_gpio.o(i.HAL_GPIO_WritePin) for HAL_GPIO_WritePin
    main.o(i.LOOSER) refers to stm32f4xx_hal_tim.o(i.HAL_TIM_Base_Stop_IT) for HAL_TIM_Base_Stop_IT
    main.o(i.LOOSER) refers to main.o(i.LCD_command) for LCD_command
    main.o(i.LOOSER) refers to main.o(i.LCD_data) for LCD_data
[...]
    Removing stm32f4xx_hal.o(i.HAL_EnableCompensationCell), (12 bytes).
    Removing stm32f4xx_hal.o(i.HAL_GetDEVID), (16 bytes).
    Removing stm32f4xx_hal.o(i.HAL_GetHalVersion), (8 bytes).
    Removing stm32f4xx_hal.o(i.HAL_GetREVID), (12 bytes).
    Removing stm32f4xx_hal.o(i.HAL_GetTickFreq), (12 bytes).
    Removing stm32f4xx_hal.o(i.HAL_GetTickPrio), (12 bytes).
    Removing stm32f4xx_hal.o(i.HAL_GetUIDw0), (12 bytes).
    Removing stm32f4xx_hal.o(i.HAL_GetUIDw1), (12 bytes).
    Removing stm32f4xx_hal.o(i.HAL_GetUIDw2), (12 bytes).
    Removing stm32f4xx_hal.o(i.HAL_MspDeInit), (2 bytes).
    Removing stm32f4xx_hal.o(i.HAL_MspInit), (2 bytes).
    Removing stm32f4xx_hal.o(i.HAL_ResumeTick), (14 bytes).
    Removing stm32f4xx_hal.o(i.HAL_SetTickFreq), (36 bytes).
    Removing stm32f4xx_hal.o(i.HAL_SuspendTick), (14 bytes).
    Removing stm32f4xx_hal_exti.o(.rev16_text), (4 bytes).
    Removing stm32f4xx_hal_exti.o(.revsh_text), (4 bytes).
    Removing stm32f4xx_hal_exti.o(.rrx_text), (6 bytes).
    Removing stm32f4xx_hal_exti.o(i.HAL_EXTI_ClearConfigLine), (108 bytes).
    Removing stm32f4xx_hal_exti.o(i.HAL_EXTI_ClearPending), (20 bytes).
    Removing stm32f4xx_hal_exti.o(i.HAL_EXTI_GenerateSWI), (20 bytes).
    Removing stm32f4xx_hal_exti.o(i.HAL_EXTI_GetConfigLine), (148 bytes).
    Removing stm32f4xx_hal_exti.o(i.HAL_EXTI_GetHandle), (12 bytes).
    Removing stm32f4xx_hal_exti.o(i.HAL_EXTI_GetPending), (24 bytes).
    Removing stm32f4xx_hal_exti.o(i.HAL_EXTI_IRQHandler), (36 bytes).
    Removing stm32f4xx_hal_exti.o(i.HAL_EXTI_RegisterCallback), (14 bytes).
    Removing stm32f4xx_hal_exti.o(i.HAL_EXTI_SetConfigLine), (168 bytes).
    Removing system_stm32f4xx.o(.rev16_text), (4 bytes).
    Removing system_stm32f4xx.o(.revsh_text), (4 bytes).
    Removing system_stm32f4xx.o(.rrx_text), (6 bytes).
    Removing system_stm32f4xx.o(i.SystemCoreClockUpdate), (124 bytes).
    Removing system_stm32f4xx.o(.constdata), (8 bytes).

326 unused section(s) (total 24760 bytes) removed from the image.

==============================================================================

Image Symbol Table

    Local Symbols

    Symbol Name                              Value     Ov Type        Size  Object(Section)

    ../Core/Src/main.c                       0x00000000   Number         0  main.o ABSOLUTE
    ../Core/Src/stm32f4xx_hal_msp.c          0x00000000   Number         0  stm32f4xx_hal_msp.o ABSOLUTE
    ../Core/Src/stm32f4xx_it.c               0x00000000   Number         0  stm32f4xx_it.o ABSOLUTE
    ../Core/Src/system_stm32f4xx.c           0x00000000   Number         0  system_stm32f4xx.o ABSOLUTE
    ../Drivers/STM32F4xx_HAL_Driver/Src/stm32f4xx_hal.c 0x00000000   Number         0  stm32f4xx_hal.o ABSOLUTE
    ../Drivers/STM32F4xx_HAL_Driver/Src/stm32f4xx_hal_cortex.c 0x00000000   Number         0  stm32f4xx_hal_cortex.o ABSOLUTE
    ../Drivers/STM32F4xx_HAL_Driver/Src/stm32f4xx_hal_dma.c 0x00000000   Number         0  stm32f4xx_hal_dma.o ABSOLUTE
    ../Drivers/STM32F4xx_HAL_Driver/Src/stm32f4xx_hal_dma_ex.c 0x00000000   Number         0  stm32f4xx_hal_dma_ex.o ABSOLUTE
    ../Drivers/STM32F4xx_HAL_Driver/Src/stm32f4xx_hal_exti.c 0x00000000   Number         0  stm32f4xx_hal_exti.o ABSOLUTE
    ../Drivers/STM32F4xx_HAL_Driver/Src/stm32f4xx_hal_flash.c 0x00000000   Number         0  stm32f4xx_hal_flash.o ABSOLUTE
    ../Drivers/STM32F4xx_HAL_Driver/Src/stm32f4xx_hal_flash_ex.c 0x00000000   Number         0  stm32f4xx_hal_flash_ex.o ABSOLUTE
    ../Drivers/STM32F4xx_HAL_Driver/Src/stm32f4xx_hal_flash_ramfunc.c 0x00000000   Number         0  stm32f4xx_hal_flash_ramfunc.o ABSOLUTE
    ../Drivers/STM32F4xx_HAL_Driver/Src/stm32f4xx_hal_gpio.c 0x00000000   Number         0  stm32f4xx_hal_gpio.o ABSOLUTE
    ../Drivers/STM32F4xx_HAL_Driver/Src/stm32f4xx_hal_pwr.c 0x00000000   Number         0  stm32f4xx_hal_pwr.o ABSOLUTE
    ../Drivers/STM32F4xx_HAL_Driver/Src/stm32f4xx_hal_pwr_ex.c 0x00000000   Number         0  stm32f4xx_hal_pwr_ex.o ABSOLUTE
    ../Drivers/STM32F4xx_HAL_Driver/Src/stm32f4xx_hal_rcc.c 0x00000000   Number         0  stm32f4xx_hal_rcc.o ABSOLUTE
    ../Drivers/STM32F4xx_HAL_Driver/Src/stm32f4xx_hal_rcc_ex.c 0x00000000   Number         0  stm32f4xx_hal_rcc_ex.o ABSOLUTE
    ../Drivers/STM32F4xx_HAL_Driver/Src/stm32f4xx_hal_tim.c 0x00000000   Number         0  stm32f4xx_hal_tim.o ABSOLUTE
    ../Drivers/STM32F4xx_HAL_Driver/Src/stm32f4xx_hal_tim_ex.c 0x00000000   Number         0  stm32f4xx_hal_tim_ex.o ABSOLUTE
    ../clib/angel/boardlib.s                 0x00000000   Number         0  boardinit3.o ABSOLUTE
    ../clib/angel/boardlib.s                 0x00000000   Number         0  boardinit2.o ABSOLUTE
    ../clib/angel/boardlib.s                 0x00000000   Number         0  boardshut.o ABSOLUTE
    ../clib/angel/boardlib.s                 0x00000000   Number         0  boardinit1.o ABSOLUTE
    ../clib/angel/handlers.s                 0x00000000   Number         0  __scatter_zi.o ABSOLUTE
    ../clib/angel/handlers.s                 0x00000000   Number         0  __scatter_copy.o ABSOLUTE
    ../clib/angel/kernel.s                   0x00000000   Number         0  __rtentry4.o ABSOLUTE
    ../clib/angel/kernel.s                   0x00000000   Number         0  rtexit2.o ABSOLUTE
    ../clib/angel/kernel.s                   0x00000000   Number         0  __rtentry.o ABSOLUTE
    ../clib/angel/kernel.s                   0x00000000   Number         0  __rtentry2.o ABSOLUTE
    ../clib/angel/kernel.s                   0x00000000   Number         0  rtexit.o ABSOLUTE
    ../clib/angel/rt.s                       0x00000000   Number         0  rt_div0.o ABSOLUTE
    ../clib/angel/rt.s                       0x00000000   Number         0  aeabi_ldiv0.o ABSOLUTE
    ../clib/angel/rt.s                       0x00000000   Number         0  aeabi_ldiv0_sigfpe.o ABSOLUTE
    ../clib/angel/rt.s                       0x00000000   Number         0  rt_raise.o ABSOLUTE
    ../clib/angel/scatter.s                  0x00000000   Number         0  __scatter.o ABSOLUTE
    ../clib/angel/startup.s                  0x00000000   Number         0  __main.o ABSOLUTE
    ../clib/angel/sys.s                      0x00000000   Number         0  libspace.o ABSOLUTE
    ../clib/angel/sys.s                      0x00000000   Number         0  sys_stackheap_outer.o ABSOLUTE
    ../clib/angel/sys.s                      0x00000000   Number         0  indicate_semi.o ABSOLUTE
    ../clib/angel/sys.s                      0x00000000   Number         0  use_no_semi.o ABSOLUTE
    ../clib/angel/sysapp.c                   0x00000000   Number         0  sys_command.o ABSOLUTE
    ../clib/angel/sysapp.c                   0x00000000   Number         0  sys_wrch.o ABSOLUTE
    ../clib/angel/sysapp.c                   0x00000000   Number         0  sys_exit.o ABSOLUTE
    ../clib/armsys.c                         0x00000000   Number         0  no_argv.o ABSOLUTE
    ../clib/armsys.c                         0x00000000   Number         0  _get_argv_nomalloc.o ABSOLUTE
    ../clib/armsys.c                         0x00000000   Number         0  argv_veneer.o ABSOLUTE
    ../clib/armsys.c                         0x00000000   Number         0  argv_veneer.o ABSOLUTE
    ../clib/heapalloc.c                      0x00000000   Number         0  hrguard.o ABSOLUTE
    ../clib/heapaux.c                        0x00000000   Number         0  heapauxi.o ABSOLUTE
    ../clib/libinit.s                        0x00000000   Number         0  libinit.o ABSOLUTE
    ../clib/libinit.s                        0x00000000   Number         0  libshutdown2.o ABSOLUTE
    ../clib/libinit.s                        0x00000000   Number         0  libshutdown.o ABSOLUTE
    ../clib/libinit.s                        0x00000000   Number         0  libinit2.o ABSOLUTE
    ../clib/longlong.s                       0x00000000   Number         0  lludivv7m.o ABSOLUTE
    ../clib/memcpset.s                       0x00000000   Number         0  rt_memclr_w.o ABSOLUTE
    ../clib/printf.c                         0x00000000   Number         0  _sputc.o ABSOLUTE
    ../clib/printf.c                         0x00000000   Number         0  _printf_char_common.o ABSOLUTE
    ../clib/printf.c                         0x00000000   Number         0  _printf_intcommon.o ABSOLUTE
    ../clib/printf.c                         0x00000000   Number         0  __2sprintf.o ABSOLUTE
    ../clib/printf.c                         0x00000000   Number         0  __printf_flags_ss_wp.o ABSOLUTE
    ../clib/printf.c                         0x00000000   Number         0  __printf_ss_wp.o ABSOLUTE
    ../clib/printf.c                         0x00000000   Number         0  __printf_flags_wp.o ABSOLUTE
    ../clib/printf.c                         0x00000000   Number         0  __printf_wp.o ABSOLUTE
    ../clib/printf.c                         0x00000000   Number         0  __printf_nopercent.o ABSOLUTE
    ../clib/printf.c                         0x00000000   Number         0  __printf_flags_ss.o ABSOLUTE
    ../clib/printf.c                         0x00000000   Number         0  __printf_ss.o ABSOLUTE
    ../clib/printf.c                         0x00000000   Number         0  __printf.o ABSOLUTE
    ../clib/printf.c                         0x00000000   Number         0  _printf_dec.o ABSOLUTE
    ../clib/printf.c                         0x00000000   Number         0  __printf_flags.o ABSOLUTE
    ../clib/printf.c                         0x00000000   Number         0  noretval__2sprintf.o ABSOLUTE
    ../clib/printf_percent.s                 0x00000000   Number         0  _printf_percent.o ABSOLUTE
    ../clib/printf_percent.s                 0x00000000   Number         0  _printf_percent_end.o ABSOLUTE
    ../clib/printf_percent.s                 0x00000000   Number         0  _printf_d.o ABSOLUTE
    ../clib/signal.c                         0x00000000   Number         0  __raise.o ABSOLUTE
    ../clib/signal.c                         0x00000000   Number         0  defsig_rtmem_inner.o ABSOLUTE
    ../clib/signal.c                         0x00000000   Number         0  defsig_pvfn_inner.o ABSOLUTE
    ../clib/signal.c                         0x00000000   Number         0  defsig_general.o ABSOLUTE
    ../clib/signal.c                         0x00000000   Number         0  defsig_fpe_formal.o ABSOLUTE
    ../clib/signal.c                         0x00000000   Number         0  defsig_fpe_inner.o ABSOLUTE
    ../clib/signal.c                         0x00000000   Number         0  defsig_cppl_inner.o ABSOLUTE
    ../clib/signal.c                         0x00000000   Number         0  defsig_other.o ABSOLUTE
    ../clib/signal.c                         0x00000000   Number         0  defsig_rtmem_formal.o ABSOLUTE
    ../clib/signal.c                         0x00000000   Number         0  defsig_rtmem_outer.o ABSOLUTE
    ../clib/signal.c                         0x00000000   Number         0  defsig_segv_inner.o ABSOLUTE
    ../clib/signal.c                         0x00000000   Number         0  defsig_exit.o ABSOLUTE
    ../clib/signal.c                         0x00000000   Number         0  defsig_fpe_outer.o ABSOLUTE
    ../clib/signal.c                         0x00000000   Number         0  defsig_abrt_inner.o ABSOLUTE
    ../clib/signal.c                         0x00000000   Number         0  defsig_rtred_inner.o ABSOLUTE
    ../clib/signal.c                         0x00000000   Number         0  defsig_stak_inner.o ABSOLUTE
    ../clib/signal.s                         0x00000000   Number         0  defsig.o ABSOLUTE
    ../clib/stdlib.c                         0x00000000   Number         0  exit.o ABSOLUTE
    ../clib/stdlib.c                         0x00000000   Number         0  rand.o ABSOLUTE
    ../clib/stdlib.c                         0x00000000   Number         0  rand.o ABSOLUTE
    ../fplib/fpinit.s                        0x00000000   Number         0  fpinit.o ABSOLUTE
    ..\Core\Src\main.c                       0x00000000   Number         0  main.o ABSOLUTE
    ..\Core\Src\stm32f4xx_hal_msp.c          0x00000000   Number         0  stm32f4xx_hal_msp.o ABSOLUTE
    ..\Core\Src\stm32f4xx_it.c               0x00000000   Number         0  stm32f4xx_it.o ABSOLUTE
    ..\Core\Src\system_stm32f4xx.c           0x00000000   Number         0  system_stm32f4xx.o ABSOLUTE
    ..\Drivers\STM32F4xx_HAL_Driver\Src\stm32f4xx_hal.c 0x00000000   Number         0  stm32f4xx_hal.o ABSOLUTE
    ..\Drivers\STM32F4xx_HAL_Driver\Src\stm32f4xx_hal_cortex.c 0x00000000   Number         0  stm32f4xx_hal_cortex.o ABSOLUTE
    ..\Drivers\STM32F4xx_HAL_Driver\Src\stm32f4xx_hal_dma.c 0x00000000   Number         0  stm32f4xx_hal_dma.o ABSOLUTE
    ..\Drivers\STM32F4xx_HAL_Driver\Src\stm32f4xx_hal_dma_ex.c 0x00000000   Number         0  stm32f4xx_hal_dma_ex.o ABSOLUTE
    ..\Drivers\STM32F4xx_HAL_Driver\Src\stm32f4xx_hal_exti.c 0x00000000   Number         0  stm32f4xx_hal_exti.o ABSOLUTE
    ..\Drivers\STM32F4xx_HAL_Driver\Src\stm32f4xx_hal_flash.c 0x00000000   Number         0  stm32f4xx_hal_flash.o ABSOLUTE
    ..\Drivers\STM32F4xx_HAL_Driver\Src\stm32f4xx_hal_flash_ex.c 0x00000000   Number         0  stm32f4xx_hal_flash_ex.o ABSOLUTE
    ..\Drivers\STM32F4xx_HAL_Driver\Src\stm32f4xx_hal_flash_ramfunc.c 0x00000000   Number         0  stm32f4xx_hal_flash_ramfunc.o ABSOLUTE
    ..\Drivers\STM32F4xx_HAL_Driver\Src\stm32f4xx_hal_gpio.c 0x00000000   Number         0  stm32f4xx_hal_gpio.o ABSOLUTE
    ..\Drivers\STM32F4xx_HAL_Driver\Src\stm32f4xx_hal_pwr.c 0x00000000   Number         0  stm32f4xx_hal_pwr.o ABSOLUTE
    ..\Drivers\STM32F4xx_HAL_Driver\Src\stm32f4xx_hal_pwr_ex.c 0x00000000   Number         0  stm32f4xx_hal_pwr_ex.o ABSOLUTE
    ..\Drivers\STM32F4xx_HAL_Driver\Src\stm32f4xx_hal_rcc.c 0x00000000   Number         0  stm32f4xx_hal_rcc.o ABSOLUTE
    ..\Drivers\STM32F4xx_HAL_Driver\Src\stm32f4xx_hal_rcc_ex.c 0x00000000   Number         0  stm32f4xx_hal_rcc_ex.o ABSOLUTE
    ..\Drivers\STM32F4xx_HAL_Driver\Src\stm32f4xx_hal_tim.c 0x00000000   Number         0  stm32f4xx_hal_tim.o ABSOLUTE
    ..\Drivers\STM32F4xx_HAL_Driver\Src\stm32f4xx_hal_tim_ex.c 0x00000000   Number         0  stm32f4xx_hal_tim_ex.o ABSOLUTE
    dc.s                                     0x00000000   Number         0  dc.o ABSOLUTE
    startup_stm32f401xe.s                    0x00000000   Number         0  startup_stm32f401xe.o ABSOLUTE
    RESET                                    0x08000000   Section      404  startup_stm32f401xe.o(RESET)
    !!!main                                  0x08000194   Section        8  __main.o(!!!main)
    !!!scatter                               0x0800019c   Section       52  __scatter.o(!!!scatter)
    !!handler_copy                           0x080001d0   Section       26  __scatter_copy.o(!!handler_copy)
    !!handler_zi                             0x080001ec   Section       28  __scatter_zi.o(!!handler_zi)
    .ARM.Collect$$_printf_percent$$00000000  0x08000208   Section        0  _printf_percent.o(.ARM.Collect$$_printf_percent$$00000000)
    .ARM.Collect$$_printf_percent$$00000009  0x08000208   Section        6  _printf_d.o(.ARM.Collect$$_printf_percent$$00000009)
    .ARM.Collect$$_printf_percent$$00000017  0x0800020e   Section        4  _printf_percent_end.o(.ARM.Collect$$_printf_percent$$00000017)
    .ARM.Collect$$libinit$$00000000          0x08000212   Section        2  libinit.o(.ARM.Collect$$libinit$$00000000)
    .ARM.Collect$$libinit$$00000001          0x08000214   Section        4  libinit2.o(.ARM.Collect$$libinit$$00000001)
    .ARM.Collect$$libinit$$00000004          0x08000218   Section        0  libinit2.o(.ARM.Collect$$libinit$$00000004)
    .ARM.Collect$$libinit$$0000000A          0x08000218   Section        0  libinit2.o(.ARM.Collect$$libinit$$0000000A)
    .ARM.Collect$$libinit$$0000000C          0x08000218   Section        0  libinit2.o(.ARM.Collect$$libinit$$0000000C)
    .ARM.Collect$$libinit$$0000000D          0x08000218   Section        4  libinit2.o(.ARM.Collect$$libinit$$0000000D)
    .ARM.Collect$$libinit$$0000000E          0x0800021c   Section        0  libinit2.o(.ARM.Collect$$libinit$$0000000E)
    .ARM.Collect$$libinit$$00000011          0x0800021c   Section        0  libinit2.o(.ARM.Collect$$libinit$$00000011)
    .ARM.Collect$$libinit$$00000013          0x0800021c   Section        0  libinit2.o(.ARM.Collect$$libinit$$00000013)
    .ARM.Collect$$libinit$$00000015          0x0800021c   Section        0  libinit2.o(.ARM.Collect$$libinit$$00000015)
    .ARM.Collect$$libinit$$00000017          0x0800021c   Section        0  libinit2.o(.ARM.Collect$$libinit$$00000017)
    .ARM.Collect$$libinit$$00000019          0x0800021c   Section        0  libinit2.o(.ARM.Collect$$libinit$$00000019)
    .ARM.Collect$$libinit$$0000001B          0x0800021c   Section        0  libinit2.o(.ARM.Collect$$libinit$$0000001B)
    .ARM.Collect$$libinit$$0000001D          0x0800021c   Section        0  libinit2.o(.ARM.Collect$$libinit$$0000001D)
    .ARM.Collect$$libinit$$0000001F          0x0800021c   Section        0  libinit2.o(.ARM.Collect$$libinit$$0000001F)
    .ARM.Collect$$libinit$$00000021          0x0800021c   Section        0  libinit2.o(.ARM.Collect$$libinit$$00000021)
    .ARM.Collect$$libinit$$00000023          0x0800021c   Section        0  libinit2.o(.ARM.Collect$$libinit$$00000023)
    .ARM.Collect$$libinit$$00000025          0x0800021c   Section        0  libinit2.o(.ARM.Collect$$libinit$$00000025)
    .ARM.Collect$$libinit$$0000002C          0x0800021c   Section        0  libinit2.o(.ARM.Collect$$libinit$$0000002C)
    .ARM.Collect$$libinit$$0000002E          0x0800021c   Section        0  libinit2.o(.ARM.Collect$$libinit$$0000002E)
    .ARM.Collect$$libinit$$00000030          0x0800021c   Section        0  libinit2.o(.ARM.Collect$$libinit$$00000030)
    .ARM.Collect$$libinit$$00000032          0x0800021c   Section        0  libinit2.o(.ARM.Collect$$libinit$$00000032)
    .ARM.Collect$$libinit$$00000033          0x0800021c   Section        2  libinit2.o(.ARM.Collect$$libinit$$00000033)
    .ARM.Collect$$libshutdown$$00000000      0x0800021e   Section        2  libshutdown.o(.ARM.Collect$$libshutdown$$00000000)
    .ARM.Collect$$libshutdown$$00000002      0x08000220   Section        0  libshutdown2.o(.ARM.Collect$$libshutdown$$00000002)
    .ARM.Collect$$libshutdown$$00000004      0x08000220   Section        0  libshutdown2.o(.ARM.Collect$$libshutdown$$00000004)
    .ARM.Collect$$libshutdown$$00000007      0x08000220   Section        0  libshutdown2.o(.ARM.Collect$$libshutdown$$00000007)
    .ARM.Collect$$libshutdown$$0000000A      0x08000220   Section        0  libshutdown2.o(.ARM.Collect$$libshutdown$$0000000A)
    .ARM.Collect$$libshutdown$$0000000C      0x08000220   Section        0  libshutdown2.o(.ARM.Collect$$libshutdown$$0000000C)
    .ARM.Collect$$libshutdown$$0000000F      0x08000220   Section        0  libshutdown2.o(.ARM.Collect$$libshutdown$$0000000F)
    .ARM.Collect$$libshutdown$$00000010      0x08000220   Section        2  libshutdown2.o(.ARM.Collect$$libshutdown$$00000010)
    .ARM.Collect$$rtentry$$00000000          0x08000222   Section        0  __rtentry.o(.ARM.Collect$$rtentry$$00000000)
    .ARM.Collect$$rtentry$$00000002          0x08000222   Section        0  __rtentry2.o(.ARM.Collect$$rtentry$$00000002)
    .ARM.Collect$$rtentry$$00000004          0x08000222   Section        6  __rtentry4.o(.ARM.Collect$$rtentry$$00000004)
    .ARM.Collect$$rtentry$$00000009          0x08000228   Section        0  __rtentry2.o(.ARM.Collect$$rtentry$$00000009)
    .ARM.Collect$$rtentry$$0000000A          0x08000228   Section        4  __rtentry2.o(.ARM.Collect$$rtentry$$0000000A)
    .ARM.Collect$$rtentry$$0000000C          0x0800022c   Section        0  __rtentry2.o(.ARM.Collect$$rtentry$$0000000C)
    .ARM.Collect$$rtentry$$0000000D          0x0800022c   Section        8  __rtentry2.o(.ARM.Collect$$rtentry$$0000000D)
    .ARM.Collect$$rtexit$$00000000           0x08000234   Section        2  rtexit.o(.ARM.Collect$$rtexit$$00000000)
    .ARM.Collect$$rtexit$$00000002           0x08000236   Section        0  rtexit2.o(.ARM.Collect$$rtexit$$00000002)
    .ARM.Collect$$rtexit$$00000003           0x08000236   Section        4  rtexit2.o(.ARM.Collect$$rtexit$$00000003)
    .ARM.Collect$$rtexit$$00000004           0x0800023a   Section        6  rtexit2.o(.ARM.Collect$$rtexit$$00000004)
    .emb_text                                0x08000240   Section       52  rand.o(.emb_text)
    .text                                    0x08000274   Section       64  startup_stm32f401xe.o(.text)
    $v0                                      0x08000274   Number         0  startup_stm32f401xe.o(.text)
    .text                                    0x080002b4   Section      238  lludivv7m.o(.text)
    .text                                    0x080003a4   Section        0  noretval__2sprintf.o(.text)
    .text                                    0x080003cc   Section        0  __printf.o(.text)
    .text                                    0x08000434   Section        0  _printf_dec.o(.text)
    .text                                    0x080004ac   Section        0  rand.o(.text)
    .text                                    0x080004e8   Section       78  rt_memclr_w.o(.text)
    .text                                    0x08000536   Section        0  heapauxi.o(.text)
    .text                                    0x0800053c   Section        0  _printf_intcommon.o(.text)
    .text                                    0x080005f0   Section        0  _printf_char_common.o(.text)
    _printf_input_char                       0x080005f1   Thumb Code    10  _printf_char_common.o(.text)
    .text                                    0x08000620   Section        0  _sputc.o(.text)
    .text                                    0x0800062a   Section       74  sys_stackheap_outer.o(.text)
    .text                                    0x08000674   Section        0  exit.o(.text)
    .text                                    0x08000688   Section        8  libspace.o(.text)
    .text                                    0x08000690   Section        0  sys_exit.o(.text)
    .text                                    0x0800069c   Section        2  use_no_semi.o(.text)
    .text                                    0x0800069e   Section        0  indicate_semi.o(.text)
    i.BusFault_Handler                       0x0800069e   Section        0  stm32f4xx_it.o(i.BusFault_Handler)
    i.DebugMon_Handler                       0x080006a0   Section        0  stm32f4xx_it.o(i.DebugMon_Handler)
    i.EXTI15_10_IRQHandler                   0x080006a2   Section        0  stm32f4xx_it.o(i.EXTI15_10_IRQHandler)
    i.EXTI9_5_IRQHandler                     0x080006c0   Section        0  stm32f4xx_it.o(i.EXTI9_5_IRQHandler)
    i.HAL_Delay                              0x080006c8   Section        0  stm32f4xx_hal.o(i.HAL_Delay)
    i.HAL_GPIO_EXTI_Callback                 0x080006ec   Section        0  main.o(i.HAL_GPIO_EXTI_Callback)
    i.HAL_GPIO_EXTI_IRQHandler               0x08000770   Section        0  stm32f4xx_hal_gpio.o(i.HAL_GPIO_EXTI_IRQHandler)
    i.HAL_GPIO_Init                          0x08000788   Section        0  stm32f4xx_hal_gpio.o(i.HAL_GPIO_Init)
    i.HAL_GPIO_ReadPin                       0x08000968   Section        0  stm32f4xx_hal_gpio.o(i.HAL_GPIO_ReadPin)
    i.HAL_GPIO_WritePin                      0x08000972   Section        0  stm32f4xx_hal_gpio.o(i.HAL_GPIO_WritePin)
    i.HAL_GetTick                            0x0800097c   Section        0  stm32f4xx_hal.o(i.HAL_GetTick)
    i.HAL_IncTick                            0x08000988   Section        0  stm32f4xx_hal.o(i.HAL_IncTick)
    i.HAL_Init                               0x08000998   Section        0  stm32f4xx_hal.o(i.HAL_Init)
    i.HAL_InitTick                           0x080009cc   Section        0  stm32f4xx_hal.o(i.HAL_InitTick)
    i.HAL_MspInit                            0x08000a0c   Section        0  stm32f4xx_hal_msp.o(i.HAL_MspInit)
    i.HAL_NVIC_EnableIRQ                     0x08000a3c   Section        0  stm32f4xx_hal_cortex.o(i.HAL_NVIC_EnableIRQ)
    i.HAL_NVIC_SetPriority                   0x08000a58   Section        0  stm32f4xx_hal_cortex.o(i.HAL_NVIC_SetPriority)
    i.HAL_NVIC_SetPriorityGrouping           0x08000a98   Section        0  stm32f4xx_hal_cortex.o(i.HAL_NVIC_SetPriorityGrouping)
    i.HAL_RCC_ClockConfig                    0x08000abc   Section        0  stm32f4xx_hal_rcc.o(i.HAL_RCC_ClockConfig)
    i.HAL_RCC_GetSysClockFreq                0x08000bf0   Section        0  stm32f4xx_hal_rcc.o(i.HAL_RCC_GetSysClockFreq)
    i.HAL_RCC_OscConfig                      0x08000c54   Section        0  stm32f4xx_hal_rcc.o(i.HAL_RCC_OscConfig)
    i.HAL_SYSTICK_Config                     0x08000fc0   Section        0  stm32f4xx_hal_cortex.o(i.HAL_SYSTICK_Config)
    i.HAL_TIMEx_BreakCallback                0x08000fe8   Section        0  stm32f4xx_hal_tim_ex.o(i.HAL_TIMEx_BreakCallback)
    i.HAL_TIMEx_CommutCallback               0x08000fea   Section        0  stm32f4xx_hal_tim_ex.o(i.HAL_TIMEx_CommutCallback)
    i.HAL_TIMEx_CommutHalfCpltCallback       0x08000fec   Section        0  stm32f4xx_hal_tim_ex.o(i.HAL_TIMEx_CommutHalfCpltCallback)
    i.HAL_TIMEx_MasterConfigSynchronization  0x08000ff0   Section        0  stm32f4xx_hal_tim_ex.o(i.HAL_TIMEx_MasterConfigSynchronization)
    i.HAL_TIM_Base_Init                      0x0800106c   Section        0  stm32f4xx_hal_tim.o(i.HAL_TIM_Base_Init)
    i.HAL_TIM_Base_MspInit                   0x080010d8   Section        0  stm32f4xx_hal_msp.o(i.HAL_TIM_Base_MspInit)
    i.HAL_TIM_Base_Start_IT                  0x0800119c   Section        0  stm32f4xx_hal_tim.o(i.HAL_TIM_Base_Start_IT)
    i.HAL_TIM_Base_Stop_IT                   0x08001208   Section        0  stm32f4xx_hal_tim.o(i.HAL_TIM_Base_Stop_IT)
    i.HAL_TIM_ConfigClockSource              0x08001238   Section        0  stm32f4xx_hal_tim.o(i.HAL_TIM_ConfigClockSource)
    i.HAL_TIM_ErrorCallback                  0x08001314   Section        0  stm32f4xx_hal_tim.o(i.HAL_TIM_ErrorCallback)
    i.HAL_TIM_IC_CaptureCallback             0x08001318   Section        0  main.o(i.HAL_TIM_IC_CaptureCallback)
    i.HAL_TIM_IC_CaptureHalfCpltCallback     0x080013d4   Section        0  stm32f4xx_hal_tim.o(i.HAL_TIM_IC_CaptureHalfCpltCallback)
    i.HAL_TIM_IC_ConfigChannel               0x080013d6   Section        0  stm32f4xx_hal_tim.o(i.HAL_TIM_IC_ConfigChannel)
    i.HAL_TIM_IC_Init                        0x080014f4   Section        0  stm32f4xx_hal_tim.o(i.HAL_TIM_IC_Init)
    i.HAL_TIM_IC_MspInit                     0x08001560   Section        0  stm32f4xx_hal_tim.o(i.HAL_TIM_IC_MspInit)
    i.HAL_TIM_IC_Start_IT                    0x08001564   Section        0  stm32f4xx_hal_tim.o(i.HAL_TIM_IC_Start_IT)
    i.HAL_TIM_IRQHandler                     0x0800165c   Section        0  stm32f4xx_hal_tim.o(i.HAL_TIM_IRQHandler)
    i.HAL_TIM_MspPostInit                    0x080017dc   Section        0  stm32f4xx_hal_msp.o(i.HAL_TIM_MspPostInit)
    i.HAL_TIM_OC_DelayElapsedCallback        0x0800182c   Section        0  stm32f4xx_hal_tim.o(i.HAL_TIM_OC_DelayElapsedCallback)
    i.HAL_TIM_PWM_ConfigChannel              0x0800182e   Section        0  stm32f4xx_hal_tim.o(i.HAL_TIM_PWM_ConfigChannel)
    i.HAL_TIM_PWM_Init                       0x080018fc   Section        0  stm32f4xx_hal_tim.o(i.HAL_TIM_PWM_Init)
    i.HAL_TIM_PWM_MspInit                    0x08001968   Section        0  stm32f4xx_hal_tim.o(i.HAL_TIM_PWM_MspInit)
    i.HAL_TIM_PWM_PulseFinishedCallback      0x0800196a   Section        0  stm32f4xx_hal_tim.o(i.HAL_TIM_PWM_PulseFinishedCallback)
    i.HAL_TIM_PWM_PulseFinishedHalfCpltCallback 0x0800196c   Section        0  stm32f4xx_hal_tim.o(i.HAL_TIM_PWM_PulseFinishedHalfCpltCallback)
    i.HAL_TIM_PWM_Start                      0x08001970   Section        0  stm32f4xx_hal_tim.o(i.HAL_TIM_PWM_Start)
    i.HAL_TIM_PeriodElapsedCallback          0x08001a20   Section        0  main.o(i.HAL_TIM_PeriodElapsedCallback)
    i.HAL_TIM_PeriodElapsedHalfCpltCallback  0x08001aa0   Section        0  stm32f4xx_hal_tim.o(i.HAL_TIM_PeriodElapsedHalfCpltCallback)
    i.HAL_TIM_ReadCapturedValue              0x08001aa2   Section        0  stm32f4xx_hal_tim.o(i.HAL_TIM_ReadCapturedValue)
    i.HAL_TIM_TriggerCallback                0x08001acc   Section        0  stm32f4xx_hal_tim.o(i.HAL_TIM_TriggerCallback)
    i.HAL_TIM_TriggerHalfCpltCallback        0x08001ace   Section        0  stm32f4xx_hal_tim.o(i.HAL_TIM_TriggerHalfCpltCallback)
    i.HardFault_Handler                      0x08001ad0   Section        0  stm32f4xx_it.o(i.HardFault_Handler)
    i.KEYPAD_check                           0x08001ad4   Section        0  main.o(i.KEYPAD_check)
    i.LCD_command                            0x08001ca8   Section        0  main.o(i.LCD_command)
    i.LCD_data                               0x08001d20   Section        0  main.o(i.LCD_data)
    i.LCD_init                               0x08001d90   Section        0  main.o(i.LCD_init)
    i.LED_FINAL_SHOW                         0x08001dd4   Section        0  main.o(i.LED_FINAL_SHOW)
    i.LED_random                             0x08001e18   Section        0  main.o(i.LED_random)
    i.LED_reset                              0x08001e3c   Section        0  main.o(i.LED_reset)
    i.LOOSER                                 0x08001e78   Section        0  main.o(i.LOOSER)
    i.MX_GPIO_Init                           0x08001ee0   Section        0  main.o(i.MX_GPIO_Init)
    MX_GPIO_Init                             0x08001ee1   Thumb Code   296  main.o(i.MX_GPIO_Init)
    i.MX_TIM2_Init                           0x08002018   Section        0  main.o(i.MX_TIM2_Init)
    MX_TIM2_Init                             0x08002019   Thumb Code    96  main.o(i.MX_TIM2_Init)
    i.MX_TIM3_Init                           0x0800207c   Section        0  main.o(i.MX_TIM3_Init)
    MX_TIM3_Init                             0x0800207d   Thumb Code   194  main.o(i.MX_TIM3_Init)
    i.MX_TIM4_Init                           0x08002148   Section        0  main.o(i.MX_TIM4_Init)
    MX_TIM4_Init                             0x08002149   Thumb Code    96  main.o(i.MX_TIM4_Init)
    i.MemManage_Handler                      0x080021b0   Section        0  stm32f4xx_it.o(i.MemManage_Handler)
    i.NMI_Handler                            0x080021b2   Section        0  stm32f4xx_it.o(i.NMI_Handler)
    i.PendSV_Handler                         0x080021b4   Section        0  stm32f4xx_it.o(i.PendSV_Handler)
    i.SEG_show                               0x080021b8   Section        0  main.o(i.SEG_show)
    i.SVC_Handler                            0x080022c0   Section        0  stm32f4xx_it.o(i.SVC_Handler)
    i.SysTick_Handler                        0x080022c2   Section        0  stm32f4xx_it.o(i.SysTick_Handler)
    i.SystemClock_Config                     0x080022c8   Section        0  main.o(i.SystemClock_Config)
    i.SystemInit                             0x08002348   Section        0  system_stm32f4xx.o(i.SystemInit)
    i.TIM2_IRQHandler                        0x08002358   Section        0  stm32f4xx_it.o(i.TIM2_IRQHandler)
    i.TIM3_IRQHandler                        0x08002364   Section        0  stm32f4xx_it.o(i.TIM3_IRQHandler)
    i.TIM4_IRQHandler                        0x08002370   Section        0  stm32f4xx_it.o(i.TIM4_IRQHandler)
    i.TIM_Base_SetConfig                     0x0800237c   Section        0  stm32f4xx_hal_tim.o(i.TIM_Base_SetConfig)
    i.TIM_CCxChannelCmd                      0x08002414   Section        0  stm32f4xx_hal_tim.o(i.TIM_CCxChannelCmd)
    i.TIM_ETR_SetConfig                      0x0800242e   Section        0  stm32f4xx_hal_tim.o(i.TIM_ETR_SetConfig)
    i.TIM_ITRx_SetConfig                     0x08002442   Section        0  stm32f4xx_hal_tim.o(i.TIM_ITRx_SetConfig)
    TIM_ITRx_SetConfig                       0x08002443   Thumb Code    16  stm32f4xx_hal_tim.o(i.TIM_ITRx_SetConfig)
    i.TIM_OC1_SetConfig                      0x08002454   Section        0  stm32f4xx_hal_tim.o(i.TIM_OC1_SetConfig)
    TIM_OC1_SetConfig                        0x08002455   Thumb Code    74  stm32f4xx_hal_tim.o(i.TIM_OC1_SetConfig)
    i.TIM_OC2_SetConfig                      0x080024a4   Section        0  stm32f4xx_hal_tim.o(i.TIM_OC2_SetConfig)
    i.TIM_OC3_SetConfig                      0x080024fc   Section        0  stm32f4xx_hal_tim.o(i.TIM_OC3_SetConfig)
    TIM_OC3_SetConfig                        0x080024fd   Thumb Code    82  stm32f4xx_hal_tim.o(i.TIM_OC3_SetConfig)
    i.TIM_OC4_SetConfig                      0x08002554   Section        0  stm32f4xx_hal_tim.o(i.TIM_OC4_SetConfig)
    TIM_OC4_SetConfig                        0x08002555   Thumb Code    64  stm32f4xx_hal_tim.o(i.TIM_OC4_SetConfig)
    i.TIM_ResetCallback                      0x08002598   Section        0  stm32f4xx_hal_tim.o(i.TIM_ResetCallback)
    i.TIM_TI1_ConfigInputStage               0x08002604   Section        0  stm32f4xx_hal_tim.o(i.TIM_TI1_ConfigInputStage)
    TIM_TI1_ConfigInputStage                 0x08002605   Thumb Code    34  stm32f4xx_hal_tim.o(i.TIM_TI1_ConfigInputStage)
    i.TIM_TI1_SetConfig                      0x08002628   Section        0  stm32f4xx_hal_tim.o(i.TIM_TI1_SetConfig)
    i.TIM_TI2_ConfigInputStage               0x08002694   Section        0  stm32f4xx_hal_tim.o(i.TIM_TI2_ConfigInputStage)
    TIM_TI2_ConfigInputStage                 0x08002695   Thumb Code    36  stm32f4xx_hal_tim.o(i.TIM_TI2_ConfigInputStage)
    i.TIM_TI2_SetConfig                      0x080026b8   Section        0  stm32f4xx_hal_tim.o(i.TIM_TI2_SetConfig)
    TIM_TI2_SetConfig                        0x080026b9   Thumb Code    54  stm32f4xx_hal_tim.o(i.TIM_TI2_SetConfig)
    i.UsageFault_Handler                     0x080026ee   Section        0  stm32f4xx_it.o(i.UsageFault_Handler)
    i.WINNER                                 0x080026f0   Section        0  main.o(i.WINNER)
    i.__NVIC_SetPriority                     0x08002758   Section        0  stm32f4xx_hal_cortex.o(i.__NVIC_SetPriority)
    __NVIC_SetPriority                       0x08002759   Thumb Code    32  stm32f4xx_hal_cortex.o(i.__NVIC_SetPriority)
    i.checkInput                             0x08002778   Section        0  main.o(i.checkInput)
    i.checkStudentID                         0x080027a8   Section        0  main.o(i.checkStudentID)
    i.delayMs                                0x080027f8   Section        0  main.o(i.delayMs)
    i.gameStart                              0x08002810   Section        0  main.o(i.gameStart)
    i.main                                   0x08002844   Section        0  main.o(i.main)
    i.showName                               0x080029a4   Section        0  main.o(i.showName)
    i.showTime                               0x08002a04   Section        0  main.o(i.showTime)
    x$fpl$fpinit                             0x08002a3c   Section       10  fpinit.o(x$fpl$fpinit)
    $v0                                      0x08002a3c   Number         0  fpinit.o(x$fpl$fpinit)
    .constdata                               0x08002a46   Section       16  system_stm32f4xx.o(.constdata)
    .data                                    0x20000000   Section       60  main.o(.data)
    .data                                    0x2000003c   Section       12  stm32f4xx_hal.o(.data)
    .data                                    0x20000048   Section        4  system_stm32f4xx.o(.data)
    .bss                                     0x2000004c   Section      540  main.o(.bss)
    .bss                                     0x20000268   Section      228  rand.o(.bss)
    .bss                                     0x2000034c   Section       96  libspace.o(.bss)
    HEAP                                     0x200003b0   Section      512  startup_stm32f401xe.o(HEAP)
    Heap_Mem                                 0x200003b0   Data         512  startup_stm32f401xe.o(HEAP)
    STACK                                    0x200005b0   Section     1024  startup_stm32f401xe.o(STACK)
    Stack_Mem                                0x200005b0   Data        1024  startup_stm32f401xe.o(STACK)
    __initial_sp                             0x200009b0   Data           0  startup_stm32f401xe.o(STACK)

    Global Symbols

    Symbol Name                              Value     Ov Type        Size  Object(Section)

    BuildAttributes$$THM_ISAv4$E$P$D$K$B$S$7EM$VFPi3$EXTD16$VFPS$VFMA$PE$A:L22UL41UL21$X:L11$S22US41US21$IEEE1$IW$USESV6$~STKCKD$USESV7$~SHL$OSPACE$ROPI$EBA8$UX$STANDARDLIB$REQ8$PRES8$EABIv2 0x00000000   Number         0  anon$$obj.o ABSOLUTE
    __ARM_use_no_argv                        0x00000000   Number         0  main.o ABSOLUTE
    __ARM_exceptions_init                     - Undefined Weak Reference
    __alloca_initialize                       - Undefined Weak Reference
    __arm_preinit_                            - Undefined Weak Reference
    __cpp_initialize__aeabi_                  - Undefined Weak Reference
    __cxa_finalize                            - Undefined Weak Reference
    __rt_locale                               - Undefined Weak Reference
    __sigvec_lookup                           - Undefined Weak Reference
    _atexit_init                              - Undefined Weak Reference
    _call_atexit_fns                          - Undefined Weak Reference
    _clock_init                               - Undefined Weak Reference
    _fp_trap_init                             - Undefined Weak Reference
    _fp_trap_shutdown                         - Undefined Weak Reference
    _get_lc_collate                           - Undefined Weak Reference
    _get_lc_ctype                             - Undefined Weak Reference
    _get_lc_monetary                          - Undefined Weak Reference
    _get_lc_numeric                           - Undefined Weak Reference
    _get_lc_time                              - Undefined Weak Reference
    _getenv_init                              - Undefined Weak Reference
    _handle_redirection                       - Undefined Weak Reference
    _init_alloc                               - Undefined Weak Reference
    _init_user_alloc                          - Undefined Weak Reference
    _initio                                   - Undefined Weak Reference
    _printf_post_padding                      - Undefined Weak Reference
    _printf_pre_padding                       - Undefined Weak Reference
    _printf_truncate_signed                   - Undefined Weak Reference
    _printf_truncate_unsigned                 - Undefined Weak Reference
    _signal_finish                            - Undefined Weak Reference
    _signal_init                              - Undefined Weak Reference
    _terminate_alloc                          - Undefined Weak Reference
    _terminate_user_alloc                     - Undefined Weak Reference
    _terminateio                              - Undefined Weak Reference
    __Vectors_Size                           0x00000194   Number         0  startup_stm32f401xe.o ABSOLUTE
    __Vectors                                0x08000000   Data           4  startup_stm32f401xe.o(RESET)
    __Vectors_End                            0x08000194   Data           0  startup_stm32f401xe.o(RESET)
    __main                                   0x08000195   Thumb Code     8  __main.o(!!!main)
    __scatterload                            0x0800019d   Thumb Code     0  __scatter.o(!!!scatter)
    __scatterload_rt2                        0x0800019d   Thumb Code    44  __scatter.o(!!!scatter)
    __scatterload_rt2_thumb_only             0x0800019d   Thumb Code     0  __scatter.o(!!!scatter)
    __scatterload_null                       0x080001ab   Thumb Code     0  __scatter.o(!!!scatter)
    __scatterload_copy                       0x080001d1   Thumb Code    26  __scatter_copy.o(!!handler_copy)
    __scatterload_zeroinit                   0x080001ed   Thumb Code    28  __scatter_zi.o(!!handler_zi)
    _printf_d                                0x08000209   Thumb Code     0  _printf_d.o(.ARM.Collect$$_printf_percent$$00000009)
    _printf_percent                          0x08000209   Thumb Code     0  _printf_percent.o(.ARM.Collect$$_printf_percent$$00000000)
    _printf_percent_end                      0x0800020f   Thumb Code     0  _printf_percent_end.o(.ARM.Collect$$_printf_percent$$00000017)
    __rt_lib_init                            0x08000213   Thumb Code     0  libinit.o(.ARM.Collect$$libinit$$00000000)
    __rt_lib_init_fp_1                       0x08000215   Thumb Code     0  libinit2.o(.ARM.Collect$$libinit$$00000001)
    __rt_lib_init_heap_1                     0x08000219   Thumb Code     0  libinit2.o(.ARM.Collect$$libinit$$0000000A)
    __rt_lib_init_preinit_1                  0x08000219   Thumb Code     0  libinit2.o(.ARM.Collect$$libinit$$00000004)
    __rt_lib_init_rand_2                     0x08000219   Thumb Code     0  libinit2.o(.ARM.Collect$$libinit$$0000000D)
    __rt_lib_init_user_alloc_1               0x08000219   Thumb Code     0  libinit2.o(.ARM.Collect$$libinit$$0000000C)
    __rt_lib_init_alloca_1                   0x0800021d   Thumb Code     0  libinit2.o(.ARM.Collect$$libinit$$0000002E)
    __rt_lib_init_argv_1                     0x0800021d   Thumb Code     0  libinit2.o(.ARM.Collect$$libinit$$0000002C)
    __rt_lib_init_atexit_1                   0x0800021d   Thumb Code     0  libinit2.o(.ARM.Collect$$libinit$$0000001B)
    __rt_lib_init_clock_1                    0x0800021d   Thumb Code     0  libinit2.o(.ARM.Collect$$libinit$$00000021)
    __rt_lib_init_cpp_1                      0x0800021d   Thumb Code     0  libinit2.o(.ARM.Collect$$libinit$$00000032)
    __rt_lib_init_exceptions_1               0x0800021d   Thumb Code     0  libinit2.o(.ARM.Collect$$libinit$$00000030)
    __rt_lib_init_fp_trap_1                  0x0800021d   Thumb Code     0  libinit2.o(.ARM.Collect$$libinit$$0000001F)
    __rt_lib_init_getenv_1                   0x0800021d   Thumb Code     0  libinit2.o(.ARM.Collect$$libinit$$00000023)
    __rt_lib_init_lc_collate_1               0x0800021d   Thumb Code     0  libinit2.o(.ARM.Collect$$libinit$$00000011)
    __rt_lib_init_lc_ctype_1                 0x0800021d   Thumb Code     0  libinit2.o(.ARM.Collect$$libinit$$00000013)
    __rt_lib_init_lc_monetary_1              0x0800021d   Thumb Code     0  libinit2.o(.ARM.Collect$$libinit$$00000015)
    __rt_lib_init_lc_numeric_1               0x0800021d   Thumb Code     0  libinit2.o(.ARM.Collect$$libinit$$00000017)
    __rt_lib_init_lc_time_1                  0x0800021d   Thumb Code     0  libinit2.o(.ARM.Collect$$libinit$$00000019)
    __rt_lib_init_rand_1                     0x0800021d   Thumb Code     0  libinit2.o(.ARM.Collect$$libinit$$0000000E)
    __rt_lib_init_return                     0x0800021d   Thumb Code     0  libinit2.o(.ARM.Collect$$libinit$$00000033)
    __rt_lib_init_signal_1                   0x0800021d   Thumb Code     0  libinit2.o(.ARM.Collect$$libinit$$0000001D)
    __rt_lib_init_stdio_1                    0x0800021d   Thumb Code     0  libinit2.o(.ARM.Collect$$libinit$$00000025)
    __rt_lib_shutdown                        0x0800021f   Thumb Code     0  libshutdown.o(.ARM.Collect$$libshutdown$$00000000)
    __rt_lib_shutdown_cpp_1                  0x08000221   Thumb Code     0  libshutdown2.o(.ARM.Collect$$libshutdown$$00000002)
    __rt_lib_shutdown_fp_trap_1              0x08000221   Thumb Code     0  libshutdown2.o(.ARM.Collect$$libshutdown$$00000007)
    __rt_lib_shutdown_heap_1                 0x08000221   Thumb Code     0  libshutdown2.o(.ARM.Collect$$libshutdown$$0000000F)
    __rt_lib_shutdown_return                 0x08000221   Thumb Code     0  libshutdown2.o(.ARM.Collect$$libshutdown$$00000010)
    __rt_lib_shutdown_signal_1               0x08000221   Thumb Code     0  libshutdown2.o(.ARM.Collect$$libshutdown$$0000000A)
    __rt_lib_shutdown_stdio_1                0x08000221   Thumb Code     0  libshutdown2.o(.ARM.Collect$$libshutdown$$00000004)
    __rt_lib_shutdown_user_alloc_1           0x08000221   Thumb Code     0  libshutdown2.o(.ARM.Collect$$libshutdown$$0000000C)
    __rt_entry                               0x08000223   Thumb Code     0  __rtentry.o(.ARM.Collect$$rtentry$$00000000)
    __rt_entry_presh_1                       0x08000223   Thumb Code     0  __rtentry2.o(.ARM.Collect$$rtentry$$00000002)
    __rt_entry_sh                            0x08000223   Thumb Code     0  __rtentry4.o(.ARM.Collect$$rtentry$$00000004)
    __rt_entry_li                            0x08000229   Thumb Code     0  __rtentry2.o(.ARM.Collect$$rtentry$$0000000A)
    __rt_entry_postsh_1                      0x08000229   Thumb Code     0  __rtentry2.o(.ARM.Collect$$rtentry$$00000009)
    __rt_entry_main                          0x0800022d   Thumb Code     0  __rtentry2.o(.ARM.Collect$$rtentry$$0000000D)
    __rt_entry_postli_1                      0x0800022d   Thumb Code     0  __rtentry2.o(.ARM.Collect$$rtentry$$0000000C)
    __rt_exit                                0x08000235   Thumb Code     0  rtexit.o(.ARM.Collect$$rtexit$$00000000)
    __rt_exit_ls                             0x08000237   Thumb Code     0  rtexit2.o(.ARM.Collect$$rtexit$$00000003)
    __rt_exit_prels_1                        0x08000237   Thumb Code     0  rtexit2.o(.ARM.Collect$$rtexit$$00000002)
    __rt_exit_exit                           0x0800023b   Thumb Code     0  rtexit2.o(.ARM.Collect$$rtexit$$00000004)
    rand                                     0x08000241   Thumb Code    48  rand.o(.emb_text)
    Reset_Handler                            0x08000275   Thumb Code     8  startup_stm32f401xe.o(.text)
    ADC_IRQHandler                           0x0800028f   Thumb Code     0  startup_stm32f401xe.o(.text)
    DMA1_Stream0_IRQHandler                  0x0800028f   Thumb Code     0  startup_stm32f401xe.o(.text)
    DMA1_Stream1_IRQHandler                  0x0800028f   Thumb Code     0  startup_stm32f401xe.o(.text)
    DMA1_Stream2_IRQHandler                  0x0800028f   Thumb Code     0  startup_stm32f401xe.o(.text)
    DMA1_Stream3_IRQHandler                  0x0800028f   Thumb Code     0  startup_stm32f401xe.o(.text)
    DMA1_Stream4_IRQHandler                  0x0800028f   Thumb Code     0  startup_stm32f401xe.o(.text)
    DMA1_Stream5_IRQHandler                  0x0800028f   Thumb Code     0  startup_stm32f401xe.o(.text)
    DMA1_Stream6_IRQHandler                  0x0800028f   Thumb Code     0  startup_stm32f401xe.o(.text)
    DMA1_Stream7_IRQHandler                  0x0800028f   Thumb Code     0  startup_stm32f401xe.o(.text)
    DMA2_Stream0_IRQHandler                  0x0800028f   Thumb Code     0  startup_stm32f401xe.o(.text)
    DMA2_Stream1_IRQHandler                  0x0800028f   Thumb Code     0  startup_stm32f401xe.o(.text)
    DMA2_Stream2_IRQHandler                  0x0800028f   Thumb Code     0  startup_stm32f401xe.o(.text)
    DMA2_Stream3_IRQHandler                  0x0800028f   Thumb Code     0  startup_stm32f401xe.o(.text)
    DMA2_Stream4_IRQHandler                  0x0800028f   Thumb Code     0  startup_stm32f401xe.o(.text)
    DMA2_Stream5_IRQHandler                  0x0800028f   Thumb Code     0  startup_stm32f401xe.o(.text)
    DMA2_Stream6_IRQHandler                  0x0800028f   Thumb Code     0  startup_stm32f401xe.o(.text)
    DMA2_Stream7_IRQHandler                  0x0800028f   Thumb Code     0  startup_stm32f401xe.o(.text)
    EXTI0_IRQHandler                         0x0800028f   Thumb Code     0  startup_stm32f401xe.o(.text)
    EXTI1_IRQHandler                         0x0800028f   Thumb Code     0  startup_stm32f401xe.o(.text)
    EXTI2_IRQHandler                         0x0800028f   Thumb Code     0  startup_stm32f401xe.o(.text)
    EXTI3_IRQHandler                         0x0800028f   Thumb Code     0  startup_stm32f401xe.o(.text)
    EXTI4_IRQHandler                         0x0800028f   Thumb Code     0  startup_stm32f401xe.o(.text)
    FLASH_IRQHandler                         0x0800028f   Thumb Code     0  startup_stm32f401xe.o(.text)
    FPU_IRQHandler                           0x0800028f   Thumb Code     0  startup_stm32f401xe.o(.text)
    I2C1_ER_IRQHandler                       0x0800028f   Thumb Code     0  startup_stm32f401xe.o(.text)
    I2C1_EV_IRQHandler                       0x0800028f   Thumb Code     0  startup_stm32f401xe.o(.text)
    I2C2_ER_IRQHandler                       0x0800028f   Thumb Code     0  startup_stm32f401xe.o(.text)
    I2C2_EV_IRQHandler                       0x0800028f   Thumb Code     0  startup_stm32f401xe.o(.text)
    I2C3_ER_IRQHandler                       0x0800028f   Thumb Code     0  startup_stm32f401xe.o(.text)
    I2C3_EV_IRQHandler                       0x0800028f   Thumb Code     0  startup_stm32f401xe.o(.text)
    OTG_FS_IRQHandler                        0x0800028f   Thumb Code     0  startup_stm32f401xe.o(.text)
    OTG_FS_WKUP_IRQHandler                   0x0800028f   Thumb Code     0  startup_stm32f401xe.o(.text)
    PVD_IRQHandler                           0x0800028f   Thumb Code     0  startup_stm32f401xe.o(.text)
    RCC_IRQHandler                           0x0800028f   Thumb Code     0  startup_stm32f401xe.o(.text)
    RTC_Alarm_IRQHandler                     0x0800028f   Thumb Code     0  startup_stm32f401xe.o(.text)
    RTC_WKUP_IRQHandler                      0x0800028f   Thumb Code     0  startup_stm32f401xe.o(.text)
    SDIO_IRQHandler                          0x0800028f   Thumb Code     0  startup_stm32f401xe.o(.text)
    SPI1_IRQHandler                          0x0800028f   Thumb Code     0  startup_stm32f401xe.o(.text)
    SPI2_IRQHandler                          0x0800028f   Thumb Code     0  startup_stm32f401xe.o(.text)
    SPI3_IRQHandler                          0x0800028f   Thumb Code     0  startup_stm32f401xe.o(.text)
    SPI4_IRQHandler                          0x0800028f   Thumb Code     0  startup_stm32f401xe.o(.text)
    TAMP_STAMP_IRQHandler                    0x0800028f   Thumb Code     0  startup_stm32f401xe.o(.text)
    TIM1_BRK_TIM9_IRQHandler                 0x0800028f   Thumb Code     0  startup_stm32f401xe.o(.text)
    TIM1_CC_IRQHandler                       0x0800028f   Thumb Code     0  startup_stm32f401xe.o(.text)
    TIM1_TRG_COM_TIM11_IRQHandler            0x0800028f   Thumb Code     0  startup_stm32f401xe.o(.text)
    TIM1_UP_TIM10_IRQHandler                 0x0800028f   Thumb Code     0  startup_stm32f401xe.o(.text)
    TIM5_IRQHandler                          0x0800028f   Thumb Code     0  startup_stm32f401xe.o(.text)
    USART1_IRQHandler                        0x0800028f   Thumb Code     0  startup_stm32f401xe.o(.text)
    USART2_IRQHandler                        0x0800028f   Thumb Code     0  startup_stm32f401xe.o(.text)
    USART6_IRQHandler                        0x0800028f   Thumb Code     0  startup_stm32f401xe.o(.text)
    WWDG_IRQHandler                          0x0800028f   Thumb Code     0  startup_stm32f401xe.o(.text)
    __user_initial_stackheap                 0x08000291   Thumb Code     0  startup_stm32f401xe.o(.text)
    __aeabi_uldivmod                         0x080002b5   Thumb Code     0  lludivv7m.o(.text)
    _ll_udiv                                 0x080002b5   Thumb Code   238  lludivv7m.o(.text)
    __2sprintf                               0x080003a5   Thumb Code    34  noretval__2sprintf.o(.text)
    __printf                                 0x080003cd   Thumb Code   104  __printf.o(.text)
    _printf_int_dec                          0x08000435   Thumb Code   104  _printf_dec.o(.text)
    srand                                    0x080004ad   Thumb Code    42  rand.o(.text)
    _rand_init                               0x080004d7   Thumb Code     4  rand.o(.text)
    __aeabi_memclr4                          0x080004e9   Thumb Code     0  rt_memclr_w.o(.text)
    __aeabi_memclr8                          0x080004e9   Thumb Code     0  rt_memclr_w.o(.text)
    __rt_memclr_w                            0x080004e9   Thumb Code    78  rt_memclr_w.o(.text)
    _memset_w                                0x080004ed   Thumb Code     0  rt_memclr_w.o(.text)
    __use_two_region_memory                  0x08000537   Thumb Code     2  heapauxi.o(.text)
    __rt_heap_escrow$2region                 0x08000539   Thumb Code     2  heapauxi.o(.text)
    __rt_heap_expand$2region                 0x0800053b   Thumb Code     2  heapauxi.o(.text)
    _printf_int_common                       0x0800053d   Thumb Code   178  _printf_intcommon.o(.text)
    _printf_char_common                      0x080005fb   Thumb Code    32  _printf_char_common.o(.text)
    _sputc                                   0x08000621   Thumb Code    10  _sputc.o(.text)
    __user_setup_stackheap                   0x0800062b   Thumb Code    74  sys_stackheap_outer.o(.text)
    exit                                     0x08000675   Thumb Code    18  exit.o(.text)
    __user_libspace                          0x08000689   Thumb Code     8  libspace.o(.text)
    __user_perproc_libspace                  0x08000689   Thumb Code     0  libspace.o(.text)
    __user_perthread_libspace                0x08000689   Thumb Code     0  libspace.o(.text)
    _sys_exit                                0x08000691   Thumb Code     8  sys_exit.o(.text)
    __I$use$semihosting                      0x0800069d   Thumb Code     0  use_no_semi.o(.text)
    __use_no_semihosting_swi                 0x0800069d   Thumb Code     2  use_no_semi.o(.text)
    BusFault_Handler                         0x0800069f   Thumb Code     2  stm32f4xx_it.o(i.BusFault_Handler)
    __semihosting_library_function           0x0800069f   Thumb Code     0  indicate_semi.o(.text)
    DebugMon_Handler                         0x080006a1   Thumb Code     2  stm32f4xx_it.o(i.DebugMon_Handler)
    EXTI15_10_IRQHandler                     0x080006a3   Thumb Code    30  stm32f4xx_it.o(i.EXTI15_10_IRQHandler)
    EXTI9_5_IRQHandler                       0x080006c1   Thumb Code     8  stm32f4xx_it.o(i.EXTI9_5_IRQHandler)
    HAL_Delay                                0x080006c9   Thumb Code    32  stm32f4xx_hal.o(i.HAL_Delay)
    HAL_GPIO_EXTI_Callback                   0x080006ed   Thumb Code   122  main.o(i.HAL_GPIO_EXTI_Callback)
    HAL_GPIO_EXTI_IRQHandler                 0x08000771   Thumb Code    18  stm32f4xx_hal_gpio.o(i.HAL_GPIO_EXTI_IRQHandler)
    HAL_GPIO_Init                            0x08000789   Thumb Code   446  stm32f4xx_hal_gpio.o(i.HAL_GPIO_Init)
    HAL_GPIO_ReadPin                         0x08000969   Thumb Code    10  stm32f4xx_hal_gpio.o(i.HAL_GPIO_ReadPin)
    HAL_GPIO_WritePin                        0x08000973   Thumb Code    10  stm32f4xx_hal_gpio.o(i.HAL_GPIO_WritePin)
    HAL_GetTick                              0x0800097d   Thumb Code     6  stm32f4xx_hal.o(i.HAL_GetTick)
    HAL_IncTick                              0x08000989   Thumb Code    12  stm32f4xx_hal.o(i.HAL_IncTick)
    HAL_Init                                 0x08000999   Thumb Code    48  stm32f4xx_hal.o(i.HAL_Init)
    HAL_InitTick                             0x080009cd   Thumb Code    54  stm32f4xx_hal.o(i.HAL_InitTick)
    HAL_MspInit                              0x08000a0d   Thumb Code    42  stm32f4xx_hal_msp.o(i.HAL_MspInit)
    HAL_NVIC_EnableIRQ                       0x08000a3d   Thumb Code    26  stm32f4xx_hal_cortex.o(i.HAL_NVIC_EnableIRQ)
    HAL_NVIC_SetPriority                     0x08000a59   Thumb Code    60  stm32f4xx_hal_cortex.o(i.HAL_NVIC_SetPriority)
    HAL_NVIC_SetPriorityGrouping             0x08000a99   Thumb Code    26  stm32f4xx_hal_cortex.o(i.HAL_NVIC_SetPriorityGrouping)
    HAL_RCC_ClockConfig                      0x08000abd   Thumb Code   288  stm32f4xx_hal_rcc.o(i.HAL_RCC_ClockConfig)
    HAL_RCC_GetSysClockFreq                  0x08000bf1   Thumb Code    88  stm32f4xx_hal_rcc.o(i.HAL_RCC_GetSysClockFreq)
    HAL_RCC_OscConfig                        0x08000c55   Thumb Code   856  stm32f4xx_hal_rcc.o(i.HAL_RCC_OscConfig)
    HAL_SYSTICK_Config                       0x08000fc1   Thumb Code    40  stm32f4xx_hal_cortex.o(i.HAL_SYSTICK_Config)
    HAL_TIMEx_BreakCallback                  0x08000fe9   Thumb Code     2  stm32f4xx_hal_tim_ex.o(i.HAL_TIMEx_BreakCallback)
    HAL_TIMEx_CommutCallback                 0x08000feb   Thumb Code     2  stm32f4xx_hal_tim_ex.o(i.HAL_TIMEx_CommutCallback)
    HAL_TIMEx_CommutHalfCpltCallback         0x08000fed   Thumb Code     2  stm32f4xx_hal_tim_ex.o(i.HAL_TIMEx_CommutHalfCpltCallback)
    HAL_TIMEx_MasterConfigSynchronization    0x08000ff1   Thumb Code   104  stm32f4xx_hal_tim_ex.o(i.HAL_TIMEx_MasterConfigSynchronization)
    HAL_TIM_Base_Init                        0x0800106d   Thumb Code   104  stm32f4xx_hal_tim.o(i.HAL_TIM_Base_Init)
    HAL_TIM_Base_MspInit                     0x080010d9   Thumb Code   178  stm32f4xx_hal_msp.o(i.HAL_TIM_Base_MspInit)
    HAL_TIM_Base_Start_IT                    0x0800119d   Thumb Code    88  stm32f4xx_hal_tim.o(i.HAL_TIM_Base_Start_IT)
    HAL_TIM_Base_Stop_IT                     0x08001209   Thumb Code    48  stm32f4xx_hal_tim.o(i.HAL_TIM_Base_Stop_IT)
    HAL_TIM_ConfigClockSource                0x08001239   Thumb Code   220  stm32f4xx_hal_tim.o(i.HAL_TIM_ConfigClockSource)
    HAL_TIM_ErrorCallback                    0x08001315   Thumb Code     2  stm32f4xx_hal_tim.o(i.HAL_TIM_ErrorCallback)
    HAL_TIM_IC_CaptureCallback               0x08001319   Thumb Code   174  main.o(i.HAL_TIM_IC_CaptureCallback)
    HAL_TIM_IC_CaptureHalfCpltCallback       0x080013d5   Thumb Code     2  stm32f4xx_hal_tim.o(i.HAL_TIM_IC_CaptureHalfCpltCallback)
    HAL_TIM_IC_ConfigChannel                 0x080013d7   Thumb Code   286  stm32f4xx_hal_tim.o(i.HAL_TIM_IC_ConfigChannel)
    HAL_TIM_IC_Init                          0x080014f5   Thumb Code   104  stm32f4xx_hal_tim.o(i.HAL_TIM_IC_Init)
    HAL_TIM_IC_MspInit                       0x08001561   Thumb Code     2  stm32f4xx_hal_tim.o(i.HAL_TIM_IC_MspInit)
    HAL_TIM_IC_Start_IT                      0x08001565   Thumb Code   228  stm32f4xx_hal_tim.o(i.HAL_TIM_IC_Start_IT)
    HAL_TIM_IRQHandler                       0x0800165d   Thumb Code   382  stm32f4xx_hal_tim.o(i.HAL_TIM_IRQHandler)
    HAL_TIM_MspPostInit                      0x080017dd   Thumb Code    68  stm32f4xx_hal_msp.o(i.HAL_TIM_MspPostInit)
    HAL_TIM_OC_DelayElapsedCallback          0x0800182d   Thumb Code     2  stm32f4xx_hal_tim.o(i.HAL_TIM_OC_DelayElapsedCallback)
    HAL_TIM_PWM_ConfigChannel                0x0800182f   Thumb Code   204  stm32f4xx_hal_tim.o(i.HAL_TIM_PWM_ConfigChannel)
    HAL_TIM_PWM_Init                         0x080018fd   Thumb Code   104  stm32f4xx_hal_tim.o(i.HAL_TIM_PWM_Init)
    HAL_TIM_PWM_MspInit                      0x08001969   Thumb Code     2  stm32f4xx_hal_tim.o(i.HAL_TIM_PWM_MspInit)
    HAL_TIM_PWM_PulseFinishedCallback        0x0800196b   Thumb Code     2  stm32f4xx_hal_tim.o(i.HAL_TIM_PWM_PulseFinishedCallback)
    HAL_TIM_PWM_PulseFinishedHalfCpltCallback 0x0800196d   Thumb Code     2  stm32f4xx_hal_tim.o(i.HAL_TIM_PWM_PulseFinishedHalfCpltCallback)
    HAL_TIM_PWM_Start                        0x08001971   Thumb Code   156  stm32f4xx_hal_tim.o(i.HAL_TIM_PWM_Start)
    HAL_TIM_PeriodElapsedCallback            0x08001a21   Thumb Code   118  main.o(i.HAL_TIM_PeriodElapsedCallback)
    HAL_TIM_PeriodElapsedHalfCpltCallback    0x08001aa1   Thumb Code     2  stm32f4xx_hal_tim.o(i.HAL_TIM_PeriodElapsedHalfCpltCallback)
    HAL_TIM_ReadCapturedValue                0x08001aa3   Thumb Code    42  stm32f4xx_hal_tim.o(i.HAL_TIM_ReadCapturedValue)
    HAL_TIM_TriggerCallback                  0x08001acd   Thumb Code     2  stm32f4xx_hal_tim.o(i.HAL_TIM_TriggerCallback)
    HAL_TIM_TriggerHalfCpltCallback          0x08001acf   Thumb Code     2  stm32f4xx_hal_tim.o(i.HAL_TIM_TriggerHalfCpltCallback)
    HardFault_Handler                        0x08001ad1   Thumb Code     2  stm32f4xx_it.o(i.HardFault_Handler)
    KEYPAD_check                             0x08001ad5   Thumb Code   464  main.o(i.KEYPAD_check)
    LCD_command                              0x08001ca9   Thumb Code   110  main.o(i.LCD_command)
    LCD_data                                 0x08001d21   Thumb Code   102  main.o(i.LCD_data)
    LCD_init                                 0x08001d91   Thumb Code    66  main.o(i.LCD_init)
    LED_FINAL_SHOW                           0x08001dd5   Thumb Code    60  main.o(i.LED_FINAL_SHOW)
    LED_random                               0x08001e19   Thumb Code    30  main.o(i.LED_random)
    LED_reset                                0x08001e3d   Thumb Code    52  main.o(i.LED_reset)
    LOOSER                                   0x08001e79   Thumb Code    90  main.o(i.LOOSER)
    MemManage_Handler                        0x080021b1   Thumb Code     2  stm32f4xx_it.o(i.MemManage_Handler)
    NMI_Handler                              0x080021b3   Thumb Code     2  stm32f4xx_it.o(i.NMI_Handler)
    PendSV_Handler                           0x080021b5   Thumb Code     2  stm32f4xx_it.o(i.PendSV_Handler)
    SEG_show                                 0x080021b9   Thumb Code   260  main.o(i.SEG_show)
    SVC_Handler                              0x080022c1   Thumb Code     2  stm32f4xx_it.o(i.SVC_Handler)
    SysTick_Handler                          0x080022c3   Thumb Code     4  stm32f4xx_it.o(i.SysTick_Handler)
    SystemClock_Config                       0x080022c9   Thumb Code   120  main.o(i.SystemClock_Config)
    SystemInit                               0x08002349   Thumb Code    12  system_stm32f4xx.o(i.SystemInit)
    TIM2_IRQHandler                          0x08002359   Thumb Code     6  stm32f4xx_it.o(i.TIM2_IRQHandler)
    TIM3_IRQHandler                          0x08002365   Thumb Code     6  stm32f4xx_it.o(i.TIM3_IRQHandler)
    TIM4_IRQHandler                          0x08002371   Thumb Code     6  stm32f4xx_it.o(i.TIM4_IRQHandler)
    TIM_Base_SetConfig                       0x0800237d   Thumb Code   122  stm32f4xx_hal_tim.o(i.TIM_Base_SetConfig)
    TIM_CCxChannelCmd                        0x08002415   Thumb Code    26  stm32f4xx_hal_tim.o(i.TIM_CCxChannelCmd)
    TIM_ETR_SetConfig                        0x0800242f   Thumb Code    20  stm32f4xx_hal_tim.o(i.TIM_ETR_SetConfig)
    TIM_OC2_SetConfig                        0x080024a5   Thumb Code    84  stm32f4xx_hal_tim.o(i.TIM_OC2_SetConfig)
    TIM_ResetCallback                        0x08002599   Thumb Code    56  stm32f4xx_hal_tim.o(i.TIM_ResetCallback)
    TIM_TI1_SetConfig                        0x08002629   Thumb Code    88  stm32f4xx_hal_tim.o(i.TIM_TI1_SetConfig)
    UsageFault_Handler                       0x080026ef   Thumb Code     2  stm32f4xx_it.o(i.UsageFault_Handler)
    WINNER                                   0x080026f1   Thumb Code    90  main.o(i.WINNER)
    checkInput                               0x08002779   Thumb Code    42  main.o(i.checkInput)
    checkStudentID                           0x080027a9   Thumb Code    68  main.o(i.checkStudentID)
    delayMs                                  0x080027f9   Thumb Code    24  main.o(i.delayMs)
    gameStart                                0x08002811   Thumb Code    44  main.o(i.gameStart)
    main                                     0x08002845   Thumb Code   330  main.o(i.main)
    showName                                 0x080029a5   Thumb Code    92  main.o(i.showName)
    showTime                                 0x08002a05   Thumb Code    46  main.o(i.showTime)
    _fp_init                                 0x08002a3d   Thumb Code    10  fpinit.o(x$fpl$fpinit)
    __fplib_config_fpu_vfp                   0x08002a45   Thumb Code     0  fpinit.o(x$fpl$fpinit)
    __fplib_config_pureend_doubles           0x08002a45   Thumb Code     0  fpinit.o(x$fpl$fpinit)
    AHBPrescTable                            0x08002a46   Data          16  system_stm32f4xx.o(.constdata)
    Region$$Table$$Base                      0x08002a58   Number         0  anon$$obj.o(Region$$Table)
    Region$$Table$$Limit                     0x08002a78   Number         0  anon$$obj.o(Region$$Table)
    studentID                                0x20000000   Data           4  main.o(.data)
    timeStart                                0x20000004   Data           4  main.o(.data)
    state                                    0x20000008   Data           4  main.o(.data)
    nameID                                   0x2000000c   Data           4  main.o(.data)
    name_upd                                 0x20000010   Data           4  main.o(.data)
    reset_pushed                             0x20000014   Data           4  main.o(.data)
    firstReset                               0x20000018   Data           4  main.o(.data)
    secondReset                              0x2000001c   Data           4  main.o(.data)
    difReset                                 0x20000020   Data           4  main.o(.data)
    resetCount_init                          0x20000024   Data           4  main.o(.data)
    myTime                                   0x20000028   Data           4  main.o(.data)
    endGame                                  0x2000002c   Data           4  main.o(.data)
    level                                    0x20000030   Data           4  main.o(.data)
    LED_status                               0x20000034   Data           4  main.o(.data)
    fault_num                                0x20000038   Data           4  main.o(.data)
    uwTickFreq                               0x2000003c   Data           1  stm32f4xx_hal.o(.data)
    uwTickPrio                               0x20000040   Data           4  stm32f4xx_hal.o(.data)
    uwTick                                   0x20000044   Data           4  stm32f4xx_hal.o(.data)
    SystemCoreClock                          0x20000048   Data           4  system_stm32f4xx.o(.data)
    htim2                                    0x2000004c   Data         180  main.o(.bss)
    htim3                                    0x20000100   Data         180  main.o(.bss)
    htim4                                    0x200001b4   Data         180  main.o(.bss)
    _random_number_data                      0x20000268   Data         228  rand.o(.bss)
    __libspace_start                         0x2000034c   Data          96  libspace.o(.bss)
    __temporary_stack_top$libspace           0x200003ac   Data           0  libspace.o(.bss)



==============================================================================

Memory Map of the image

  Image Entry point : 0x08000195

  Load Region LR_IROM1 (Base: 0x08000000, Size: 0x00002ac4, Max: 0x00080000, ABSOLUTE)

    Execution Region ER_IROM1 (Exec base: 0x08000000, Load base: 0x08000000, Size: 0x00002a78, Max: 0x00080000, ABSOLUTE)

    Exec Addr    Load Addr    Size         Type   Attr      Idx    E Section Name        Object

    0x08000000   0x08000000   0x00000194   Data   RO            3    RESET               startup_stm32f401xe.o
    0x08000194   0x08000194   0x00000008   Code   RO         2683  * !!!main             c_w.l(__main.o)
    0x0800019c   0x0800019c   0x00000034   Code   RO         2859    !!!scatter          c_w.l(__scatter.o)
    0x080001d0   0x080001d0   0x0000001a   Code   RO         2861    !!handler_copy      c_w.l(__scatter_copy.o)
    0x080001ea   0x080001ea   0x00000002   PAD
    0x080001ec   0x080001ec   0x0000001c   Code   RO         2863    !!handler_zi        c_w.l(__scatter_zi.o)
    0x08000208   0x08000208   0x00000000   Code   RO         2673    .ARM.Collect$$_printf_percent$$00000000  c_w.l(_printf_percent.o)
    0x08000208   0x08000208   0x00000006   Code   RO         2672    .ARM.Collect$$_printf_percent$$00000009  c_w.l(_printf_d.o)
    0x0800020e   0x0800020e   0x00000004   Code   RO         2696    .ARM.Collect$$_printf_percent$$00000017  c_w.l(_printf_percent_end.o)
    0x08000212   0x08000212   0x00000002   Code   RO         2782    .ARM.Collect$$libinit$$00000000  c_w.l(libinit.o)
    0x08000214   0x08000214   0x00000004   Code   RO         2697    .ARM.Collect$$libinit$$00000001  c_w.l(libinit2.o)
    0x08000218   0x08000218   0x00000000   Code   RO         2700    .ARM.Collect$$libinit$$00000004  c_w.l(libinit2.o)
    0x08000218   0x08000218   0x00000000   Code   RO         2703    .ARM.Collect$$libinit$$0000000A  c_w.l(libinit2.o)
    0x08000218   0x08000218   0x00000000   Code   RO         2705    .ARM.Collect$$libinit$$0000000C  c_w.l(libinit2.o)
    0x08000218   0x08000218   0x00000004   Code   RO         2706    .ARM.Collect$$libinit$$0000000D  c_w.l(libinit2.o)
    0x0800021c   0x0800021c   0x00000000   Code   RO         2707    .ARM.Collect$$libinit$$0000000E  c_w.l(libinit2.o)
    0x0800021c   0x0800021c   0x00000000   Code   RO         2710    .ARM.Collect$$libinit$$00000011  c_w.l(libinit2.o)
    0x0800021c   0x0800021c   0x00000000   Code   RO         2712    .ARM.Collect$$libinit$$00000013  c_w.l(libinit2.o)
    0x0800021c   0x0800021c   0x00000000   Code   RO         2714    .ARM.Collect$$libinit$$00000015  c_w.l(libinit2.o)
    0x0800021c   0x0800021c   0x00000000   Code   RO         2716    .ARM.Collect$$libinit$$00000017  c_w.l(libinit2.o)
    0x0800021c   0x0800021c   0x00000000   Code   RO         2718    .ARM.Collect$$libinit$$00000019  c_w.l(libinit2.o)
    0x0800021c   0x0800021c   0x00000000   Code   RO         2720    .ARM.Collect$$libinit$$0000001B  c_w.l(libinit2.o)
    0x0800021c   0x0800021c   0x00000000   Code   RO         2722    .ARM.Collect$$libinit$$0000001D  c_w.l(libinit2.o)
    0x0800021c   0x0800021c   0x00000000   Code   RO         2724    .ARM.Collect$$libinit$$0000001F  c_w.l(libinit2.o)
    0x0800021c   0x0800021c   0x00000000   Code   RO         2726    .ARM.Collect$$libinit$$00000021  c_w.l(libinit2.o)
    0x0800021c   0x0800021c   0x00000000   Code   RO         2728    .ARM.Collect$$libinit$$00000023  c_w.l(libinit2.o)
    0x0800021c   0x0800021c   0x00000000   Code   RO         2730    .ARM.Collect$$libinit$$00000025  c_w.l(libinit2.o)
    0x0800021c   0x0800021c   0x00000000   Code   RO         2734    .ARM.Collect$$libinit$$0000002C  c_w.l(libinit2.o)
    0x0800021c   0x0800021c   0x00000000   Code   RO         2736    .ARM.Collect$$libinit$$0000002E  c_w.l(libinit2.o)
    0x0800021c   0x0800021c   0x00000000   Code   RO         2738    .ARM.Collect$$libinit$$00000030  c_w.l(libinit2.o)
    0x0800021c   0x0800021c   0x00000000   Code   RO         2740    .ARM.Collect$$libinit$$00000032  c_w.l(libinit2.o)
    0x0800021c   0x0800021c   0x00000002   Code   RO         2741    .ARM.Collect$$libinit$$00000033  c_w.l(libinit2.o)
    0x0800021e   0x0800021e   0x00000002   Code   RO         2826    .ARM.Collect$$libshutdown$$00000000  c_w.l(libshutdown.o)
    0x08000220   0x08000220   0x00000000   Code   RO         2842    .ARM.Collect$$libshutdown$$00000002  c_w.l(libshutdown2.o)
    0x08000220   0x08000220   0x00000000   Code   RO         2844    .ARM.Collect$$libshutdown$$00000004  c_w.l(libshutdown2.o)
    0x08000220   0x08000220   0x00000000   Code   RO         2847    .ARM.Collect$$libshutdown$$00000007  c_w.l(libshutdown2.o)
    0x08000220   0x08000220   0x00000000   Code   RO         2850    .ARM.Collect$$libshutdown$$0000000A  c_w.l(libshutdown2.o)
    0x08000220   0x08000220   0x00000000   Code   RO         2852    .ARM.Collect$$libshutdown$$0000000C  c_w.l(libshutdown2.o)
    0x08000220   0x08000220   0x00000000   Code   RO         2855    .ARM.Collect$$libshutdown$$0000000F  c_w.l(libshutdown2.o)
    0x08000220   0x08000220   0x00000002   Code   RO         2856    .ARM.Collect$$libshutdown$$00000010  c_w.l(libshutdown2.o)
    0x08000222   0x08000222   0x00000000   Code   RO         2685    .ARM.Collect$$rtentry$$00000000  c_w.l(__rtentry.o)
    0x08000222   0x08000222   0x00000000   Code   RO         2743    .ARM.Collect$$rtentry$$00000002  c_w.l(__rtentry2.o)
    0x08000222   0x08000222   0x00000006   Code   RO         2755    .ARM.Collect$$rtentry$$00000004  c_w.l(__rtentry4.o)
    0x08000228   0x08000228   0x00000000   Code   RO         2745    .ARM.Collect$$rtentry$$00000009  c_w.l(__rtentry2.o)
    0x08000228   0x08000228   0x00000004   Code   RO         2746    .ARM.Collect$$rtentry$$0000000A  c_w.l(__rtentry2.o)
    0x0800022c   0x0800022c   0x00000000   Code   RO         2748    .ARM.Collect$$rtentry$$0000000C  c_w.l(__rtentry2.o)
    0x0800022c   0x0800022c   0x00000008   Code   RO         2749    .ARM.Collect$$rtentry$$0000000D  c_w.l(__rtentry2.o)
    0x08000234   0x08000234   0x00000002   Code   RO         2788    .ARM.Collect$$rtexit$$00000000  c_w.l(rtexit.o)
    0x08000236   0x08000236   0x00000000   Code   RO         2808    .ARM.Collect$$rtexit$$00000002  c_w.l(rtexit2.o)
    0x08000236   0x08000236   0x00000004   Code   RO         2809    .ARM.Collect$$rtexit$$00000003  c_w.l(rtexit2.o)
    0x0800023a   0x0800023a   0x00000006   Code   RO         2810    .ARM.Collect$$rtexit$$00000004  c_w.l(rtexit2.o)
    0x08000240   0x08000240   0x00000034   Code   RO         2674    .emb_text           c_w.l(rand.o)
    0x08000274   0x08000274   0x00000040   Code   RO            4    .text               startup_stm32f401xe.o
    0x080002b4   0x080002b4   0x000000ee   Code   RO         2642    .text               c_w.l(lludivv7m.o)
    0x080003a2   0x080003a2   0x00000002   PAD
    0x080003a4   0x080003a4   0x00000028   Code   RO         2646    .text               c_w.l(noretval__2sprintf.o)
    0x080003cc   0x080003cc   0x00000068   Code   RO         2648    .text               c_w.l(__printf.o)
    0x08000434   0x08000434   0x00000078   Code   RO         2650    .text               c_w.l(_printf_dec.o)
    0x080004ac   0x080004ac   0x0000003c   Code   RO         2675    .text               c_w.l(rand.o)
    0x080004e8   0x080004e8   0x0000004e   Code   RO         2679    .text               c_w.l(rt_memclr_w.o)
    0x08000536   0x08000536   0x00000006   Code   RO         2681    .text               c_w.l(heapauxi.o)
    0x0800053c   0x0800053c   0x000000b2   Code   RO         2690    .text               c_w.l(_printf_intcommon.o)
    0x080005ee   0x080005ee   0x00000002   PAD
    0x080005f0   0x080005f0   0x00000030   Code   RO         2692    .text               c_w.l(_printf_char_common.o)
    0x08000620   0x08000620   0x0000000a   Code   RO         2694    .text               c_w.l(_sputc.o)
    0x0800062a   0x0800062a   0x0000004a   Code   RO         2765    .text               c_w.l(sys_stackheap_outer.o)
    0x08000674   0x08000674   0x00000012   Code   RO         2767    .text               c_w.l(exit.o)
    0x08000686   0x08000686   0x00000002   PAD
    0x08000688   0x08000688   0x00000008   Code   RO         2785    .text               c_w.l(libspace.o)
    0x08000690   0x08000690   0x0000000c   Code   RO         2802    .text               c_w.l(sys_exit.o)
    0x0800069c   0x0800069c   0x00000002   Code   RO         2804    .text               c_w.l(use_no_semi.o)
    0x0800069e   0x0800069e   0x00000000   Code   RO         2806    .text               c_w.l(indicate_semi.o)
    0x0800069e   0x0800069e   0x00000002   Code   RO          286    i.BusFault_Handler  stm32f4xx_it.o
    0x080006a0   0x080006a0   0x00000002   Code   RO          287    i.DebugMon_Handler  stm32f4xx_it.o
    0x080006a2   0x080006a2   0x0000001e   Code   RO          288    i.EXTI15_10_IRQHandler  stm32f4xx_it.o
    0x080006c0   0x080006c0   0x00000008   Code   RO          289    i.EXTI9_5_IRQHandler  stm32f4xx_it.o
    0x080006c8   0x080006c8   0x00000024   Code   RO         2354    i.HAL_Delay         stm32f4xx_hal.o
    0x080006ec   0x080006ec   0x00000084   Code   RO           14    i.HAL_GPIO_EXTI_Callback  main.o
    0x08000770   0x08000770   0x00000018   Code   RO         1803    i.HAL_GPIO_EXTI_IRQHandler  stm32f4xx_hal_gpio.o
    0x08000788   0x08000788   0x000001e0   Code   RO         1804    i.HAL_GPIO_Init     stm32f4xx_hal_gpio.o
    0x08000968   0x08000968   0x0000000a   Code   RO         1806    i.HAL_GPIO_ReadPin  stm32f4xx_hal_gpio.o
    0x08000972   0x08000972   0x0000000a   Code   RO         1808    i.HAL_GPIO_WritePin  stm32f4xx_hal_gpio.o
    0x0800097c   0x0800097c   0x0000000c   Code   RO         2360    i.HAL_GetTick       stm32f4xx_hal.o
    0x08000988   0x08000988   0x00000010   Code   RO         2366    i.HAL_IncTick       stm32f4xx_hal.o
    0x08000998   0x08000998   0x00000034   Code   RO         2367    i.HAL_Init          stm32f4xx_hal.o
    0x080009cc   0x080009cc   0x00000040   Code   RO         2368    i.HAL_InitTick      stm32f4xx_hal.o
    0x08000a0c   0x08000a0c   0x00000030   Code   RO          392    i.HAL_MspInit       stm32f4xx_hal_msp.o
    0x08000a3c   0x08000a3c   0x0000001a   Code   RO         2217    i.HAL_NVIC_EnableIRQ  stm32f4xx_hal_cortex.o
    0x08000a56   0x08000a56   0x00000002   PAD
    0x08000a58   0x08000a58   0x00000040   Code   RO         2223    i.HAL_NVIC_SetPriority  stm32f4xx_hal_cortex.o
    0x08000a98   0x08000a98   0x00000024   Code   RO         2224    i.HAL_NVIC_SetPriorityGrouping  stm32f4xx_hal_cortex.o
    0x08000abc   0x08000abc   0x00000134   Code   RO         1426    i.HAL_RCC_ClockConfig  stm32f4xx_hal_rcc.o
    0x08000bf0   0x08000bf0   0x00000064   Code   RO         1435    i.HAL_RCC_GetSysClockFreq  stm32f4xx_hal_rcc.o
    0x08000c54   0x08000c54   0x0000036c   Code   RO         1438    i.HAL_RCC_OscConfig  stm32f4xx_hal_rcc.o
    0x08000fc0   0x08000fc0   0x00000028   Code   RO         2228    i.HAL_SYSTICK_Config  stm32f4xx_hal_cortex.o
    0x08000fe8   0x08000fe8   0x00000002   Code   RO         1158    i.HAL_TIMEx_BreakCallback  stm32f4xx_hal_tim_ex.o
    0x08000fea   0x08000fea   0x00000002   Code   RO         1159    i.HAL_TIMEx_CommutCallback  stm32f4xx_hal_tim_ex.o
    0x08000fec   0x08000fec   0x00000002   Code   RO         1160    i.HAL_TIMEx_CommutHalfCpltCallback  stm32f4xx_hal_tim_ex.o
    0x08000fee   0x08000fee   0x00000002   PAD
    0x08000ff0   0x08000ff0   0x0000007c   Code   RO         1177    i.HAL_TIMEx_MasterConfigSynchronization  stm32f4xx_hal_tim_ex.o
    0x0800106c   0x0800106c   0x0000006c   Code   RO          436    i.HAL_TIM_Base_Init  stm32f4xx_hal_tim.o
    0x080010d8   0x080010d8   0x000000c4   Code   RO          394    i.HAL_TIM_Base_MspInit  stm32f4xx_hal_msp.o
    0x0800119c   0x0800119c   0x0000006c   Code   RO          441    i.HAL_TIM_Base_Start_IT  stm32f4xx_hal_tim.o
    0x08001208   0x08001208   0x00000030   Code   RO          444    i.HAL_TIM_Base_Stop_IT  stm32f4xx_hal_tim.o
    0x08001238   0x08001238   0x000000dc   Code   RO          445    i.HAL_TIM_ConfigClockSource  stm32f4xx_hal_tim.o
    0x08001314   0x08001314   0x00000002   Code   RO          466    i.HAL_TIM_ErrorCallback  stm32f4xx_hal_tim.o
    0x08001316   0x08001316   0x00000002   PAD
    0x08001318   0x08001318   0x000000bc   Code   RO           15    i.HAL_TIM_IC_CaptureCallback  main.o
    0x080013d4   0x080013d4   0x00000002   Code   RO          471    i.HAL_TIM_IC_CaptureHalfCpltCallback  stm32f4xx_hal_tim.o
    0x080013d6   0x080013d6   0x0000011e   Code   RO          472    i.HAL_TIM_IC_ConfigChannel  stm32f4xx_hal_tim.o
    0x080014f4   0x080014f4   0x0000006c   Code   RO          475    i.HAL_TIM_IC_Init   stm32f4xx_hal_tim.o
    0x08001560   0x08001560   0x00000002   Code   RO          477    i.HAL_TIM_IC_MspInit  stm32f4xx_hal_tim.o
    0x08001562   0x08001562   0x00000002   PAD
    0x08001564   0x08001564   0x000000f8   Code   RO          480    i.HAL_TIM_IC_Start_IT  stm32f4xx_hal_tim.o
    0x0800165c   0x0800165c   0x0000017e   Code   RO          484    i.HAL_TIM_IRQHandler  stm32f4xx_hal_tim.o
    0x080017da   0x080017da   0x00000002   PAD
    0x080017dc   0x080017dc   0x00000050   Code   RO          395    i.HAL_TIM_MspPostInit  stm32f4xx_hal_msp.o
    0x0800182c   0x0800182c   0x00000002   Code   RO          487    i.HAL_TIM_OC_DelayElapsedCallback  stm32f4xx_hal_tim.o
    0x0800182e   0x0800182e   0x000000cc   Code   RO          508    i.HAL_TIM_PWM_ConfigChannel  stm32f4xx_hal_tim.o
    0x080018fa   0x080018fa   0x00000002   PAD
    0x080018fc   0x080018fc   0x0000006c   Code   RO          511    i.HAL_TIM_PWM_Init  stm32f4xx_hal_tim.o
    0x08001968   0x08001968   0x00000002   Code   RO          513    i.HAL_TIM_PWM_MspInit  stm32f4xx_hal_tim.o
    0x0800196a   0x0800196a   0x00000002   Code   RO          514    i.HAL_TIM_PWM_PulseFinishedCallback  stm32f4xx_hal_tim.o
    0x0800196c   0x0800196c   0x00000002   Code   RO          515    i.HAL_TIM_PWM_PulseFinishedHalfCpltCallback  stm32f4xx_hal_tim.o
    0x0800196e   0x0800196e   0x00000002   PAD
    0x08001970   0x08001970   0x000000b0   Code   RO          516    i.HAL_TIM_PWM_Start  stm32f4xx_hal_tim.o
    0x08001a20   0x08001a20   0x00000080   Code   RO           16    i.HAL_TIM_PeriodElapsedCallback  main.o
    0x08001aa0   0x08001aa0   0x00000002   Code   RO          523    i.HAL_TIM_PeriodElapsedHalfCpltCallback  stm32f4xx_hal_tim.o
    0x08001aa2   0x08001aa2   0x0000002a   Code   RO          524    i.HAL_TIM_ReadCapturedValue  stm32f4xx_hal_tim.o
    0x08001acc   0x08001acc   0x00000002   Code   RO          528    i.HAL_TIM_TriggerCallback  stm32f4xx_hal_tim.o
    0x08001ace   0x08001ace   0x00000002   Code   RO          529    i.HAL_TIM_TriggerHalfCpltCallback  stm32f4xx_hal_tim.o
    0x08001ad0   0x08001ad0   0x00000002   Code   RO          290    i.HardFault_Handler  stm32f4xx_it.o
    0x08001ad2   0x08001ad2   0x00000002   PAD
    0x08001ad4   0x08001ad4   0x000001d4   Code   RO           17    i.KEYPAD_check      main.o
    0x08001ca8   0x08001ca8   0x00000078   Code   RO           18    i.LCD_command       main.o
    0x08001d20   0x08001d20   0x00000070   Code   RO           19    i.LCD_data          main.o
    0x08001d90   0x08001d90   0x00000042   Code   RO           20    i.LCD_init          main.o
    0x08001dd2   0x08001dd2   0x00000002   PAD
    0x08001dd4   0x08001dd4   0x00000044   Code   RO           21    i.LED_FINAL_SHOW    main.o
    0x08001e18   0x08001e18   0x00000024   Code   RO           22    i.LED_random        main.o
    0x08001e3c   0x08001e3c   0x0000003c   Code   RO           23    i.LED_reset         main.o
    0x08001e78   0x08001e78   0x00000068   Code   RO           24    i.LOOSER            main.o
    0x08001ee0   0x08001ee0   0x00000138   Code   RO           25    i.MX_GPIO_Init      main.o
    0x08002018   0x08002018   0x00000064   Code   RO           26    i.MX_TIM2_Init      main.o
    0x0800207c   0x0800207c   0x000000cc   Code   RO           27    i.MX_TIM3_Init      main.o
    0x08002148   0x08002148   0x00000068   Code   RO           28    i.MX_TIM4_Init      main.o
    0x080021b0   0x080021b0   0x00000002   Code   RO          291    i.MemManage_Handler  stm32f4xx_it.o
    0x080021b2   0x080021b2   0x00000002   Code   RO          292    i.NMI_Handler       stm32f4xx_it.o
    0x080021b4   0x080021b4   0x00000002   Code   RO          293    i.PendSV_Handler    stm32f4xx_it.o
    0x080021b6   0x080021b6   0x00000002   PAD
    0x080021b8   0x080021b8   0x00000108   Code   RO           29    i.SEG_show          main.o
    0x080022c0   0x080022c0   0x00000002   Code   RO          294    i.SVC_Handler       stm32f4xx_it.o
    0x080022c2   0x080022c2   0x00000004   Code   RO          295    i.SysTick_Handler   stm32f4xx_it.o
    0x080022c6   0x080022c6   0x00000002   PAD
    0x080022c8   0x080022c8   0x00000080   Code   RO           30    i.SystemClock_Config  main.o
    0x08002348   0x08002348   0x00000010   Code   RO         2606    i.SystemInit        system_stm32f4xx.o
    0x08002358   0x08002358   0x0000000c   Code   RO          296    i.TIM2_IRQHandler   stm32f4xx_it.o
    0x08002364   0x08002364   0x0000000c   Code   RO          297    i.TIM3_IRQHandler   stm32f4xx_it.o
    0x08002370   0x08002370   0x0000000c   Code   RO          298    i.TIM4_IRQHandler   stm32f4xx_it.o
    0x0800237c   0x0800237c   0x00000098   Code   RO          531    i.TIM_Base_SetConfig  stm32f4xx_hal_tim.o
    0x08002414   0x08002414   0x0000001a   Code   RO          532    i.TIM_CCxChannelCmd  stm32f4xx_hal_tim.o
    0x0800242e   0x0800242e   0x00000014   Code   RO          542    i.TIM_ETR_SetConfig  stm32f4xx_hal_tim.o
    0x08002442   0x08002442   0x00000010   Code   RO          543    i.TIM_ITRx_SetConfig  stm32f4xx_hal_tim.o
    0x08002452   0x08002452   0x00000002   PAD
    0x08002454   0x08002454   0x00000050   Code   RO          544    i.TIM_OC1_SetConfig  stm32f4xx_hal_tim.o
    0x080024a4   0x080024a4   0x00000058   Code   RO          545    i.TIM_OC2_SetConfig  stm32f4xx_hal_tim.o
    0x080024fc   0x080024fc   0x00000058   Code   RO          546    i.TIM_OC3_SetConfig  stm32f4xx_hal_tim.o
    0x08002554   0x08002554   0x00000044   Code   RO          547    i.TIM_OC4_SetConfig  stm32f4xx_hal_tim.o
    0x08002598   0x08002598   0x0000006c   Code   RO          548    i.TIM_ResetCallback  stm32f4xx_hal_tim.o
    0x08002604   0x08002604   0x00000022   Code   RO          550    i.TIM_TI1_ConfigInputStage  stm32f4xx_hal_tim.o
    0x08002626   0x08002626   0x00000002   PAD
    0x08002628   0x08002628   0x0000006c   Code   RO          551    i.TIM_TI1_SetConfig  stm32f4xx_hal_tim.o
    0x08002694   0x08002694   0x00000024   Code   RO          552    i.TIM_TI2_ConfigInputStage  stm32f4xx_hal_tim.o
    0x080026b8   0x080026b8   0x00000036   Code   RO          553    i.TIM_TI2_SetConfig  stm32f4xx_hal_tim.o
    0x080026ee   0x080026ee   0x00000002   Code   RO          299    i.UsageFault_Handler  stm32f4xx_it.o
    0x080026f0   0x080026f0   0x00000068   Code   RO           31    i.WINNER            main.o
    0x08002758   0x08002758   0x00000020   Code   RO         2230    i.__NVIC_SetPriority  stm32f4xx_hal_cortex.o
    0x08002778   0x08002778   0x00000030   Code   RO           32    i.checkInput        main.o
    0x080027a8   0x080027a8   0x00000050   Code   RO           33    i.checkStudentID    main.o
    0x080027f8   0x080027f8   0x00000018   Code   RO           34    i.delayMs           main.o
    0x08002810   0x08002810   0x00000034   Code   RO           35    i.gameStart         main.o
    0x08002844   0x08002844   0x00000160   Code   RO           36    i.main              main.o
    0x080029a4   0x080029a4   0x00000060   Code   RO           37    i.showName          main.o
    0x08002a04   0x08002a04   0x00000038   Code   RO           38    i.showTime          main.o
    0x08002a3c   0x08002a3c   0x0000000a   Code   RO         2763    x$fpl$fpinit        fz_wm.l(fpinit.o)
    0x08002a46   0x08002a46   0x00000010   Data   RO         2607    .constdata          system_stm32f4xx.o
    0x08002a56   0x08002a56   0x00000002   PAD
    0x08002a58   0x08002a58   0x00000020   Data   RO         2857    Region$$Table       anon$$obj.o


    Execution Region RW_IRAM1 (Exec base: 0x20000000, Load base: 0x08002a78, Size: 0x000009b0, Max: 0x00018000, ABSOLUTE)

    Exec Addr    Load Addr    Size         Type   Attr      Idx    E Section Name        Object

    0x20000000   0x08002a78   0x0000003c   Data   RW           40    .data               main.o
    0x2000003c   0x08002ab4   0x0000000c   Data   RW         2374    .data               stm32f4xx_hal.o
    0x20000048   0x08002ac0   0x00000004   Data   RW         2609    .data               system_stm32f4xx.o
    0x2000004c        -       0x0000021c   Zero   RW           39    .bss                main.o
    0x20000268        -       0x000000e4   Zero   RW         2676    .bss                c_w.l(rand.o)
    0x2000034c        -       0x00000060   Zero   RW         2786    .bss                c_w.l(libspace.o)
    0x200003ac   0x08002ac4   0x00000004   PAD
    0x200003b0        -       0x00000200   Zero   RW            2    HEAP                startup_stm32f401xe.o
    0x200005b0        -       0x00000400   Zero   RW            1    STACK               startup_stm32f401xe.o


==============================================================================

Image component sizes


      Code (inc. data)   RO Data    RW Data    ZI Data      Debug   Object Name

      3406        220          0         60        540     428523   main.o
        64         26        404          0       1536        876   startup_stm32f401xe.o
       180         28          0         12          0       9525   stm32f4xx_hal.o
       198         14          0          0          0      34139   stm32f4xx_hal_cortex.o
       524         40          0          0          0       3618   stm32f4xx_hal_gpio.o
       324         36          0          0          0       2539   stm32f4xx_hal_msp.o
      1284         52          0          0          0       4178   stm32f4xx_hal_rcc.o
      2936        194          0          0          0      27239   stm32f4xx_hal_tim.o
       130         20          0          0          0       3180   stm32f4xx_hal_tim_ex.o
        94         18          0          0          0       6992   stm32f4xx_it.o
        16          4         16          4          0       1223   system_stm32f4xx.o

    ----------------------------------------------------------------------
      9182        652        454         76       2076     522032   Object Totals
         0          0         32          0          0          0   (incl. Generated)
        26          0          2          0          0          0   (incl. Padding)

    ----------------------------------------------------------------------

      Code (inc. data)   RO Data    RW Data    ZI Data      Debug   Library Member Name

         8          0          0          0          0         68   __main.o
       104          0          0          0          0         84   __printf.o
         0          0          0          0          0          0   __rtentry.o
        12          0          0          0          0          0   __rtentry2.o
         6          0          0          0          0          0   __rtentry4.o
        52          8          0          0          0          0   __scatter.o
        26          0          0          0          0          0   __scatter_copy.o
        28          0          0          0          0          0   __scatter_zi.o
        48          6          0          0          0         96   _printf_char_common.o
         6          0          0          0          0          0   _printf_d.o
       120         16          0          0          0         92   _printf_dec.o
       178          0          0          0          0         88   _printf_intcommon.o
         0          0          0          0          0          0   _printf_percent.o
         4          0          0          0          0          0   _printf_percent_end.o
        10          0          0          0          0         68   _sputc.o
        18          0          0          0          0         80   exit.o
         6          0          0          0          0        152   heapauxi.o
         0          0          0          0          0          0   indicate_semi.o
         2          0          0          0          0          0   libinit.o
        10          0          0          0          0          0   libinit2.o
         2          0          0          0          0          0   libshutdown.o
         2          0          0          0          0          0   libshutdown2.o
         8          4          0          0         96         68   libspace.o
       238          0          0          0          0        100   lludivv7m.o
        40          6          0          0          0         84   noretval__2sprintf.o
       112         18          0          0        228        160   rand.o
        78          0          0          0          0         80   rt_memclr_w.o
         2          0          0          0          0          0   rtexit.o
        10          0          0          0          0          0   rtexit2.o
        12          4          0          0          0         68   sys_exit.o
        74          0          0          0          0         80   sys_stackheap_outer.o
         2          0          0          0          0         68   use_no_semi.o
        10          0          0          0          0        116   fpinit.o

    ----------------------------------------------------------------------
      1236         62          0          0        328       1552   Library Totals
         8          0          0          0          4          0   (incl. Padding)

    ----------------------------------------------------------------------

      Code (inc. data)   RO Data    RW Data    ZI Data      Debug   Library Name

      1218         62          0          0        324       1436   c_w.l
        10          0          0          0          0        116   fz_wm.l

    ----------------------------------------------------------------------
      1236         62          0          0        328       1552   Library Totals

    ----------------------------------------------------------------------

==============================================================================


      Code (inc. data)   RO Data    RW Data    ZI Data      Debug   

     10418        714        454         76       2404     513708   Grand Totals
     10418        714        454         76       2404     513708   ELF Image Totals
     10418        714        454         76          0          0   ROM Totals

==============================================================================

    Total RO  Size (Code + RO Data)                10872 (  10.62kB)
    Total RW  Size (RW Data + ZI Data)              2480 (   2.42kB)
    Total ROM Size (Code + RO Data + RW Data)      10948 (  10.69kB)

==============================================================================

