<html>
<body>
<pre>
<h1>µVision Build Log</h1>
<h2>Tool Versions:</h2>
IDE-Version: µVision V5.31.0.0
Copyright (C) 2020 ARM Ltd and ARM Germany GmbH. All rights reserved.
License Information: DOWNLOADLY.IR DOWNLOADLY.IR, WwW.DownLoadly.iR, LIC=LJWP0-BHB2A-68BFC-7Q69F-XXRRU-7KU4G
 
Tool Versions:
Toolchain:       MDK-ARM Professional  Version: 5.31.0.0
Toolchain Path:  C:\Keil_v5\ARM\ARMCLANG\Bin
C Compiler:      ArmClang.exe V6.14
Assembler:       Armasm.exe V6.14
Linker/Locator:  ArmLink.exe V6.14
Library Manager: ArmAr.exe V6.14
Hex Converter:   FromElf.exe V6.14
CPU DLL:         SARMCM3.DLL V5.31.0.0
Dialog DLL:      DCM.DLL V1.17.3.0
Target DLL:      UL2CM3.DLL V1.163.4.0
Dialog DLL:      TCM.DLL V1.46.0.0
 
<h2>Project:</h2>
C:\Users\Mohammadreza Amini\Documents\microLab\LAB8\Q1\KEIL\LAB9_1.uvprojx
Project File Date:  04/29/2022

<h2>Output:</h2>
*** Using Compiler 'V6.14', folder: 'C:\Keil_v5\ARM\ARMCLANG\Bin'
Build target 'Target 1'
LAB8_1.c(2): warning: non-portable path to file '"stm32f4xx.h"'; specified path differs in case from file name on disk [-Wnonportable-include-path]
#include "stm32F4xx.h"
         ^~~~~~~~~~~~~
         "stm32f4xx.h"
LAB8_1.c(13): warning: no previous extern declaration for non-static variable 'LM35_TMP' [-Wmissing-variable-declarations]
int LM35_TMP = 0;
    ^
LAB8_1.c(13): note: declare 'static' if the variable is not intended to be used outside of this translation unit
int LM35_TMP = 0;
^
LAB8_1.c(24): warning: empty expression statement has no effect; remove unnecessary ';' to silence this warning [-Wextra-semi-stmt]
        ADC1->CR2 |= ADC_CAPTURE_INIT; // start adc input
                                     ^
LAB8_1.c(28): warning: implicit conversion changes signedness: 'volatile uint32_t' (aka 'volatile unsigned int') to 'int' [-Wsign-conversion]
        int result = ADC1->DR; /* read conversion result */
            ~~~~~~   ~~~~~~^~
LAB8_1.c(29): warning: implicit conversion turns floating-point number into integer: 'double' to 'int' [-Wfloat-conversion]
        LM35_TMP = (double)result * 500 / 4095;
                 ~ ~~~~~~~~~~~~~~~~~~~~~^~~~~~
LAB8_1.c(63): warning: empty expression statement has no effect; remove unnecessary ';' to silence this warning [-Wextra-semi-stmt]
    ADC1->SQR3 = MY_ADC_CHANNEL; // conversion ch 15 (pc5)
                               ^
LAB8_1.c(96): warning: no newline at end of file [-Wnewline-eof]
}
 ^
7 warnings generated.
compiling LAB8_1.c...
linking...
Program Size: Code=2652 RO-data=420 RW-data=0 ZI-data=1640  
FromELF: creating hex file...
".\Objects\LAB9_1.axf" - 0 Error(s), 7 Warning(s).

<h2>Software Packages used:</h2>

Package Vendor: ARM
                http://www.keil.com/pack/ARM.CMSIS.5.8.0.pack
                ARM.CMSIS.5.8.0
                CMSIS (Common Microcontroller Software Interface Standard)
   * Component: CORE Version: 5.5.0

Package Vendor: Keil
                http://www.keil.com/pack/Keil.STM32F4xx_DFP.2.16.0.pack
                Keil.STM32F4xx_DFP.2.16.0
                STMicroelectronics STM32F4 Series Device Support, Drivers and Examples
   * Component: Startup Version: 2.6.3

<h2>Collection of Component include folders:</h2>
  .\RTE\_Target_1
  C:\Users\Mohammadreza Amini\AppData\Local\Arm\Packs\ARM\CMSIS\5.8.0\CMSIS\Core\Include
  C:\Users\Mohammadreza Amini\AppData\Local\Arm\Packs\Keil\STM32F4xx_DFP\2.16.0\Drivers\CMSIS\Device\ST\STM32F4xx\Include

<h2>Collection of Component Files used:</h2>

   * Component: ARM::CMSIS:CORE:5.5.0

   * Component: Keil::Device:Startup:2.6.3
      Source file:   MDK\Device\Source\ARM\STM32F401xx_OPT.s
      Include file:  Drivers\CMSIS\Device\ST\STM32F4xx\Include\stm32f4xx.h
      Source file:   Drivers\CMSIS\Device\ST\STM32F4xx\Source\Templates\arm\startup_stm32f401xe.s
      Source file:   MDK\Device\Source\ARM\STM32F4xx_OTP.s
      Source file:   Drivers\CMSIS\Device\ST\STM32F4xx\Source\Templates\system_stm32f4xx.c
Build Time Elapsed:  00:00:01
</pre>
</body>
</html>
