Component: ARM Compiler 5.06 update 6 (build 750) Tool: armlink [4d35ed]

==============================================================================

Section Cross References

    startup_stm32f401xe.o(STACK) refers (Special) to heapauxi.o(.text) for __use_two_region_memory
    startup_stm32f401xe.o(HEAP) refers (Special) to heapauxi.o(.text) for __use_two_region_memory
    startup_stm32f401xe.o(RESET) refers (Special) to heapauxi.o(.text) for __use_two_region_memory
    startup_stm32f401xe.o(RESET) refers to startup_stm32f401xe.o(STACK) for __initial_sp
    startup_stm32f401xe.o(RESET) refers to startup_stm32f401xe.o(.text) for Reset_Handler
    startup_stm32f401xe.o(RESET) refers to stm32f4xx_it.o(i.NMI_Handler) for NMI_Handler
    startup_stm32f401xe.o(RESET) refers to stm32f4xx_it.o(i.HardFault_Handler) for HardFault_Handler
    startup_stm32f401xe.o(RESET) refers to stm32f4xx_it.o(i.MemManage_Handler) for MemManage_Handler
    startup_stm32f401xe.o(RESET) refers to stm32f4xx_it.o(i.BusFault_Handler) for BusFault_Handler
    startup_stm32f401xe.o(RESET) refers to stm32f4xx_it.o(i.UsageFault_Handler) for UsageFault_Handler
    startup_stm32f401xe.o(RESET) refers to stm32f4xx_it.o(i.SVC_Handler) for SVC_Handler
    startup_stm32f401xe.o(RESET) refers to stm32f4xx_it.o(i.DebugMon_Handler) for DebugMon_Handler
    startup_stm32f401xe.o(RESET) refers to stm32f4xx_it.o(i.PendSV_Handler) for PendSV_Handler
    startup_stm32f401xe.o(RESET) refers to stm32f4xx_it.o(i.SysTick_Handler) for SysTick_Handler
    startup_stm32f401xe.o(RESET) refers to stm32f4xx_it.o(i.TIM3_IRQHandler) for TIM3_IRQHandler
    startup_stm32f401xe.o(RESET) refers to stm32f4xx_it.o(i.EXTI15_10_IRQHandler) for EXTI15_10_IRQHandler
    startup_stm32f401xe.o(.text) refers (Special) to heapauxi.o(.text) for __use_two_region_memory
    startup_stm32f401xe.o(.text) refers to system_stm32f4xx.o(i.SystemInit) for SystemInit
    startup_stm32f401xe.o(.text) refers to __main.o(!!!main) for __main
    startup_stm32f401xe.o(.text) refers to startup_stm32f401xe.o(HEAP) for Heap_Mem
    startup_stm32f401xe.o(.text) refers to startup_stm32f401xe.o(STACK) for Stack_Mem
    main.o(i.ADC_Select_CH2) refers to stm32f4xx_hal_adc.o(i.HAL_ADC_ConfigChannel) for HAL_ADC_ConfigChannel
    main.o(i.ADC_Select_CH2) refers to stm32f4xx_hal_adc.o(i.HAL_ADC_Init) for HAL_ADC_Init
    main.o(i.ADC_Select_CH2) refers to main.o(.bss) for .bss
    main.o(i.ADC_Select_CH4) refers to stm32f4xx_hal_adc.o(i.HAL_ADC_ConfigChannel) for HAL_ADC_ConfigChannel
    main.o(i.ADC_Select_CH4) refers to stm32f4xx_hal_adc.o(i.HAL_ADC_Init) for HAL_ADC_Init
    main.o(i.ADC_Select_CH4) refers to main.o(.bss) for .bss
    main.o(i.BCDTo7SegDec) refers to stm32f4xx_hal_gpio.o(i.HAL_GPIO_WritePin) for HAL_GPIO_WritePin
    main.o(i.HAL_GPIO_EXTI_Callback) refers to stm32f4xx_hal_gpio.o(i.HAL_GPIO_WritePin) for HAL_GPIO_WritePin
    main.o(i.HAL_GPIO_EXTI_Callback) refers to stm32f4xx_hal_tim.o(i.HAL_TIM_Base_Start_IT) for HAL_TIM_Base_Start_IT
    main.o(i.HAL_GPIO_EXTI_Callback) refers to main.o(.data) for .data
    main.o(i.HAL_GPIO_EXTI_Callback) refers to main.o(.bss) for .bss
    main.o(i.HAL_TIM_PeriodElapsedCallback) refers to stm32f4xx_hal_gpio.o(i.HAL_GPIO_WritePin) for HAL_GPIO_WritePin
    main.o(i.HAL_TIM_PeriodElapsedCallback) refers to main.o(i.reset_SEG) for reset_SEG
    main.o(i.HAL_TIM_PeriodElapsedCallback) refers to stm32f4xx_hal_tim.o(i.HAL_TIM_Base_Stop_IT) for HAL_TIM_Base_Stop_IT
    main.o(i.HAL_TIM_PeriodElapsedCallback) refers to main.o(i.ADC_Select_CH2) for ADC_Select_CH2
    main.o(i.HAL_TIM_PeriodElapsedCallback) refers to main.o(i.LM35_temp) for LM35_temp
    main.o(i.HAL_TIM_PeriodElapsedCallback) refers to main.o(.data) for .data
    main.o(i.HAL_TIM_PeriodElapsedCallback) refers to main.o(.bss) for .bss
    main.o(i.LM35_temp) refers to stm32f4xx_hal_adc.o(i.HAL_ADC_Start) for HAL_ADC_Start
    main.o(i.LM35_temp) refers to stm32f4xx_hal_adc.o(i.HAL_ADC_PollForConversion) for HAL_ADC_PollForConversion
    main.o(i.LM35_temp) refers to stm32f4xx_hal_adc.o(i.HAL_ADC_GetValue) for HAL_ADC_GetValue
    main.o(i.LM35_temp) refers to dflt_clz.o(x$fpl$dfltu) for __aeabi_ui2d
    main.o(i.LM35_temp) refers to dmul.o(x$fpl$dmul) for __aeabi_dmul
    main.o(i.LM35_temp) refers to ddiv.o(x$fpl$ddiv) for __aeabi_ddiv
    main.o(i.LM35_temp) refers to dfixu.o(x$fpl$dfixu) for __aeabi_d2uiz
    main.o(i.LM35_temp) refers to main.o(.bss) for .bss
    main.o(i.MX_ADC1_Init) refers to stm32f4xx_hal_adc.o(i.HAL_ADC_Init) for HAL_ADC_Init
    main.o(i.MX_ADC1_Init) refers to stm32f4xx_hal_adc.o(i.HAL_ADC_ConfigChannel) for HAL_ADC_ConfigChannel
    main.o(i.MX_ADC1_Init) refers to main.o(.bss) for .bss
    main.o(i.MX_GPIO_Init) refers to rt_memclr_w.o(.text) for __aeabi_memclr4
    main.o(i.MX_GPIO_Init) refers to stm32f4xx_hal_gpio.o(i.HAL_GPIO_WritePin) for HAL_GPIO_WritePin
[...]
    Removing stm32f4xx_hal_tim.o(i.HAL_TIM_DMABurst_MultiWriteStart), (332 bytes).
    Removing stm32f4xx_hal_tim.o(i.HAL_TIM_DMABurst_ReadStart), (18 bytes).
    Removing stm32f4xx_hal_tim.o(i.HAL_TIM_DMABurst_ReadStop), (106 bytes).
    Removing stm32f4xx_hal_tim.o(i.HAL_TIM_DMABurst_WriteStart), (18 bytes).
    Removing stm32f4xx_hal_tim.o(i.HAL_TIM_DMABurst_WriteStop), (106 bytes).
    Removing stm32f4xx_hal_tim.o(i.HAL_TIM_Encoder_DeInit), (88 bytes).
    Removing stm32f4xx_hal_tim.o(i.HAL_TIM_Encoder_GetState), (6 bytes).
    Removing stm32f4xx_hal_tim.o(i.HAL_TIM_Encoder_Init), (184 bytes).
    Removing stm32f4xx_hal_tim.o(i.HAL_TIM_Encoder_MspDeInit), (2 bytes).
    Removing stm32f4xx_hal_tim.o(i.HAL_TIM_Encoder_MspInit), (2 bytes).
    Removing stm32f4xx_hal_tim.o(i.HAL_TIM_Encoder_Start), (142 bytes).
    Removing stm32f4xx_hal_tim.o(i.HAL_TIM_Encoder_Start_DMA), (428 bytes).
    Removing stm32f4xx_hal_tim.o(i.HAL_TIM_Encoder_Start_IT), (182 bytes).
    Removing stm32f4xx_hal_tim.o(i.HAL_TIM_Encoder_Stop), (102 bytes).
    Removing stm32f4xx_hal_tim.o(i.HAL_TIM_Encoder_Stop_DMA), (172 bytes).
    Removing stm32f4xx_hal_tim.o(i.HAL_TIM_Encoder_Stop_IT), (144 bytes).
    Removing stm32f4xx_hal_tim.o(i.HAL_TIM_GenerateEvent), (38 bytes).
    Removing stm32f4xx_hal_tim.o(i.HAL_TIM_GetActiveChannel), (4 bytes).
    Removing stm32f4xx_hal_tim.o(i.HAL_TIM_GetChannelState), (34 bytes).
    Removing stm32f4xx_hal_tim.o(i.HAL_TIM_IC_ConfigChannel), (286 bytes).
    Removing stm32f4xx_hal_tim.o(i.HAL_TIM_IC_DeInit), (104 bytes).
    Removing stm32f4xx_hal_tim.o(i.HAL_TIM_IC_GetState), (6 bytes).
    Removing stm32f4xx_hal_tim.o(i.HAL_TIM_IC_Init), (108 bytes).
    Removing stm32f4xx_hal_tim.o(i.HAL_TIM_IC_MspDeInit), (2 bytes).
    Removing stm32f4xx_hal_tim.o(i.HAL_TIM_IC_MspInit), (2 bytes).
    Removing stm32f4xx_hal_tim.o(i.HAL_TIM_IC_Start), (204 bytes).
    Removing stm32f4xx_hal_tim.o(i.HAL_TIM_IC_Start_DMA), (436 bytes).
    Removing stm32f4xx_hal_tim.o(i.HAL_TIM_IC_Start_IT), (248 bytes).
    Removing stm32f4xx_hal_tim.o(i.HAL_TIM_IC_Stop), (82 bytes).
    Removing stm32f4xx_hal_tim.o(i.HAL_TIM_IC_Stop_DMA), (160 bytes).
    Removing stm32f4xx_hal_tim.o(i.HAL_TIM_IC_Stop_IT), (146 bytes).
    Removing stm32f4xx_hal_tim.o(i.HAL_TIM_OC_ConfigChannel), (82 bytes).
    Removing stm32f4xx_hal_tim.o(i.HAL_TIM_OC_DeInit), (104 bytes).
    Removing stm32f4xx_hal_tim.o(i.HAL_TIM_OC_GetState), (6 bytes).
    Removing stm32f4xx_hal_tim.o(i.HAL_TIM_OC_Init), (108 bytes).
    Removing stm32f4xx_hal_tim.o(i.HAL_TIM_OC_MspDeInit), (2 bytes).
    Removing stm32f4xx_hal_tim.o(i.HAL_TIM_OC_MspInit), (2 bytes).
    Removing stm32f4xx_hal_tim.o(i.HAL_TIM_OC_Start), (176 bytes).
    Removing stm32f4xx_hal_tim.o(i.HAL_TIM_OC_Start_DMA), (420 bytes).
    Removing stm32f4xx_hal_tim.o(i.HAL_TIM_OC_Start_IT), (220 bytes).
    Removing stm32f4xx_hal_tim.o(i.HAL_TIM_OC_Stop), (112 bytes).
    Removing stm32f4xx_hal_tim.o(i.HAL_TIM_OC_Stop_DMA), (196 bytes).
    Removing stm32f4xx_hal_tim.o(i.HAL_TIM_OC_Stop_IT), (176 bytes).
    Removing stm32f4xx_hal_tim.o(i.HAL_TIM_OnePulse_ConfigChannel), (230 bytes).
    Removing stm32f4xx_hal_tim.o(i.HAL_TIM_OnePulse_DeInit), (88 bytes).
    Removing stm32f4xx_hal_tim.o(i.HAL_TIM_OnePulse_GetState), (6 bytes).
    Removing stm32f4xx_hal_tim.o(i.HAL_TIM_OnePulse_Init), (104 bytes).
    Removing stm32f4xx_hal_tim.o(i.HAL_TIM_OnePulse_MspDeInit), (2 bytes).
    Removing stm32f4xx_hal_tim.o(i.HAL_TIM_OnePulse_MspInit), (2 bytes).
    Removing stm32f4xx_hal_tim.o(i.HAL_TIM_OnePulse_Start), (104 bytes).
    Removing stm32f4xx_hal_tim.o(i.HAL_TIM_OnePulse_Start_IT), (124 bytes).
    Removing stm32f4xx_hal_tim.o(i.HAL_TIM_OnePulse_Stop), (100 bytes).
    Removing stm32f4xx_hal_tim.o(i.HAL_TIM_OnePulse_Stop_IT), (120 bytes).
    Removing stm32f4xx_hal_tim.o(i.HAL_TIM_PWM_DeInit), (104 bytes).
    Removing stm32f4xx_hal_tim.o(i.HAL_TIM_PWM_GetState), (6 bytes).
    Removing stm32f4xx_hal_tim.o(i.HAL_TIM_PWM_MspDeInit), (2 bytes).
    Removing stm32f4xx_hal_tim.o(i.HAL_TIM_PWM_Start), (176 bytes).
    Removing stm32f4xx_hal_tim.o(i.HAL_TIM_PWM_Start_DMA), (420 bytes).
    Removing stm32f4xx_hal_tim.o(i.HAL_TIM_PWM_Start_IT), (220 bytes).
    Removing stm32f4xx_hal_tim.o(i.HAL_TIM_PWM_Stop), (112 bytes).
    Removing stm32f4xx_hal_tim.o(i.HAL_TIM_PWM_Stop_DMA), (196 bytes).
    Removing stm32f4xx_hal_tim.o(i.HAL_TIM_PWM_Stop_IT), (176 bytes).
    Removing stm32f4xx_hal_tim.o(i.HAL_TIM_PeriodElapsedCallback), (2 bytes).
    Removing stm32f4xx_hal_tim.o(i.HAL_TIM_ReadCapturedValue), (42 bytes).
    Removing stm32f4xx_hal_tim.o(i.HAL_TIM_RegisterCallback), (250 bytes).
    Removing stm32f4xx_hal_tim.o(i.HAL_TIM_SlaveConfigSynchro), (86 bytes).
    Removing stm32f4xx_hal_tim.o(i.HAL_TIM_SlaveConfigSynchro_IT), (86 bytes).
    Removing stm32f4xx_hal_tim.o(i.HAL_TIM_UnRegisterCallback), (436 bytes).
    Removing stm32f4xx_hal_tim.o(i.TIM_CCxChannelCmd), (26 bytes).
    Removing stm32f4xx_hal_tim.o(i.TIM_DMACaptureCplt), (112 bytes).
    Removing stm32f4xx_hal_tim.o(i.TIM_DMACaptureHalfCplt), (58 bytes).
    Removing stm32f4xx_hal_tim.o(i.TIM_DMADelayPulseCplt), (96 bytes).
    Removing stm32f4xx_hal_tim.o(i.TIM_DMADelayPulseHalfCplt), (58 bytes).
    Removing stm32f4xx_hal_tim.o(i.TIM_DMAError), (86 bytes).
    Removing stm32f4xx_hal_tim.o(i.TIM_DMAPeriodElapsedCplt), (20 bytes).
    Removing stm32f4xx_hal_tim.o(i.TIM_DMAPeriodElapsedHalfCplt), (8 bytes).
    Removing stm32f4xx_hal_tim.o(i.TIM_DMATriggerCplt), (20 bytes).
    Removing stm32f4xx_hal_tim.o(i.TIM_DMATriggerHalfCplt), (8 bytes).
    Removing stm32f4xx_hal_tim.o(i.TIM_SlaveTimer_SetConfig), (140 bytes).
    Removing stm32f4xx_hal_tim.o(i.TIM_TI1_SetConfig), (108 bytes).
    Removing stm32f4xx_hal_tim.o(i.TIM_TI2_SetConfig), (54 bytes).
    Removing stm32f4xx_hal_tim_ex.o(.rev16_text), (4 bytes).
    Removing stm32f4xx_hal_tim_ex.o(.revsh_text), (4 bytes).
    Removing stm32f4xx_hal_tim_ex.o(.rrx_text), (6 bytes).
    Removing stm32f4xx_hal_tim_ex.o(i.HAL_TIMEx_ConfigBreakDeadTime), (84 bytes).
    Removing stm32f4xx_hal_tim_ex.o(i.HAL_TIMEx_ConfigCommutEvent), (112 bytes).
    Removing stm32f4xx_hal_tim_ex.o(i.HAL_TIMEx_ConfigCommutEvent_DMA), (144 bytes).
    Removing stm32f4xx_hal_tim_ex.o(i.HAL_TIMEx_ConfigCommutEvent_IT), (112 bytes).
    Removing stm32f4xx_hal_tim_ex.o(i.HAL_TIMEx_GetChannelNState), (34 bytes).
    Removing stm32f4xx_hal_tim_ex.o(i.HAL_TIMEx_HallSensor_DeInit), (88 bytes).
    Removing stm32f4xx_hal_tim_ex.o(i.HAL_TIMEx_HallSensor_GetState), (6 bytes).
    Removing stm32f4xx_hal_tim_ex.o(i.HAL_TIMEx_HallSensor_Init), (228 bytes).
    Removing stm32f4xx_hal_tim_ex.o(i.HAL_TIMEx_HallSensor_MspDeInit), (2 bytes).
    Removing stm32f4xx_hal_tim_ex.o(i.HAL_TIMEx_HallSensor_MspInit), (2 bytes).
    Removing stm32f4xx_hal_tim_ex.o(i.HAL_TIMEx_HallSensor_Start), (148 bytes).
    Removing stm32f4xx_hal_tim_ex.o(i.HAL_TIMEx_HallSensor_Start_DMA), (204 bytes).
    Removing stm32f4xx_hal_tim_ex.o(i.HAL_TIMEx_HallSensor_Start_IT), (160 bytes).
    Removing stm32f4xx_hal_tim_ex.o(i.HAL_TIMEx_HallSensor_Stop), (58 bytes).
    Removing stm32f4xx_hal_tim_ex.o(i.HAL_TIMEx_HallSensor_Stop_DMA), (70 bytes).
    Removing stm32f4xx_hal_tim_ex.o(i.HAL_TIMEx_HallSensor_Stop_IT), (68 bytes).
    Removing stm32f4xx_hal_tim_ex.o(i.HAL_TIMEx_OCN_Start), (172 bytes).
    Removing stm32f4xx_hal_tim_ex.o(i.HAL_TIMEx_OCN_Start_DMA), (372 bytes).
    Removing stm32f4xx_hal_tim_ex.o(i.HAL_TIMEx_OCN_Start_IT), (212 bytes).
    Removing stm32f4xx_hal_tim_ex.o(i.HAL_TIMEx_OCN_Stop), (104 bytes).
    Removing stm32f4xx_hal_tim_ex.o(i.HAL_TIMEx_OCN_Stop_DMA), (168 bytes).
    Removing stm32f4xx_hal_tim_ex.o(i.HAL_TIMEx_OCN_Stop_IT), (170 bytes).
    Removing stm32f4xx_hal_tim_ex.o(i.HAL_TIMEx_OnePulseN_Start), (100 bytes).
    Removing stm32f4xx_hal_tim_ex.o(i.HAL_TIMEx_OnePulseN_Start_IT), (120 bytes).
    Removing stm32f4xx_hal_tim_ex.o(i.HAL_TIMEx_OnePulseN_Stop), (98 bytes).
    Removing stm32f4xx_hal_tim_ex.o(i.HAL_TIMEx_OnePulseN_Stop_IT), (120 bytes).
    Removing stm32f4xx_hal_tim_ex.o(i.HAL_TIMEx_PWMN_Start), (172 bytes).
    Removing stm32f4xx_hal_tim_ex.o(i.HAL_TIMEx_PWMN_Start_DMA), (372 bytes).
    Removing stm32f4xx_hal_tim_ex.o(i.HAL_TIMEx_PWMN_Start_IT), (212 bytes).
    Removing stm32f4xx_hal_tim_ex.o(i.HAL_TIMEx_PWMN_Stop), (104 bytes).
    Removing stm32f4xx_hal_tim_ex.o(i.HAL_TIMEx_PWMN_Stop_DMA), (168 bytes).
    Removing stm32f4xx_hal_tim_ex.o(i.HAL_TIMEx_PWMN_Stop_IT), (170 bytes).
    Removing stm32f4xx_hal_tim_ex.o(i.HAL_TIMEx_RemapConfig), (28 bytes).
    Removing stm32f4xx_hal_tim_ex.o(i.TIMEx_DMACommutationCplt), (14 bytes).
    Removing stm32f4xx_hal_tim_ex.o(i.TIMEx_DMACommutationHalfCplt), (14 bytes).
    Removing stm32f4xx_hal_tim_ex.o(i.TIM_CCxNChannelCmd), (26 bytes).
    Removing stm32f4xx_hal_tim_ex.o(i.TIM_DMADelayPulseNCplt), (96 bytes).
    Removing stm32f4xx_hal_tim_ex.o(i.TIM_DMAErrorCCxN), (64 bytes).
    Removing system_stm32f4xx.o(.rev16_text), (4 bytes).
    Removing system_stm32f4xx.o(.revsh_text), (4 bytes).
    Removing system_stm32f4xx.o(.rrx_text), (6 bytes).
    Removing system_stm32f4xx.o(i.SystemCoreClockUpdate), (124 bytes).
    Removing system_stm32f4xx.o(.constdata), (8 bytes).

378 unused section(s) (total 29248 bytes) removed from the image.

==============================================================================

Image Symbol Table

    Local Symbols

    Symbol Name                              Value     Ov Type        Size  Object(Section)

    ../Core/Src/main.c                       0x00000000   Number         0  main.o ABSOLUTE
    ../Core/Src/stm32f4xx_hal_msp.c          0x00000000   Number         0  stm32f4xx_hal_msp.o ABSOLUTE
    ../Core/Src/stm32f4xx_it.c               0x00000000   Number         0  stm32f4xx_it.o ABSOLUTE
    ../Core/Src/system_stm32f4xx.c           0x00000000   Number         0  system_stm32f4xx.o ABSOLUTE
    ../Drivers/STM32F4xx_HAL_Driver/Src/stm32f4xx_hal.c 0x00000000   Number         0  stm32f4xx_hal.o ABSOLUTE
    ../Drivers/STM32F4xx_HAL_Driver/Src/stm32f4xx_hal_adc.c 0x00000000   Number         0  stm32f4xx_hal_adc.o ABSOLUTE
    ../Drivers/STM32F4xx_HAL_Driver/Src/stm32f4xx_hal_adc_ex.c 0x00000000   Number         0  stm32f4xx_hal_adc_ex.o ABSOLUTE
    ../Drivers/STM32F4xx_HAL_Driver/Src/stm32f4xx_hal_cortex.c 0x00000000   Number         0  stm32f4xx_hal_cortex.o ABSOLUTE
    ../Drivers/STM32F4xx_HAL_Driver/Src/stm32f4xx_hal_dma.c 0x00000000   Number         0  stm32f4xx_hal_dma.o ABSOLUTE
    ../Drivers/STM32F4xx_HAL_Driver/Src/stm32f4xx_hal_dma_ex.c 0x00000000   Number         0  stm32f4xx_hal_dma_ex.o ABSOLUTE
    ../Drivers/STM32F4xx_HAL_Driver/Src/stm32f4xx_hal_exti.c 0x00000000   Number         0  stm32f4xx_hal_exti.o ABSOLUTE
    ../Drivers/STM32F4xx_HAL_Driver/Src/stm32f4xx_hal_flash.c 0x00000000   Number         0  stm32f4xx_hal_flash.o ABSOLUTE
    ../Drivers/STM32F4xx_HAL_Driver/Src/stm32f4xx_hal_flash_ex.c 0x00000000   Number         0  stm32f4xx_hal_flash_ex.o ABSOLUTE
    ../Drivers/STM32F4xx_HAL_Driver/Src/stm32f4xx_hal_flash_ramfunc.c 0x00000000   Number         0  stm32f4xx_hal_flash_ramfunc.o ABSOLUTE
    ../Drivers/STM32F4xx_HAL_Driver/Src/stm32f4xx_hal_gpio.c 0x00000000   Number         0  stm32f4xx_hal_gpio.o ABSOLUTE
    ../Drivers/STM32F4xx_HAL_Driver/Src/stm32f4xx_hal_pwr.c 0x00000000   Number         0  stm32f4xx_hal_pwr.o ABSOLUTE
    ../Drivers/STM32F4xx_HAL_Driver/Src/stm32f4xx_hal_pwr_ex.c 0x00000000   Number         0  stm32f4xx_hal_pwr_ex.o ABSOLUTE
    ../Drivers/STM32F4xx_HAL_Driver/Src/stm32f4xx_hal_rcc.c 0x00000000   Number         0  stm32f4xx_hal_rcc.o ABSOLUTE
    ../Drivers/STM32F4xx_HAL_Driver/Src/stm32f4xx_hal_rcc_ex.c 0x00000000   Number         0  stm32f4xx_hal_rcc_ex.o ABSOLUTE
    ../Drivers/STM32F4xx_HAL_Driver/Src/stm32f4xx_hal_tim.c 0x00000000   Number         0  stm32f4xx_hal_tim.o ABSOLUTE
    ../Drivers/STM32F4xx_HAL_Driver/Src/stm32f4xx_hal_tim_ex.c 0x00000000   Number         0  stm32f4xx_hal_tim_ex.o ABSOLUTE
    ../Drivers/STM32F4xx_HAL_Driver/Src/stm32f4xx_ll_adc.c 0x00000000   Number         0  stm32f4xx_ll_adc.o ABSOLUTE
    ../clib/angel/boardlib.s                 0x00000000   Number         0  boardinit2.o ABSOLUTE
    ../clib/angel/boardlib.s                 0x00000000   Number         0  boardinit3.o ABSOLUTE
    ../clib/angel/boardlib.s                 0x00000000   Number         0  boardinit1.o ABSOLUTE
    ../clib/angel/boardlib.s                 0x00000000   Number         0  boardshut.o ABSOLUTE
    ../clib/angel/handlers.s                 0x00000000   Number         0  __scatter_zi.o ABSOLUTE
    ../clib/angel/handlers.s                 0x00000000   Number         0  __scatter_copy.o ABSOLUTE
    ../clib/angel/kernel.s                   0x00000000   Number         0  __rtentry.o ABSOLUTE
    ../clib/angel/kernel.s                   0x00000000   Number         0  __rtentry2.o ABSOLUTE
    ../clib/angel/kernel.s                   0x00000000   Number         0  __rtentry4.o ABSOLUTE
    ../clib/angel/kernel.s                   0x00000000   Number         0  rtexit2.o ABSOLUTE
    ../clib/angel/kernel.s                   0x00000000   Number         0  rtexit.o ABSOLUTE
    ../clib/angel/rt.s                       0x00000000   Number         0  aeabi_ldiv0.o ABSOLUTE
    ../clib/angel/rt.s                       0x00000000   Number         0  aeabi_ldiv0_sigfpe.o ABSOLUTE
    ../clib/angel/rt.s                       0x00000000   Number         0  rt_raise.o ABSOLUTE
    ../clib/angel/rt.s                       0x00000000   Number         0  rt_div0.o ABSOLUTE
    ../clib/angel/scatter.s                  0x00000000   Number         0  __scatter.o ABSOLUTE
    ../clib/angel/startup.s                  0x00000000   Number         0  __main.o ABSOLUTE
    ../clib/angel/sys.s                      0x00000000   Number         0  indicate_semi.o ABSOLUTE
    ../clib/angel/sys.s                      0x00000000   Number         0  use_no_semi.o ABSOLUTE
    ../clib/angel/sys.s                      0x00000000   Number         0  libspace.o ABSOLUTE
    ../clib/angel/sys.s                      0x00000000   Number         0  sys_stackheap_outer.o ABSOLUTE
    ../clib/angel/sysapp.c                   0x00000000   Number         0  sys_command.o ABSOLUTE
    ../clib/angel/sysapp.c                   0x00000000   Number         0  sys_wrch.o ABSOLUTE
    ../clib/angel/sysapp.c                   0x00000000   Number         0  sys_exit.o ABSOLUTE
    ../clib/armsys.c                         0x00000000   Number         0  argv_veneer.o ABSOLUTE
    ../clib/armsys.c                         0x00000000   Number         0  argv_veneer.o ABSOLUTE
    ../clib/armsys.c                         0x00000000   Number         0  no_argv.o ABSOLUTE
    ../clib/armsys.c                         0x00000000   Number         0  _get_argv_nomalloc.o ABSOLUTE
    ../clib/heapalloc.c                      0x00000000   Number         0  hrguard.o ABSOLUTE
    ../clib/heapaux.c                        0x00000000   Number         0  heapauxi.o ABSOLUTE
    ../clib/libinit.s                        0x00000000   Number         0  libinit2.o ABSOLUTE
    ../clib/libinit.s                        0x00000000   Number         0  libinit.o ABSOLUTE
    ../clib/libinit.s                        0x00000000   Number         0  libshutdown2.o ABSOLUTE
    ../clib/libinit.s                        0x00000000   Number         0  libshutdown.o ABSOLUTE
    ../clib/longlong.s                       0x00000000   Number         0  lludivv7m.o ABSOLUTE
    ../clib/memcpset.s                       0x00000000   Number         0  rt_memclr_w.o ABSOLUTE
    ../clib/signal.c                         0x00000000   Number         0  defsig_fpe_outer.o ABSOLUTE
    ../clib/signal.c                         0x00000000   Number         0  defsig_abrt_inner.o ABSOLUTE
    ../clib/signal.c                         0x00000000   Number         0  defsig_rtred_inner.o ABSOLUTE
    ../clib/signal.c                         0x00000000   Number         0  defsig_rtmem_inner.o ABSOLUTE
    ../clib/signal.c                         0x00000000   Number         0  defsig_rtmem_outer.o ABSOLUTE
    ../clib/signal.c                         0x00000000   Number         0  defsig_rtmem_formal.o ABSOLUTE
    ../clib/signal.c                         0x00000000   Number         0  defsig_stak_inner.o ABSOLUTE
    ../clib/signal.c                         0x00000000   Number         0  defsig_pvfn_inner.o ABSOLUTE
    ../clib/signal.c                         0x00000000   Number         0  defsig_cppl_inner.o ABSOLUTE
    ../clib/signal.c                         0x00000000   Number         0  defsig_segv_inner.o ABSOLUTE
    ../clib/signal.c                         0x00000000   Number         0  defsig_other.o ABSOLUTE
    ../clib/signal.c                         0x00000000   Number         0  defsig_exit.o ABSOLUTE
    ../clib/signal.c                         0x00000000   Number         0  defsig_fpe_inner.o ABSOLUTE
    ../clib/signal.c                         0x00000000   Number         0  __raise.o ABSOLUTE
    ../clib/signal.c                         0x00000000   Number         0  defsig_general.o ABSOLUTE
    ../clib/signal.c                         0x00000000   Number         0  defsig_fpe_formal.o ABSOLUTE
    ../clib/signal.s                         0x00000000   Number         0  defsig.o ABSOLUTE
    ../clib/stdlib.c                         0x00000000   Number         0  exit.o ABSOLUTE
    ../fplib/ddiv.s                          0x00000000   Number         0  ddiv.o ABSOLUTE
    ../fplib/dfixu.s                         0x00000000   Number         0  dfixu.o ABSOLUTE
    ../fplib/dflt.s                          0x00000000   Number         0  dflt_clz.o ABSOLUTE
    ../fplib/dmul.s                          0x00000000   Number         0  dmul.o ABSOLUTE
    ../fplib/dnaninf.s                       0x00000000   Number         0  dnaninf.o ABSOLUTE
    ../fplib/dretinf.s                       0x00000000   Number         0  dretinf.o ABSOLUTE
    ../fplib/fpinit.s                        0x00000000   Number         0  fpinit.o ABSOLUTE
    ../fplib/usenofp.s                       0x00000000   Number         0  usenofp.o ABSOLUTE
    ..\Core\Src\main.c                       0x00000000   Number         0  main.o ABSOLUTE
    ..\Core\Src\stm32f4xx_hal_msp.c          0x00000000   Number         0  stm32f4xx_hal_msp.o ABSOLUTE
    ..\Core\Src\stm32f4xx_it.c               0x00000000   Number         0  stm32f4xx_it.o ABSOLUTE
    ..\Core\Src\system_stm32f4xx.c           0x00000000   Number         0  system_stm32f4xx.o ABSOLUTE
    ..\Drivers\STM32F4xx_HAL_Driver\Src\stm32f4xx_hal.c 0x00000000   Number         0  stm32f4xx_hal.o ABSOLUTE
    ..\Drivers\STM32F4xx_HAL_Driver\Src\stm32f4xx_hal_adc.c 0x00000000   Number         0  stm32f4xx_hal_adc.o ABSOLUTE
    ..\Drivers\STM32F4xx_HAL_Driver\Src\stm32f4xx_hal_adc_ex.c 0x00000000   Number         0  stm32f4xx_hal_adc_ex.o ABSOLUTE
    ..\Drivers\STM32F4xx_HAL_Driver\Src\stm32f4xx_hal_cortex.c 0x00000000   Number         0  stm32f4xx_hal_cortex.o ABSOLUTE
    ..\Drivers\STM32F4xx_HAL_Driver\Src\stm32f4xx_hal_dma.c 0x00000000   Number         0  stm32f4xx_hal_dma.o ABSOLUTE
    ..\Drivers\STM32F4xx_HAL_Driver\Src\stm32f4xx_hal_dma_ex.c 0x00000000   Number         0  stm32f4xx_hal_dma_ex.o ABSOLUTE
    ..\Drivers\STM32F4xx_HAL_Driver\Src\stm32f4xx_hal_exti.c 0x00000000   Number         0  stm32f4xx_hal_exti.o ABSOLUTE
    ..\Drivers\STM32F4xx_HAL_Driver\Src\stm32f4xx_hal_flash.c 0x00000000   Number         0  stm32f4xx_hal_flash.o ABSOLUTE
    ..\Drivers\STM32F4xx_HAL_Driver\Src\stm32f4xx_hal_flash_ex.c 0x00000000   Number         0  stm32f4xx_hal_flash_ex.o ABSOLUTE
    ..\Drivers\STM32F4xx_HAL_Driver\Src\stm32f4xx_hal_flash_ramfunc.c 0x00000000   Number         0  stm32f4xx_hal_flash_ramfunc.o ABSOLUTE
    ..\Drivers\STM32F4xx_HAL_Driver\Src\stm32f4xx_hal_gpio.c 0x00000000   Number         0  stm32f4xx_hal_gpio.o ABSOLUTE
    ..\Drivers\STM32F4xx_HAL_Driver\Src\stm32f4xx_hal_pwr.c 0x00000000   Number         0  stm32f4xx_hal_pwr.o ABSOLUTE
    ..\Drivers\STM32F4xx_HAL_Driver\Src\stm32f4xx_hal_pwr_ex.c 0x00000000   Number         0  stm32f4xx_hal_pwr_ex.o ABSOLUTE
    ..\Drivers\STM32F4xx_HAL_Driver\Src\stm32f4xx_hal_rcc.c 0x00000000   Number         0  stm32f4xx_hal_rcc.o ABSOLUTE
    ..\Drivers\STM32F4xx_HAL_Driver\Src\stm32f4xx_hal_rcc_ex.c 0x00000000   Number         0  stm32f4xx_hal_rcc_ex.o ABSOLUTE
    ..\Drivers\STM32F4xx_HAL_Driver\Src\stm32f4xx_hal_tim.c 0x00000000   Number         0  stm32f4xx_hal_tim.o ABSOLUTE
    ..\Drivers\STM32F4xx_HAL_Driver\Src\stm32f4xx_hal_tim_ex.c 0x00000000   Number         0  stm32f4xx_hal_tim_ex.o ABSOLUTE
    dc.s                                     0x00000000   Number         0  dc.o ABSOLUTE
    startup_stm32f401xe.s                    0x00000000   Number         0  startup_stm32f401xe.o ABSOLUTE
    RESET                                    0x08000000   Section      404  startup_stm32f401xe.o(RESET)
    !!!main                                  0x08000194   Section        8  __main.o(!!!main)
    !!!scatter                               0x0800019c   Section       52  __scatter.o(!!!scatter)
    !!handler_copy                           0x080001d0   Section       26  __scatter_copy.o(!!handler_copy)
    !!handler_zi                             0x080001ec   Section       28  __scatter_zi.o(!!handler_zi)
    .ARM.Collect$$libinit$$00000000          0x08000208   Section        2  libinit.o(.ARM.Collect$$libinit$$00000000)
    .ARM.Collect$$libinit$$00000001          0x0800020a   Section        4  libinit2.o(.ARM.Collect$$libinit$$00000001)
    .ARM.Collect$$libinit$$00000004          0x0800020e   Section        0  libinit2.o(.ARM.Collect$$libinit$$00000004)
    .ARM.Collect$$libinit$$0000000A          0x0800020e   Section        0  libinit2.o(.ARM.Collect$$libinit$$0000000A)
    .ARM.Collect$$libinit$$0000000C          0x0800020e   Section        0  libinit2.o(.ARM.Collect$$libinit$$0000000C)
    .ARM.Collect$$libinit$$0000000E          0x0800020e   Section        0  libinit2.o(.ARM.Collect$$libinit$$0000000E)
    .ARM.Collect$$libinit$$00000011          0x0800020e   Section        0  libinit2.o(.ARM.Collect$$libinit$$00000011)
    .ARM.Collect$$libinit$$00000013          0x0800020e   Section        0  libinit2.o(.ARM.Collect$$libinit$$00000013)
    .ARM.Collect$$libinit$$00000015          0x0800020e   Section        0  libinit2.o(.ARM.Collect$$libinit$$00000015)
    .ARM.Collect$$libinit$$00000017          0x0800020e   Section        0  libinit2.o(.ARM.Collect$$libinit$$00000017)
    .ARM.Collect$$libinit$$00000019          0x0800020e   Section        0  libinit2.o(.ARM.Collect$$libinit$$00000019)
    .ARM.Collect$$libinit$$0000001B          0x0800020e   Section        0  libinit2.o(.ARM.Collect$$libinit$$0000001B)
    .ARM.Collect$$libinit$$0000001D          0x0800020e   Section        0  libinit2.o(.ARM.Collect$$libinit$$0000001D)
    .ARM.Collect$$libinit$$0000001F          0x0800020e   Section        0  libinit2.o(.ARM.Collect$$libinit$$0000001F)
    .ARM.Collect$$libinit$$00000021          0x0800020e   Section        0  libinit2.o(.ARM.Collect$$libinit$$00000021)
    .ARM.Collect$$libinit$$00000023          0x0800020e   Section        0  libinit2.o(.ARM.Collect$$libinit$$00000023)
    .ARM.Collect$$libinit$$00000025          0x0800020e   Section        0  libinit2.o(.ARM.Collect$$libinit$$00000025)
    .ARM.Collect$$libinit$$0000002C          0x0800020e   Section        0  libinit2.o(.ARM.Collect$$libinit$$0000002C)
    .ARM.Collect$$libinit$$0000002E          0x0800020e   Section        0  libinit2.o(.ARM.Collect$$libinit$$0000002E)
    .ARM.Collect$$libinit$$00000030          0x0800020e   Section        0  libinit2.o(.ARM.Collect$$libinit$$00000030)
    .ARM.Collect$$libinit$$00000032          0x0800020e   Section        0  libinit2.o(.ARM.Collect$$libinit$$00000032)
    .ARM.Collect$$libinit$$00000033          0x0800020e   Section        2  libinit2.o(.ARM.Collect$$libinit$$00000033)
    .ARM.Collect$$libshutdown$$00000000      0x08000210   Section        2  libshutdown.o(.ARM.Collect$$libshutdown$$00000000)
    .ARM.Collect$$libshutdown$$00000002      0x08000212   Section        0  libshutdown2.o(.ARM.Collect$$libshutdown$$00000002)
    .ARM.Collect$$libshutdown$$00000004      0x08000212   Section        0  libshutdown2.o(.ARM.Collect$$libshutdown$$00000004)
    .ARM.Collect$$libshutdown$$00000007      0x08000212   Section        0  libshutdown2.o(.ARM.Collect$$libshutdown$$00000007)
    .ARM.Collect$$libshutdown$$0000000A      0x08000212   Section        0  libshutdown2.o(.ARM.Collect$$libshutdown$$0000000A)
    .ARM.Collect$$libshutdown$$0000000C      0x08000212   Section        0  libshutdown2.o(.ARM.Collect$$libshutdown$$0000000C)
    .ARM.Collect$$libshutdown$$0000000F      0x08000212   Section        0  libshutdown2.o(.ARM.Collect$$libshutdown$$0000000F)
    .ARM.Collect$$libshutdown$$00000010      0x08000212   Section        2  libshutdown2.o(.ARM.Collect$$libshutdown$$00000010)
    .ARM.Collect$$rtentry$$00000000          0x08000214   Section        0  __rtentry.o(.ARM.Collect$$rtentry$$00000000)
    .ARM.Collect$$rtentry$$00000002          0x08000214   Section        0  __rtentry2.o(.ARM.Collect$$rtentry$$00000002)
    .ARM.Collect$$rtentry$$00000004          0x08000214   Section        6  __rtentry4.o(.ARM.Collect$$rtentry$$00000004)
    .ARM.Collect$$rtentry$$00000009          0x0800021a   Section        0  __rtentry2.o(.ARM.Collect$$rtentry$$00000009)
    .ARM.Collect$$rtentry$$0000000A          0x0800021a   Section        4  __rtentry2.o(.ARM.Collect$$rtentry$$0000000A)
    .ARM.Collect$$rtentry$$0000000C          0x0800021e   Section        0  __rtentry2.o(.ARM.Collect$$rtentry$$0000000C)
    .ARM.Collect$$rtentry$$0000000D          0x0800021e   Section        8  __rtentry2.o(.ARM.Collect$$rtentry$$0000000D)
    .ARM.Collect$$rtexit$$00000000           0x08000226   Section        2  rtexit.o(.ARM.Collect$$rtexit$$00000000)
    .ARM.Collect$$rtexit$$00000002           0x08000228   Section        0  rtexit2.o(.ARM.Collect$$rtexit$$00000002)
    .ARM.Collect$$rtexit$$00000003           0x08000228   Section        4  rtexit2.o(.ARM.Collect$$rtexit$$00000003)
    .ARM.Collect$$rtexit$$00000004           0x0800022c   Section        6  rtexit2.o(.ARM.Collect$$rtexit$$00000004)
    .text                                    0x08000234   Section       64  startup_stm32f401xe.o(.text)
    $v0                                      0x08000234   Number         0  startup_stm32f401xe.o(.text)
    .text                                    0x08000274   Section      238  lludivv7m.o(.text)
    .text                                    0x08000362   Section       78  rt_memclr_w.o(.text)
    .text                                    0x080003b0   Section        0  heapauxi.o(.text)
    .text                                    0x080003b6   Section       74  sys_stackheap_outer.o(.text)
    .text                                    0x08000400   Section        0  exit.o(.text)
    .text                                    0x08000414   Section        8  libspace.o(.text)
    .text                                    0x0800041c   Section        0  sys_exit.o(.text)
    .text                                    0x08000428   Section        2  use_no_semi.o(.text)
    .text                                    0x0800042a   Section        0  indicate_semi.o(.text)
    i.ADC_Init                               0x0800042c   Section        0  stm32f4xx_hal_adc.o(i.ADC_Init)
    ADC_Init                                 0x0800042d   Thumb Code   284  stm32f4xx_hal_adc.o(i.ADC_Init)
    i.ADC_Select_CH2                         0x08000554   Section        0  main.o(i.ADC_Select_CH2)
    i.ADC_Select_CH4                         0x08000580   Section        0  main.o(i.ADC_Select_CH4)
    i.BCDTo7SegDec                           0x080005ac   Section        0  main.o(i.BCDTo7SegDec)
    i.BusFault_Handler                       0x08000760   Section        0  stm32f4xx_it.o(i.BusFault_Handler)
    i.DAC_data                               0x08000764   Section        0  main.o(i.DAC_data)
    i.DebugMon_Handler                       0x0800077c   Section        0  stm32f4xx_it.o(i.DebugMon_Handler)
    i.EXTI15_10_IRQHandler                   0x0800077e   Section        0  stm32f4xx_it.o(i.EXTI15_10_IRQHandler)
    i.HAL_ADC_ConfigChannel                  0x0800079c   Section        0  stm32f4xx_hal_adc.o(i.HAL_ADC_ConfigChannel)
    i.HAL_ADC_GetValue                       0x080008e8   Section        0  stm32f4xx_hal_adc.o(i.HAL_ADC_GetValue)
    i.HAL_ADC_Init                           0x080008ee   Section        0  stm32f4xx_hal_adc.o(i.HAL_ADC_Init)
    i.HAL_ADC_MspInit                        0x08000944   Section        0  stm32f4xx_hal_msp.o(i.HAL_ADC_MspInit)
    i.HAL_ADC_PollForConversion              0x080009a4   Section        0  stm32f4xx_hal_adc.o(i.HAL_ADC_PollForConversion)
    i.HAL_ADC_Start                          0x08000a50   Section        0  stm32f4xx_hal_adc.o(i.HAL_ADC_Start)
    i.HAL_GPIO_EXTI_Callback                 0x08000b1c   Section        0  main.o(i.HAL_GPIO_EXTI_Callback)
    i.HAL_GPIO_EXTI_IRQHandler               0x08000b78   Section        0  stm32f4xx_hal_gpio.o(i.HAL_GPIO_EXTI_IRQHandler)
    i.HAL_GPIO_Init                          0x08000b90   Section        0  stm32f4xx_hal_gpio.o(i.HAL_GPIO_Init)
    i.HAL_GPIO_WritePin                      0x08000d70   Section        0  stm32f4xx_hal_gpio.o(i.HAL_GPIO_WritePin)
    i.HAL_GetTick                            0x08000d7c   Section        0  stm32f4xx_hal.o(i.HAL_GetTick)
    i.HAL_IncTick                            0x08000d88   Section        0  stm32f4xx_hal.o(i.HAL_IncTick)
    i.HAL_Init                               0x08000d98   Section        0  stm32f4xx_hal.o(i.HAL_Init)
    i.HAL_InitTick                           0x08000dcc   Section        0  stm32f4xx_hal.o(i.HAL_InitTick)
    i.HAL_MspInit                            0x08000e0c   Section        0  stm32f4xx_hal_msp.o(i.HAL_MspInit)
    i.HAL_NVIC_EnableIRQ                     0x08000e3c   Section        0  stm32f4xx_hal_cortex.o(i.HAL_NVIC_EnableIRQ)
    i.HAL_NVIC_SetPriority                   0x08000e58   Section        0  stm32f4xx_hal_cortex.o(i.HAL_NVIC_SetPriority)
    i.HAL_NVIC_SetPriorityGrouping           0x08000e98   Section        0  stm32f4xx_hal_cortex.o(i.HAL_NVIC_SetPriorityGrouping)
    i.HAL_RCC_ClockConfig                    0x08000ebc   Section        0  stm32f4xx_hal_rcc.o(i.HAL_RCC_ClockConfig)
    i.HAL_RCC_GetSysClockFreq                0x08000ff0   Section        0  stm32f4xx_hal_rcc.o(i.HAL_RCC_GetSysClockFreq)
    i.HAL_RCC_OscConfig                      0x08001054   Section        0  stm32f4xx_hal_rcc.o(i.HAL_RCC_OscConfig)
    i.HAL_SYSTICK_Config                     0x080013c0   Section        0  stm32f4xx_hal_cortex.o(i.HAL_SYSTICK_Config)
    i.HAL_TIMEx_BreakCallback                0x080013e8   Section        0  stm32f4xx_hal_tim_ex.o(i.HAL_TIMEx_BreakCallback)
    i.HAL_TIMEx_CommutCallback               0x080013ea   Section        0  stm32f4xx_hal_tim_ex.o(i.HAL_TIMEx_CommutCallback)
    i.HAL_TIMEx_CommutHalfCpltCallback       0x080013ec   Section        0  stm32f4xx_hal_tim_ex.o(i.HAL_TIMEx_CommutHalfCpltCallback)
    i.HAL_TIMEx_MasterConfigSynchronization  0x080013f0   Section        0  stm32f4xx_hal_tim_ex.o(i.HAL_TIMEx_MasterConfigSynchronization)
    i.HAL_TIM_Base_Init                      0x0800146c   Section        0  stm32f4xx_hal_tim.o(i.HAL_TIM_Base_Init)
    i.HAL_TIM_Base_MspInit                   0x080014d8   Section        0  stm32f4xx_hal_msp.o(i.HAL_TIM_Base_MspInit)
    i.HAL_TIM_Base_Start_IT                  0x08001528   Section        0  stm32f4xx_hal_tim.o(i.HAL_TIM_Base_Start_IT)
    i.HAL_TIM_Base_Stop_IT                   0x08001594   Section        0  stm32f4xx_hal_tim.o(i.HAL_TIM_Base_Stop_IT)
    i.HAL_TIM_ConfigClockSource              0x080015c4   Section        0  stm32f4xx_hal_tim.o(i.HAL_TIM_ConfigClockSource)
    i.HAL_TIM_ErrorCallback                  0x080016a0   Section        0  stm32f4xx_hal_tim.o(i.HAL_TIM_ErrorCallback)
    i.HAL_TIM_IC_CaptureCallback             0x080016a2   Section        0  stm32f4xx_hal_tim.o(i.HAL_TIM_IC_CaptureCallback)
    i.HAL_TIM_IC_CaptureHalfCpltCallback     0x080016a4   Section        0  stm32f4xx_hal_tim.o(i.HAL_TIM_IC_CaptureHalfCpltCallback)
    i.HAL_TIM_IRQHandler                     0x080016a6   Section        0  stm32f4xx_hal_tim.o(i.HAL_TIM_IRQHandler)
    i.HAL_TIM_MspPostInit                    0x08001824   Section        0  stm32f4xx_hal_msp.o(i.HAL_TIM_MspPostInit)
    i.HAL_TIM_OC_DelayElapsedCallback        0x08001870   Section        0  stm32f4xx_hal_tim.o(i.HAL_TIM_OC_DelayElapsedCallback)
    i.HAL_TIM_PWM_ConfigChannel              0x08001872   Section        0  stm32f4xx_hal_tim.o(i.HAL_TIM_PWM_ConfigChannel)
    i.HAL_TIM_PWM_Init                       0x08001940   Section        0  stm32f4xx_hal_tim.o(i.HAL_TIM_PWM_Init)
    i.HAL_TIM_PWM_MspInit                    0x080019ac   Section        0  stm32f4xx_hal_tim.o(i.HAL_TIM_PWM_MspInit)
    i.HAL_TIM_PWM_PulseFinishedCallback      0x080019ae   Section        0  stm32f4xx_hal_tim.o(i.HAL_TIM_PWM_PulseFinishedCallback)
    i.HAL_TIM_PWM_PulseFinishedHalfCpltCallback 0x080019b0   Section        0  stm32f4xx_hal_tim.o(i.HAL_TIM_PWM_PulseFinishedHalfCpltCallback)
    i.HAL_TIM_PeriodElapsedCallback          0x080019b4   Section        0  main.o(i.HAL_TIM_PeriodElapsedCallback)
    i.HAL_TIM_PeriodElapsedHalfCpltCallback  0x08001b7c   Section        0  stm32f4xx_hal_tim.o(i.HAL_TIM_PeriodElapsedHalfCpltCallback)
    i.HAL_TIM_TriggerCallback                0x08001b7e   Section        0  stm32f4xx_hal_tim.o(i.HAL_TIM_TriggerCallback)
    i.HAL_TIM_TriggerHalfCpltCallback        0x08001b80   Section        0  stm32f4xx_hal_tim.o(i.HAL_TIM_TriggerHalfCpltCallback)
    i.HardFault_Handler                      0x08001b82   Section        0  stm32f4xx_it.o(i.HardFault_Handler)
    i.LM35_temp                              0x08001b84   Section        0  main.o(i.LM35_temp)
    i.MX_ADC1_Init                           0x08001bd4   Section        0  main.o(i.MX_ADC1_Init)
    MX_ADC1_Init                             0x08001bd5   Thumb Code    84  main.o(i.MX_ADC1_Init)
    i.MX_GPIO_Init                           0x08001c34   Section        0  main.o(i.MX_GPIO_Init)
    MX_GPIO_Init                             0x08001c35   Thumb Code   178  main.o(i.MX_GPIO_Init)
    i.MX_TIM2_Init                           0x08001cf4   Section        0  main.o(i.MX_TIM2_Init)
    MX_TIM2_Init                             0x08001cf5   Thumb Code   142  main.o(i.MX_TIM2_Init)
    i.MX_TIM3_Init                           0x08001d88   Section        0  main.o(i.MX_TIM3_Init)
    MX_TIM3_Init                             0x08001d89   Thumb Code    94  main.o(i.MX_TIM3_Init)
    i.MemManage_Handler                      0x08001df0   Section        0  stm32f4xx_it.o(i.MemManage_Handler)
    i.NMI_Handler                            0x08001df2   Section        0  stm32f4xx_it.o(i.NMI_Handler)
    i.PendSV_Handler                         0x08001df4   Section        0  stm32f4xx_it.o(i.PendSV_Handler)
    i.SIG_input                              0x08001df8   Section        0  main.o(i.SIG_input)
    i.SVC_Handler                            0x08001e1c   Section        0  stm32f4xx_it.o(i.SVC_Handler)
    i.SysTick_Handler                        0x08001e1e   Section        0  stm32f4xx_it.o(i.SysTick_Handler)
    i.SystemClock_Config                     0x08001e24   Section        0  main.o(i.SystemClock_Config)
    i.SystemInit                             0x08001ea4   Section        0  system_stm32f4xx.o(i.SystemInit)
    i.TIM3_IRQHandler                        0x08001eb4   Section        0  stm32f4xx_it.o(i.TIM3_IRQHandler)
    i.TIM_Base_SetConfig                     0x08001ecc   Section        0  stm32f4xx_hal_tim.o(i.TIM_Base_SetConfig)
    i.TIM_ETR_SetConfig                      0x08001f64   Section        0  stm32f4xx_hal_tim.o(i.TIM_ETR_SetConfig)
    i.TIM_ITRx_SetConfig                     0x08001f78   Section        0  stm32f4xx_hal_tim.o(i.TIM_ITRx_SetConfig)
    TIM_ITRx_SetConfig                       0x08001f79   Thumb Code    16  stm32f4xx_hal_tim.o(i.TIM_ITRx_SetConfig)
    i.TIM_OC1_SetConfig                      0x08001f88   Section        0  stm32f4xx_hal_tim.o(i.TIM_OC1_SetConfig)
    TIM_OC1_SetConfig                        0x08001f89   Thumb Code    74  stm32f4xx_hal_tim.o(i.TIM_OC1_SetConfig)
    i.TIM_OC2_SetConfig                      0x08001fd8   Section        0  stm32f4xx_hal_tim.o(i.TIM_OC2_SetConfig)
    i.TIM_OC3_SetConfig                      0x08002030   Section        0  stm32f4xx_hal_tim.o(i.TIM_OC3_SetConfig)
    TIM_OC3_SetConfig                        0x08002031   Thumb Code    82  stm32f4xx_hal_tim.o(i.TIM_OC3_SetConfig)
    i.TIM_OC4_SetConfig                      0x08002088   Section        0  stm32f4xx_hal_tim.o(i.TIM_OC4_SetConfig)
    TIM_OC4_SetConfig                        0x08002089   Thumb Code    64  stm32f4xx_hal_tim.o(i.TIM_OC4_SetConfig)
    i.TIM_ResetCallback                      0x080020cc   Section        0  stm32f4xx_hal_tim.o(i.TIM_ResetCallback)
    i.TIM_TI1_ConfigInputStage               0x08002138   Section        0  stm32f4xx_hal_tim.o(i.TIM_TI1_ConfigInputStage)
    TIM_TI1_ConfigInputStage                 0x08002139   Thumb Code    34  stm32f4xx_hal_tim.o(i.TIM_TI1_ConfigInputStage)
    i.TIM_TI2_ConfigInputStage               0x0800215a   Section        0  stm32f4xx_hal_tim.o(i.TIM_TI2_ConfigInputStage)
    TIM_TI2_ConfigInputStage                 0x0800215b   Thumb Code    36  stm32f4xx_hal_tim.o(i.TIM_TI2_ConfigInputStage)
    i.UsageFault_Handler                     0x0800217e   Section        0  stm32f4xx_it.o(i.UsageFault_Handler)
    i.__NVIC_SetPriority                     0x08002180   Section        0  stm32f4xx_hal_cortex.o(i.__NVIC_SetPriority)
    __NVIC_SetPriority                       0x08002181   Thumb Code    32  stm32f4xx_hal_cortex.o(i.__NVIC_SetPriority)
    i.delayMs                                0x080021a0   Section        0  main.o(i.delayMs)
    i.main                                   0x080021b8   Section        0  main.o(i.main)
    i.reset_SEG                              0x08002208   Section        0  main.o(i.reset_SEG)
    i.showTemp                               0x0800225c   Section        0  main.o(i.showTemp)
    x$fpl$ddiv                               0x080022ac   Section      688  ddiv.o(x$fpl$ddiv)
    $v0                                      0x080022ac   Number         0  ddiv.o(x$fpl$ddiv)
    ddiv_entry                               0x080022b3   Thumb Code     0  ddiv.o(x$fpl$ddiv)
    x$fpl$dfixu                              0x0800255c   Section       90  dfixu.o(x$fpl$dfixu)
    $v0                                      0x0800255c   Number         0  dfixu.o(x$fpl$dfixu)
    x$fpl$dfltu                              0x080025b6   Section       38  dflt_clz.o(x$fpl$dfltu)
    $v0                                      0x080025b6   Number         0  dflt_clz.o(x$fpl$dfltu)
    x$fpl$dmul                               0x080025dc   Section      340  dmul.o(x$fpl$dmul)
    $v0                                      0x080025dc   Number         0  dmul.o(x$fpl$dmul)
    x$fpl$dnaninf                            0x08002730   Section      156  dnaninf.o(x$fpl$dnaninf)
    $v0                                      0x08002730   Number         0  dnaninf.o(x$fpl$dnaninf)
    x$fpl$dretinf                            0x080027cc   Section       12  dretinf.o(x$fpl$dretinf)
    $v0                                      0x080027cc   Number         0  dretinf.o(x$fpl$dretinf)
    x$fpl$fpinit                             0x080027d8   Section       10  fpinit.o(x$fpl$fpinit)
    $v0                                      0x080027d8   Number         0  fpinit.o(x$fpl$fpinit)
    .constdata                               0x080027e2   Section       16  system_stm32f4xx.o(.constdata)
    x$fpl$usenofp                            0x080027e2   Section        0  usenofp.o(x$fpl$usenofp)
    .data                                    0x20000000   Section       32  main.o(.data)
    .data                                    0x20000020   Section       12  stm32f4xx_hal.o(.data)
    .data                                    0x2000002c   Section        4  system_stm32f4xx.o(.data)
    .bss                                     0x20000030   Section      432  main.o(.bss)
    .bss                                     0x200001e0   Section       96  libspace.o(.bss)
    HEAP                                     0x20000240   Section      512  startup_stm32f401xe.o(HEAP)
    Heap_Mem                                 0x20000240   Data         512  startup_stm32f401xe.o(HEAP)
    STACK                                    0x20000440   Section     1024  startup_stm32f401xe.o(STACK)
    Stack_Mem                                0x20000440   Data        1024  startup_stm32f401xe.o(STACK)
    __initial_sp                             0x20000840   Data           0  startup_stm32f401xe.o(STACK)

    Global Symbols

    Symbol Name                              Value     Ov Type        Size  Object(Section)

    BuildAttributes$$THM_ISAv4$E$P$D$K$B$S$7EM$VFPi3$EXTD16$VFPS$VFMA$PE$A:L22UL41UL21$X:L11$S22US41US21$IEEE1$IW$USESV6$~STKCKD$USESV7$~SHL$OSPACE$ROPI$EBA8$UX$STANDARDLIB$REQ8$PRES8$EABIv2 0x00000000   Number         0  anon$$obj.o ABSOLUTE
    __ARM_use_no_argv                        0x00000000   Number         0  main.o ABSOLUTE
    __ARM_exceptions_init                     - Undefined Weak Reference
    __alloca_initialize                       - Undefined Weak Reference
    __arm_preinit_                            - Undefined Weak Reference
    __cpp_initialize__aeabi_                  - Undefined Weak Reference
    __cxa_finalize                            - Undefined Weak Reference
    __rt_locale                               - Undefined Weak Reference
    __sigvec_lookup                           - Undefined Weak Reference
    _atexit_init                              - Undefined Weak Reference
    _call_atexit_fns                          - Undefined Weak Reference
    _clock_init                               - Undefined Weak Reference
    _fp_trap_init                             - Undefined Weak Reference
    _fp_trap_shutdown                         - Undefined Weak Reference
    _get_lc_collate                           - Undefined Weak Reference
    _get_lc_ctype                             - Undefined Weak Reference
    _get_lc_monetary                          - Undefined Weak Reference
    _get_lc_numeric                           - Undefined Weak Reference
    _get_lc_time                              - Undefined Weak Reference
    _getenv_init                              - Undefined Weak Reference
    _handle_redirection                       - Undefined Weak Reference
    _init_alloc                               - Undefined Weak Reference
    _init_user_alloc                          - Undefined Weak Reference
    _initio                                   - Undefined Weak Reference
    _rand_init                                - Undefined Weak Reference
    _signal_finish                            - Undefined Weak Reference
    _signal_init                              - Undefined Weak Reference
    _terminate_alloc                          - Undefined Weak Reference
    _terminate_user_alloc                     - Undefined Weak Reference
    _terminateio                              - Undefined Weak Reference
    __Vectors_Size                           0x00000194   Number         0  startup_stm32f401xe.o ABSOLUTE
    __Vectors                                0x08000000   Data           4  startup_stm32f401xe.o(RESET)
    __Vectors_End                            0x08000194   Data           0  startup_stm32f401xe.o(RESET)
    __main                                   0x08000195   Thumb Code     8  __main.o(!!!main)
    __scatterload                            0x0800019d   Thumb Code     0  __scatter.o(!!!scatter)
    __scatterload_rt2                        0x0800019d   Thumb Code    44  __scatter.o(!!!scatter)
    __scatterload_rt2_thumb_only             0x0800019d   Thumb Code     0  __scatter.o(!!!scatter)
    __scatterload_null                       0x080001ab   Thumb Code     0  __scatter.o(!!!scatter)
    __scatterload_copy                       0x080001d1   Thumb Code    26  __scatter_copy.o(!!handler_copy)
    __scatterload_zeroinit                   0x080001ed   Thumb Code    28  __scatter_zi.o(!!handler_zi)
    __rt_lib_init                            0x08000209   Thumb Code     0  libinit.o(.ARM.Collect$$libinit$$00000000)
    __rt_lib_init_fp_1                       0x0800020b   Thumb Code     0  libinit2.o(.ARM.Collect$$libinit$$00000001)
    __rt_lib_init_alloca_1                   0x0800020f   Thumb Code     0  libinit2.o(.ARM.Collect$$libinit$$0000002E)
    __rt_lib_init_argv_1                     0x0800020f   Thumb Code     0  libinit2.o(.ARM.Collect$$libinit$$0000002C)
    __rt_lib_init_atexit_1                   0x0800020f   Thumb Code     0  libinit2.o(.ARM.Collect$$libinit$$0000001B)
    __rt_lib_init_clock_1                    0x0800020f   Thumb Code     0  libinit2.o(.ARM.Collect$$libinit$$00000021)
    __rt_lib_init_cpp_1                      0x0800020f   Thumb Code     0  libinit2.o(.ARM.Collect$$libinit$$00000032)
    __rt_lib_init_exceptions_1               0x0800020f   Thumb Code     0  libinit2.o(.ARM.Collect$$libinit$$00000030)
    __rt_lib_init_fp_trap_1                  0x0800020f   Thumb Code     0  libinit2.o(.ARM.Collect$$libinit$$0000001F)
    __rt_lib_init_getenv_1                   0x0800020f   Thumb Code     0  libinit2.o(.ARM.Collect$$libinit$$00000023)
    __rt_lib_init_heap_1                     0x0800020f   Thumb Code     0  libinit2.o(.ARM.Collect$$libinit$$0000000A)
    __rt_lib_init_lc_collate_1               0x0800020f   Thumb Code     0  libinit2.o(.ARM.Collect$$libinit$$00000011)
    __rt_lib_init_lc_ctype_1                 0x0800020f   Thumb Code     0  libinit2.o(.ARM.Collect$$libinit$$00000013)
    __rt_lib_init_lc_monetary_1              0x0800020f   Thumb Code     0  libinit2.o(.ARM.Collect$$libinit$$00000015)
    __rt_lib_init_lc_numeric_1               0x0800020f   Thumb Code     0  libinit2.o(.ARM.Collect$$libinit$$00000017)
    __rt_lib_init_lc_time_1                  0x0800020f   Thumb Code     0  libinit2.o(.ARM.Collect$$libinit$$00000019)
    __rt_lib_init_preinit_1                  0x0800020f   Thumb Code     0  libinit2.o(.ARM.Collect$$libinit$$00000004)
    __rt_lib_init_rand_1                     0x0800020f   Thumb Code     0  libinit2.o(.ARM.Collect$$libinit$$0000000E)
    __rt_lib_init_return                     0x0800020f   Thumb Code     0  libinit2.o(.ARM.Collect$$libinit$$00000033)
    __rt_lib_init_signal_1                   0x0800020f   Thumb Code     0  libinit2.o(.ARM.Collect$$libinit$$0000001D)
    __rt_lib_init_stdio_1                    0x0800020f   Thumb Code     0  libinit2.o(.ARM.Collect$$libinit$$00000025)
    __rt_lib_init_user_alloc_1               0x0800020f   Thumb Code     0  libinit2.o(.ARM.Collect$$libinit$$0000000C)
    __rt_lib_shutdown                        0x08000211   Thumb Code     0  libshutdown.o(.ARM.Collect$$libshutdown$$00000000)
    __rt_lib_shutdown_cpp_1                  0x08000213   Thumb Code     0  libshutdown2.o(.ARM.Collect$$libshutdown$$00000002)
    __rt_lib_shutdown_fp_trap_1              0x08000213   Thumb Code     0  libshutdown2.o(.ARM.Collect$$libshutdown$$00000007)
    __rt_lib_shutdown_heap_1                 0x08000213   Thumb Code     0  libshutdown2.o(.ARM.Collect$$libshutdown$$0000000F)
    __rt_lib_shutdown_return                 0x08000213   Thumb Code     0  libshutdown2.o(.ARM.Collect$$libshutdown$$00000010)
    __rt_lib_shutdown_signal_1               0x08000213   Thumb Code     0  libshutdown2.o(.ARM.Collect$$libshutdown$$0000000A)
    __rt_lib_shutdown_stdio_1                0x08000213   Thumb Code     0  libshutdown2.o(.ARM.Collect$$libshutdown$$00000004)
    __rt_lib_shutdown_user_alloc_1           0x08000213   Thumb Code     0  libshutdown2.o(.ARM.Collect$$libshutdown$$0000000C)
    __rt_entry                               0x08000215   Thumb Code     0  __rtentry.o(.ARM.Collect$$rtentry$$00000000)
    __rt_entry_presh_1                       0x08000215   Thumb Code     0  __rtentry2.o(.ARM.Collect$$rtentry$$00000002)
    __rt_entry_sh                            0x08000215   Thumb Code     0  __rtentry4.o(.ARM.Collect$$rtentry$$00000004)
    __rt_entry_li                            0x0800021b   Thumb Code     0  __rtentry2.o(.ARM.Collect$$rtentry$$0000000A)
    __rt_entry_postsh_1                      0x0800021b   Thumb Code     0  __rtentry2.o(.ARM.Collect$$rtentry$$00000009)
    __rt_entry_main                          0x0800021f   Thumb Code     0  __rtentry2.o(.ARM.Collect$$rtentry$$0000000D)
    __rt_entry_postli_1                      0x0800021f   Thumb Code     0  __rtentry2.o(.ARM.Collect$$rtentry$$0000000C)
    __rt_exit                                0x08000227   Thumb Code     0  rtexit.o(.ARM.Collect$$rtexit$$00000000)
    __rt_exit_ls                             0x08000229   Thumb Code     0  rtexit2.o(.ARM.Collect$$rtexit$$00000003)
    __rt_exit_prels_1                        0x08000229   Thumb Code     0  rtexit2.o(.ARM.Collect$$rtexit$$00000002)
    __rt_exit_exit                           0x0800022d   Thumb Code     0  rtexit2.o(.ARM.Collect$$rtexit$$00000004)
    Reset_Handler                            0x08000235   Thumb Code     8  startup_stm32f401xe.o(.text)
    ADC_IRQHandler                           0x0800024f   Thumb Code     0  startup_stm32f401xe.o(.text)
    DMA1_Stream0_IRQHandler                  0x0800024f   Thumb Code     0  startup_stm32f401xe.o(.text)
    DMA1_Stream1_IRQHandler                  0x0800024f   Thumb Code     0  startup_stm32f401xe.o(.text)
    DMA1_Stream2_IRQHandler                  0x0800024f   Thumb Code     0  startup_stm32f401xe.o(.text)
    DMA1_Stream3_IRQHandler                  0x0800024f   Thumb Code     0  startup_stm32f401xe.o(.text)
    DMA1_Stream4_IRQHandler                  0x0800024f   Thumb Code     0  startup_stm32f401xe.o(.text)
    DMA1_Stream5_IRQHandler                  0x0800024f   Thumb Code     0  startup_stm32f401xe.o(.text)
    DMA1_Stream6_IRQHandler                  0x0800024f   Thumb Code     0  startup_stm32f401xe.o(.text)
    DMA1_Stream7_IRQHandler                  0x0800024f   Thumb Code     0  startup_stm32f401xe.o(.text)
    DMA2_Stream0_IRQHandler                  0x0800024f   Thumb Code     0  startup_stm32f401xe.o(.text)
    DMA2_Stream1_IRQHandler                  0x0800024f   Thumb Code     0  startup_stm32f401xe.o(.text)
    DMA2_Stream2_IRQHandler                  0x0800024f   Thumb Code     0  startup_stm32f401xe.o(.text)
    DMA2_Stream3_IRQHandler                  0x0800024f   Thumb Code     0  startup_stm32f401xe.o(.text)
    DMA2_Stream4_IRQHandler                  0x0800024f   Thumb Code     0  startup_stm32f401xe.o(.text)
    DMA2_Stream5_IRQHandler                  0x0800024f   Thumb Code     0  startup_stm32f401xe.o(.text)
    DMA2_Stream6_IRQHandler                  0x0800024f   Thumb Code     0  startup_stm32f401xe.o(.text)
    DMA2_Stream7_IRQHandler                  0x0800024f   Thumb Code     0  startup_stm32f401xe.o(.text)
    EXTI0_IRQHandler                         0x0800024f   Thumb Code     0  startup_stm32f401xe.o(.text)
    EXTI1_IRQHandler                         0x0800024f   Thumb Code     0  startup_stm32f401xe.o(.text)
    EXTI2_IRQHandler                         0x0800024f   Thumb Code     0  startup_stm32f401xe.o(.text)
    EXTI3_IRQHandler                         0x0800024f   Thumb Code     0  startup_stm32f401xe.o(.text)
    EXTI4_IRQHandler                         0x0800024f   Thumb Code     0  startup_stm32f401xe.o(.text)
    EXTI9_5_IRQHandler                       0x0800024f   Thumb Code     0  startup_stm32f401xe.o(.text)
    FLASH_IRQHandler                         0x0800024f   Thumb Code     0  startup_stm32f401xe.o(.text)
    FPU_IRQHandler                           0x0800024f   Thumb Code     0  startup_stm32f401xe.o(.text)
    I2C1_ER_IRQHandler                       0x0800024f   Thumb Code     0  startup_stm32f401xe.o(.text)
    I2C1_EV_IRQHandler                       0x0800024f   Thumb Code     0  startup_stm32f401xe.o(.text)
    I2C2_ER_IRQHandler                       0x0800024f   Thumb Code     0  startup_stm32f401xe.o(.text)
    I2C2_EV_IRQHandler                       0x0800024f   Thumb Code     0  startup_stm32f401xe.o(.text)
    I2C3_ER_IRQHandler                       0x0800024f   Thumb Code     0  startup_stm32f401xe.o(.text)
    I2C3_EV_IRQHandler                       0x0800024f   Thumb Code     0  startup_stm32f401xe.o(.text)
    OTG_FS_IRQHandler                        0x0800024f   Thumb Code     0  startup_stm32f401xe.o(.text)
    OTG_FS_WKUP_IRQHandler                   0x0800024f   Thumb Code     0  startup_stm32f401xe.o(.text)
    PVD_IRQHandler                           0x0800024f   Thumb Code     0  startup_stm32f401xe.o(.text)
    RCC_IRQHandler                           0x0800024f   Thumb Code     0  startup_stm32f401xe.o(.text)
    RTC_Alarm_IRQHandler                     0x0800024f   Thumb Code     0  startup_stm32f401xe.o(.text)
    RTC_WKUP_IRQHandler                      0x0800024f   Thumb Code     0  startup_stm32f401xe.o(.text)
    SDIO_IRQHandler                          0x0800024f   Thumb Code     0  startup_stm32f401xe.o(.text)
    SPI1_IRQHandler                          0x0800024f   Thumb Code     0  startup_stm32f401xe.o(.text)
    SPI2_IRQHandler                          0x0800024f   Thumb Code     0  startup_stm32f401xe.o(.text)
    SPI3_IRQHandler                          0x0800024f   Thumb Code     0  startup_stm32f401xe.o(.text)
    SPI4_IRQHandler                          0x0800024f   Thumb Code     0  startup_stm32f401xe.o(.text)
    TAMP_STAMP_IRQHandler                    0x0800024f   Thumb Code     0  startup_stm32f401xe.o(.text)
    TIM1_BRK_TIM9_IRQHandler                 0x0800024f   Thumb Code     0  startup_stm32f401xe.o(.text)
    TIM1_CC_IRQHandler                       0x0800024f   Thumb Code     0  startup_stm32f401xe.o(.text)
    TIM1_TRG_COM_TIM11_IRQHandler            0x0800024f   Thumb Code     0  startup_stm32f401xe.o(.text)
    TIM1_UP_TIM10_IRQHandler                 0x0800024f   Thumb Code     0  startup_stm32f401xe.o(.text)
    TIM2_IRQHandler                          0x0800024f   Thumb Code     0  startup_stm32f401xe.o(.text)
    TIM4_IRQHandler                          0x0800024f   Thumb Code     0  startup_stm32f401xe.o(.text)
    TIM5_IRQHandler                          0x0800024f   Thumb Code     0  startup_stm32f401xe.o(.text)
    USART1_IRQHandler                        0x0800024f   Thumb Code     0  startup_stm32f401xe.o(.text)
    USART2_IRQHandler                        0x0800024f   Thumb Code     0  startup_stm32f401xe.o(.text)
    USART6_IRQHandler                        0x0800024f   Thumb Code     0  startup_stm32f401xe.o(.text)
    WWDG_IRQHandler                          0x0800024f   Thumb Code     0  startup_stm32f401xe.o(.text)
    __user_initial_stackheap                 0x08000251   Thumb Code     0  startup_stm32f401xe.o(.text)
    __aeabi_uldivmod                         0x08000275   Thumb Code     0  lludivv7m.o(.text)
    _ll_udiv                                 0x08000275   Thumb Code   238  lludivv7m.o(.text)
    __aeabi_memclr4                          0x08000363   Thumb Code     0  rt_memclr_w.o(.text)
    __aeabi_memclr8                          0x08000363   Thumb Code     0  rt_memclr_w.o(.text)
    __rt_memclr_w                            0x08000363   Thumb Code    78  rt_memclr_w.o(.text)
    _memset_w                                0x08000367   Thumb Code     0  rt_memclr_w.o(.text)
    __use_two_region_memory                  0x080003b1   Thumb Code     2  heapauxi.o(.text)
    __rt_heap_escrow$2region                 0x080003b3   Thumb Code     2  heapauxi.o(.text)
    __rt_heap_expand$2region                 0x080003b5   Thumb Code     2  heapauxi.o(.text)
    __user_setup_stackheap                   0x080003b7   Thumb Code    74  sys_stackheap_outer.o(.text)
    exit                                     0x08000401   Thumb Code    18  exit.o(.text)
    __user_libspace                          0x08000415   Thumb Code     8  libspace.o(.text)
    __user_perproc_libspace                  0x08000415   Thumb Code     0  libspace.o(.text)
    __user_perthread_libspace                0x08000415   Thumb Code     0  libspace.o(.text)
    _sys_exit                                0x0800041d   Thumb Code     8  sys_exit.o(.text)
    __I$use$semihosting                      0x08000429   Thumb Code     0  use_no_semi.o(.text)
    __use_no_semihosting_swi                 0x08000429   Thumb Code     2  use_no_semi.o(.text)
    __semihosting_library_function           0x0800042b   Thumb Code     0  indicate_semi.o(.text)
    ADC_Select_CH2                           0x08000555   Thumb Code    38  main.o(i.ADC_Select_CH2)
    ADC_Select_CH4                           0x08000581   Thumb Code    40  main.o(i.ADC_Select_CH4)
    BCDTo7SegDec                             0x080005ad   Thumb Code   430  main.o(i.BCDTo7SegDec)
    BusFault_Handler                         0x08000761   Thumb Code     2  stm32f4xx_it.o(i.BusFault_Handler)
    DAC_data                                 0x08000765   Thumb Code    14  main.o(i.DAC_data)
    DebugMon_Handler                         0x0800077d   Thumb Code     2  stm32f4xx_it.o(i.DebugMon_Handler)
    EXTI15_10_IRQHandler                     0x0800077f   Thumb Code    30  stm32f4xx_it.o(i.EXTI15_10_IRQHandler)
    HAL_ADC_ConfigChannel                    0x0800079d   Thumb Code   316  stm32f4xx_hal_adc.o(i.HAL_ADC_ConfigChannel)
    HAL_ADC_GetValue                         0x080008e9   Thumb Code     6  stm32f4xx_hal_adc.o(i.HAL_ADC_GetValue)
    HAL_ADC_Init                             0x080008ef   Thumb Code    84  stm32f4xx_hal_adc.o(i.HAL_ADC_Init)
    HAL_ADC_MspInit                          0x08000945   Thumb Code    84  stm32f4xx_hal_msp.o(i.HAL_ADC_MspInit)
    HAL_ADC_PollForConversion                0x080009a5   Thumb Code   170  stm32f4xx_hal_adc.o(i.HAL_ADC_PollForConversion)
    HAL_ADC_Start                            0x08000a51   Thumb Code   188  stm32f4xx_hal_adc.o(i.HAL_ADC_Start)
    HAL_GPIO_EXTI_Callback                   0x08000b1d   Thumb Code    80  main.o(i.HAL_GPIO_EXTI_Callback)
    HAL_GPIO_EXTI_IRQHandler                 0x08000b79   Thumb Code    18  stm32f4xx_hal_gpio.o(i.HAL_GPIO_EXTI_IRQHandler)
    HAL_GPIO_Init                            0x08000b91   Thumb Code   446  stm32f4xx_hal_gpio.o(i.HAL_GPIO_Init)
    HAL_GPIO_WritePin                        0x08000d71   Thumb Code    10  stm32f4xx_hal_gpio.o(i.HAL_GPIO_WritePin)
    HAL_GetTick                              0x08000d7d   Thumb Code     6  stm32f4xx_hal.o(i.HAL_GetTick)
    HAL_IncTick                              0x08000d89   Thumb Code    12  stm32f4xx_hal.o(i.HAL_IncTick)
    HAL_Init                                 0x08000d99   Thumb Code    48  stm32f4xx_hal.o(i.HAL_Init)
    HAL_InitTick                             0x08000dcd   Thumb Code    54  stm32f4xx_hal.o(i.HAL_InitTick)
    HAL_MspInit                              0x08000e0d   Thumb Code    42  stm32f4xx_hal_msp.o(i.HAL_MspInit)
    HAL_NVIC_EnableIRQ                       0x08000e3d   Thumb Code    26  stm32f4xx_hal_cortex.o(i.HAL_NVIC_EnableIRQ)
    HAL_NVIC_SetPriority                     0x08000e59   Thumb Code    60  stm32f4xx_hal_cortex.o(i.HAL_NVIC_SetPriority)
    HAL_NVIC_SetPriorityGrouping             0x08000e99   Thumb Code    26  stm32f4xx_hal_cortex.o(i.HAL_NVIC_SetPriorityGrouping)
    HAL_RCC_ClockConfig                      0x08000ebd   Thumb Code   288  stm32f4xx_hal_rcc.o(i.HAL_RCC_ClockConfig)
    HAL_RCC_GetSysClockFreq                  0x08000ff1   Thumb Code    88  stm32f4xx_hal_rcc.o(i.HAL_RCC_GetSysClockFreq)
    HAL_RCC_OscConfig                        0x08001055   Thumb Code   856  stm32f4xx_hal_rcc.o(i.HAL_RCC_OscConfig)
    HAL_SYSTICK_Config                       0x080013c1   Thumb Code    40  stm32f4xx_hal_cortex.o(i.HAL_SYSTICK_Config)
    HAL_TIMEx_BreakCallback                  0x080013e9   Thumb Code     2  stm32f4xx_hal_tim_ex.o(i.HAL_TIMEx_BreakCallback)
    HAL_TIMEx_CommutCallback                 0x080013eb   Thumb Code     2  stm32f4xx_hal_tim_ex.o(i.HAL_TIMEx_CommutCallback)
    HAL_TIMEx_CommutHalfCpltCallback         0x080013ed   Thumb Code     2  stm32f4xx_hal_tim_ex.o(i.HAL_TIMEx_CommutHalfCpltCallback)
    HAL_TIMEx_MasterConfigSynchronization    0x080013f1   Thumb Code   104  stm32f4xx_hal_tim_ex.o(i.HAL_TIMEx_MasterConfigSynchronization)
    HAL_TIM_Base_Init                        0x0800146d   Thumb Code   104  stm32f4xx_hal_tim.o(i.HAL_TIM_Base_Init)
    HAL_TIM_Base_MspInit                     0x080014d9   Thumb Code    72  stm32f4xx_hal_msp.o(i.HAL_TIM_Base_MspInit)
    HAL_TIM_Base_Start_IT                    0x08001529   Thumb Code    88  stm32f4xx_hal_tim.o(i.HAL_TIM_Base_Start_IT)
    HAL_TIM_Base_Stop_IT                     0x08001595   Thumb Code    48  stm32f4xx_hal_tim.o(i.HAL_TIM_Base_Stop_IT)
    HAL_TIM_ConfigClockSource                0x080015c5   Thumb Code   220  stm32f4xx_hal_tim.o(i.HAL_TIM_ConfigClockSource)
    HAL_TIM_ErrorCallback                    0x080016a1   Thumb Code     2  stm32f4xx_hal_tim.o(i.HAL_TIM_ErrorCallback)
    HAL_TIM_IC_CaptureCallback               0x080016a3   Thumb Code     2  stm32f4xx_hal_tim.o(i.HAL_TIM_IC_CaptureCallback)
    HAL_TIM_IC_CaptureHalfCpltCallback       0x080016a5   Thumb Code     2  stm32f4xx_hal_tim.o(i.HAL_TIM_IC_CaptureHalfCpltCallback)
    HAL_TIM_IRQHandler                       0x080016a7   Thumb Code   382  stm32f4xx_hal_tim.o(i.HAL_TIM_IRQHandler)
    HAL_TIM_MspPostInit                      0x08001825   Thumb Code    68  stm32f4xx_hal_msp.o(i.HAL_TIM_MspPostInit)
    HAL_TIM_OC_DelayElapsedCallback          0x08001871   Thumb Code     2  stm32f4xx_hal_tim.o(i.HAL_TIM_OC_DelayElapsedCallback)
    HAL_TIM_PWM_ConfigChannel                0x08001873   Thumb Code   204  stm32f4xx_hal_tim.o(i.HAL_TIM_PWM_ConfigChannel)
    HAL_TIM_PWM_Init                         0x08001941   Thumb Code   104  stm32f4xx_hal_tim.o(i.HAL_TIM_PWM_Init)
    HAL_TIM_PWM_MspInit                      0x080019ad   Thumb Code     2  stm32f4xx_hal_tim.o(i.HAL_TIM_PWM_MspInit)
    HAL_TIM_PWM_PulseFinishedCallback        0x080019af   Thumb Code     2  stm32f4xx_hal_tim.o(i.HAL_TIM_PWM_PulseFinishedCallback)
    HAL_TIM_PWM_PulseFinishedHalfCpltCallback 0x080019b1   Thumb Code     2  stm32f4xx_hal_tim.o(i.HAL_TIM_PWM_PulseFinishedHalfCpltCallback)
    HAL_TIM_PeriodElapsedCallback            0x080019b5   Thumb Code   440  main.o(i.HAL_TIM_PeriodElapsedCallback)
    HAL_TIM_PeriodElapsedHalfCpltCallback    0x08001b7d   Thumb Code     2  stm32f4xx_hal_tim.o(i.HAL_TIM_PeriodElapsedHalfCpltCallback)
    HAL_TIM_TriggerCallback                  0x08001b7f   Thumb Code     2  stm32f4xx_hal_tim.o(i.HAL_TIM_TriggerCallback)
    HAL_TIM_TriggerHalfCpltCallback          0x08001b81   Thumb Code     2  stm32f4xx_hal_tim.o(i.HAL_TIM_TriggerHalfCpltCallback)
    HardFault_Handler                        0x08001b83   Thumb Code     2  stm32f4xx_it.o(i.HardFault_Handler)
    LM35_temp                                0x08001b85   Thumb Code    60  main.o(i.LM35_temp)
    MemManage_Handler                        0x08001df1   Thumb Code     2  stm32f4xx_it.o(i.MemManage_Handler)
    NMI_Handler                              0x08001df3   Thumb Code     2  stm32f4xx_it.o(i.NMI_Handler)
    PendSV_Handler                           0x08001df5   Thumb Code     2  stm32f4xx_it.o(i.PendSV_Handler)
    SIG_input                                0x08001df9   Thumb Code    30  main.o(i.SIG_input)
    SVC_Handler                              0x08001e1d   Thumb Code     2  stm32f4xx_it.o(i.SVC_Handler)
    SysTick_Handler                          0x08001e1f   Thumb Code     4  stm32f4xx_it.o(i.SysTick_Handler)
    SystemClock_Config                       0x08001e25   Thumb Code   120  main.o(i.SystemClock_Config)
    SystemInit                               0x08001ea5   Thumb Code    12  system_stm32f4xx.o(i.SystemInit)
    TIM3_IRQHandler                          0x08001eb5   Thumb Code    18  stm32f4xx_it.o(i.TIM3_IRQHandler)
    TIM_Base_SetConfig                       0x08001ecd   Thumb Code   122  stm32f4xx_hal_tim.o(i.TIM_Base_SetConfig)
    TIM_ETR_SetConfig                        0x08001f65   Thumb Code    20  stm32f4xx_hal_tim.o(i.TIM_ETR_SetConfig)
    TIM_OC2_SetConfig                        0x08001fd9   Thumb Code    84  stm32f4xx_hal_tim.o(i.TIM_OC2_SetConfig)
    TIM_ResetCallback                        0x080020cd   Thumb Code    56  stm32f4xx_hal_tim.o(i.TIM_ResetCallback)
    UsageFault_Handler                       0x0800217f   Thumb Code     2  stm32f4xx_it.o(i.UsageFault_Handler)
    delayMs                                  0x080021a1   Thumb Code    24  main.o(i.delayMs)
    main                                     0x080021b9   Thumb Code    76  main.o(i.main)
    reset_SEG                                0x08002209   Thumb Code    78  main.o(i.reset_SEG)
    showTemp                                 0x0800225d   Thumb Code    74  main.o(i.showTemp)
    __aeabi_ddiv                             0x080022ad   Thumb Code     0  ddiv.o(x$fpl$ddiv)
    _ddiv                                    0x080022ad   Thumb Code   552  ddiv.o(x$fpl$ddiv)
    __aeabi_d2uiz                            0x0800255d   Thumb Code     0  dfixu.o(x$fpl$dfixu)
    _dfixu                                   0x0800255d   Thumb Code    90  dfixu.o(x$fpl$dfixu)
    __aeabi_ui2d                             0x080025b7   Thumb Code     0  dflt_clz.o(x$fpl$dfltu)
    _dfltu                                   0x080025b7   Thumb Code    38  dflt_clz.o(x$fpl$dfltu)
    __aeabi_dmul                             0x080025dd   Thumb Code     0  dmul.o(x$fpl$dmul)
    _dmul                                    0x080025dd   Thumb Code   332  dmul.o(x$fpl$dmul)
    __fpl_dnaninf                            0x08002731   Thumb Code   156  dnaninf.o(x$fpl$dnaninf)
    __fpl_dretinf                            0x080027cd   Thumb Code    12  dretinf.o(x$fpl$dretinf)
    _fp_init                                 0x080027d9   Thumb Code    10  fpinit.o(x$fpl$fpinit)
    __fplib_config_fpu_vfp                   0x080027e1   Thumb Code     0  fpinit.o(x$fpl$fpinit)
    __fplib_config_pureend_doubles           0x080027e1   Thumb Code     0  fpinit.o(x$fpl$fpinit)
    AHBPrescTable                            0x080027e2   Data          16  system_stm32f4xx.o(.constdata)
    __I$use$fp                               0x080027e2   Number         0  usenofp.o(x$fpl$usenofp)
    Region$$Table$$Base                      0x080027f4   Number         0  anon$$obj.o(Region$$Table)
    Region$$Table$$Limit                     0x08002814   Number         0  anon$$obj.o(Region$$Table)
    state                                    0x20000000   Data           4  main.o(.data)
    temp_sample                              0x20000004   Data           4  main.o(.data)
    temp_sample_sum                          0x20000008   Data           4  main.o(.data)
    avg_temp                                 0x2000000c   Data           4  main.o(.data)
    LED_status                               0x20000010   Data           4  main.o(.data)
    count_500ms                              0x20000014   Data           4  main.o(.data)
    coolingCheck                             0x20000018   Data           4  main.o(.data)
    cooling_timeOut                          0x2000001c   Data           4  main.o(.data)
    uwTickFreq                               0x20000020   Data           1  stm32f4xx_hal.o(.data)
    uwTickPrio                               0x20000024   Data           4  stm32f4xx_hal.o(.data)
    uwTick                                   0x20000028   Data           4  stm32f4xx_hal.o(.data)
    SystemCoreClock                          0x2000002c   Data           4  system_stm32f4xx.o(.data)
    hadc1                                    0x20000030   Data          72  main.o(.bss)
    htim2                                    0x20000078   Data         180  main.o(.bss)
    htim3                                    0x2000012c   Data         180  main.o(.bss)
    __libspace_start                         0x200001e0   Data          96  libspace.o(.bss)
    __temporary_stack_top$libspace           0x20000240   Data           0  libspace.o(.bss)



==============================================================================

Memory Map of the image

  Image Entry point : 0x08000195

  Load Region LR_IROM1 (Base: 0x08000000, Size: 0x00002844, Max: 0x00080000, ABSOLUTE)

    Execution Region ER_IROM1 (Exec base: 0x08000000, Load base: 0x08000000, Size: 0x00002814, Max: 0x00080000, ABSOLUTE)

    Exec Addr    Load Addr    Size         Type   Attr      Idx    E Section Name        Object

    0x08000000   0x08000000   0x00000194   Data   RO            3    RESET               startup_stm32f401xe.o
    0x08000194   0x08000194   0x00000008   Code   RO         2877  * !!!main             c_w.l(__main.o)
    0x0800019c   0x0800019c   0x00000034   Code   RO         3065    !!!scatter          c_w.l(__scatter.o)
    0x080001d0   0x080001d0   0x0000001a   Code   RO         3067    !!handler_copy      c_w.l(__scatter_copy.o)
    0x080001ea   0x080001ea   0x00000002   PAD
    0x080001ec   0x080001ec   0x0000001c   Code   RO         3069    !!handler_zi        c_w.l(__scatter_zi.o)
    0x08000208   0x08000208   0x00000002   Code   RO         2935    .ARM.Collect$$libinit$$00000000  c_w.l(libinit.o)
    0x0800020a   0x0800020a   0x00000004   Code   RO         2947    .ARM.Collect$$libinit$$00000001  c_w.l(libinit2.o)
    0x0800020e   0x0800020e   0x00000000   Code   RO         2950    .ARM.Collect$$libinit$$00000004  c_w.l(libinit2.o)
    0x0800020e   0x0800020e   0x00000000   Code   RO         2953    .ARM.Collect$$libinit$$0000000A  c_w.l(libinit2.o)
    0x0800020e   0x0800020e   0x00000000   Code   RO         2955    .ARM.Collect$$libinit$$0000000C  c_w.l(libinit2.o)
    0x0800020e   0x0800020e   0x00000000   Code   RO         2957    .ARM.Collect$$libinit$$0000000E  c_w.l(libinit2.o)
    0x0800020e   0x0800020e   0x00000000   Code   RO         2960    .ARM.Collect$$libinit$$00000011  c_w.l(libinit2.o)
    0x0800020e   0x0800020e   0x00000000   Code   RO         2962    .ARM.Collect$$libinit$$00000013  c_w.l(libinit2.o)
    0x0800020e   0x0800020e   0x00000000   Code   RO         2964    .ARM.Collect$$libinit$$00000015  c_w.l(libinit2.o)
    0x0800020e   0x0800020e   0x00000000   Code   RO         2966    .ARM.Collect$$libinit$$00000017  c_w.l(libinit2.o)
    0x0800020e   0x0800020e   0x00000000   Code   RO         2968    .ARM.Collect$$libinit$$00000019  c_w.l(libinit2.o)
    0x0800020e   0x0800020e   0x00000000   Code   RO         2970    .ARM.Collect$$libinit$$0000001B  c_w.l(libinit2.o)
    0x0800020e   0x0800020e   0x00000000   Code   RO         2972    .ARM.Collect$$libinit$$0000001D  c_w.l(libinit2.o)
    0x0800020e   0x0800020e   0x00000000   Code   RO         2974    .ARM.Collect$$libinit$$0000001F  c_w.l(libinit2.o)
    0x0800020e   0x0800020e   0x00000000   Code   RO         2976    .ARM.Collect$$libinit$$00000021  c_w.l(libinit2.o)
    0x0800020e   0x0800020e   0x00000000   Code   RO         2978    .ARM.Collect$$libinit$$00000023  c_w.l(libinit2.o)
    0x0800020e   0x0800020e   0x00000000   Code   RO         2980    .ARM.Collect$$libinit$$00000025  c_w.l(libinit2.o)
    0x0800020e   0x0800020e   0x00000000   Code   RO         2984    .ARM.Collect$$libinit$$0000002C  c_w.l(libinit2.o)
    0x0800020e   0x0800020e   0x00000000   Code   RO         2986    .ARM.Collect$$libinit$$0000002E  c_w.l(libinit2.o)
    0x0800020e   0x0800020e   0x00000000   Code   RO         2988    .ARM.Collect$$libinit$$00000030  c_w.l(libinit2.o)
    0x0800020e   0x0800020e   0x00000000   Code   RO         2990    .ARM.Collect$$libinit$$00000032  c_w.l(libinit2.o)
    0x0800020e   0x0800020e   0x00000002   Code   RO         2991    .ARM.Collect$$libinit$$00000033  c_w.l(libinit2.o)
    0x08000210   0x08000210   0x00000002   Code   RO         3022    .ARM.Collect$$libshutdown$$00000000  c_w.l(libshutdown.o)
    0x08000212   0x08000212   0x00000000   Code   RO         3048    .ARM.Collect$$libshutdown$$00000002  c_w.l(libshutdown2.o)
    0x08000212   0x08000212   0x00000000   Code   RO         3050    .ARM.Collect$$libshutdown$$00000004  c_w.l(libshutdown2.o)
    0x08000212   0x08000212   0x00000000   Code   RO         3053    .ARM.Collect$$libshutdown$$00000007  c_w.l(libshutdown2.o)
    0x08000212   0x08000212   0x00000000   Code   RO         3056    .ARM.Collect$$libshutdown$$0000000A  c_w.l(libshutdown2.o)
    0x08000212   0x08000212   0x00000000   Code   RO         3058    .ARM.Collect$$libshutdown$$0000000C  c_w.l(libshutdown2.o)
    0x08000212   0x08000212   0x00000000   Code   RO         3061    .ARM.Collect$$libshutdown$$0000000F  c_w.l(libshutdown2.o)
    0x08000212   0x08000212   0x00000002   Code   RO         3062    .ARM.Collect$$libshutdown$$00000010  c_w.l(libshutdown2.o)
    0x08000214   0x08000214   0x00000000   Code   RO         2895    .ARM.Collect$$rtentry$$00000000  c_w.l(__rtentry.o)
    0x08000214   0x08000214   0x00000000   Code   RO         2906    .ARM.Collect$$rtentry$$00000002  c_w.l(__rtentry2.o)
    0x08000214   0x08000214   0x00000006   Code   RO         2918    .ARM.Collect$$rtentry$$00000004  c_w.l(__rtentry4.o)
    0x0800021a   0x0800021a   0x00000000   Code   RO         2908    .ARM.Collect$$rtentry$$00000009  c_w.l(__rtentry2.o)
    0x0800021a   0x0800021a   0x00000004   Code   RO         2909    .ARM.Collect$$rtentry$$0000000A  c_w.l(__rtentry2.o)
    0x0800021e   0x0800021e   0x00000000   Code   RO         2911    .ARM.Collect$$rtentry$$0000000C  c_w.l(__rtentry2.o)
    0x0800021e   0x0800021e   0x00000008   Code   RO         2912    .ARM.Collect$$rtentry$$0000000D  c_w.l(__rtentry2.o)
    0x08000226   0x08000226   0x00000002   Code   RO         2939    .ARM.Collect$$rtexit$$00000000  c_w.l(rtexit.o)
    0x08000228   0x08000228   0x00000000   Code   RO         2995    .ARM.Collect$$rtexit$$00000002  c_w.l(rtexit2.o)
    0x08000228   0x08000228   0x00000004   Code   RO         2996    .ARM.Collect$$rtexit$$00000003  c_w.l(rtexit2.o)
    0x0800022c   0x0800022c   0x00000006   Code   RO         2997    .ARM.Collect$$rtexit$$00000004  c_w.l(rtexit2.o)
    0x08000232   0x08000232   0x00000002   PAD
    0x08000234   0x08000234   0x00000040   Code   RO            4    .text               startup_stm32f401xe.o
    0x08000274   0x08000274   0x000000ee   Code   RO         2871    .text               c_w.l(lludivv7m.o)
    0x08000362   0x08000362   0x0000004e   Code   RO         2873    .text               c_w.l(rt_memclr_w.o)
    0x080003b0   0x080003b0   0x00000006   Code   RO         2875    .text               c_w.l(heapauxi.o)
    0x080003b6   0x080003b6   0x0000004a   Code   RO         2922    .text               c_w.l(sys_stackheap_outer.o)
    0x08000400   0x08000400   0x00000012   Code   RO         2924    .text               c_w.l(exit.o)
    0x08000412   0x08000412   0x00000002   PAD
    0x08000414   0x08000414   0x00000008   Code   RO         2936    .text               c_w.l(libspace.o)
    0x0800041c   0x0800041c   0x0000000c   Code   RO         2992    .text               c_w.l(sys_exit.o)
    0x08000428   0x08000428   0x00000002   Code   RO         3011    .text               c_w.l(use_no_semi.o)
    0x0800042a   0x0800042a   0x00000000   Code   RO         3013    .text               c_w.l(indicate_semi.o)
    0x0800042a   0x0800042a   0x00000002   PAD
    0x0800042c   0x0800042c   0x00000128   Code   RO          388    i.ADC_Init          stm32f4xx_hal_adc.o
    0x08000554   0x08000554   0x0000002c   Code   RO           13    i.ADC_Select_CH2    main.o
    0x08000580   0x08000580   0x0000002c   Code   RO           14    i.ADC_Select_CH4    main.o
    0x080005ac   0x080005ac   0x000001b4   Code   RO           15    i.BCDTo7SegDec      main.o
    0x08000760   0x08000760   0x00000002   Code   RO          243    i.BusFault_Handler  stm32f4xx_it.o
    0x08000762   0x08000762   0x00000002   PAD
    0x08000764   0x08000764   0x00000018   Code   RO           16    i.DAC_data          main.o
    0x0800077c   0x0800077c   0x00000002   Code   RO          244    i.DebugMon_Handler  stm32f4xx_it.o
    0x0800077e   0x0800077e   0x0000001e   Code   RO          245    i.EXTI15_10_IRQHandler  stm32f4xx_it.o
    0x0800079c   0x0800079c   0x0000014c   Code   RO          390    i.HAL_ADC_ConfigChannel  stm32f4xx_hal_adc.o
    0x080008e8   0x080008e8   0x00000006   Code   RO          397    i.HAL_ADC_GetValue  stm32f4xx_hal_adc.o
    0x080008ee   0x080008ee   0x00000054   Code   RO          399    i.HAL_ADC_Init      stm32f4xx_hal_adc.o
    0x08000942   0x08000942   0x00000002   PAD
    0x08000944   0x08000944   0x00000060   Code   RO          332    i.HAL_ADC_MspInit   stm32f4xx_hal_msp.o
    0x080009a4   0x080009a4   0x000000aa   Code   RO          403    i.HAL_ADC_PollForConversion  stm32f4xx_hal_adc.o
    0x08000a4e   0x08000a4e   0x00000002   PAD
    0x08000a50   0x08000a50   0x000000cc   Code   RO          405    i.HAL_ADC_Start     stm32f4xx_hal_adc.o
    0x08000b1c   0x08000b1c   0x0000005c   Code   RO           18    i.HAL_GPIO_EXTI_Callback  main.o
    0x08000b78   0x08000b78   0x00000018   Code   RO         1041    i.HAL_GPIO_EXTI_IRQHandler  stm32f4xx_hal_gpio.o
    0x08000b90   0x08000b90   0x000001e0   Code   RO         1042    i.HAL_GPIO_Init     stm32f4xx_hal_gpio.o
    0x08000d70   0x08000d70   0x0000000a   Code   RO         1046    i.HAL_GPIO_WritePin  stm32f4xx_hal_gpio.o
    0x08000d7a   0x08000d7a   0x00000002   PAD
    0x08000d7c   0x08000d7c   0x0000000c   Code   RO         1598    i.HAL_GetTick       stm32f4xx_hal.o
    0x08000d88   0x08000d88   0x00000010   Code   RO         1604    i.HAL_IncTick       stm32f4xx_hal.o
    0x08000d98   0x08000d98   0x00000034   Code   RO         1605    i.HAL_Init          stm32f4xx_hal.o
    0x08000dcc   0x08000dcc   0x00000040   Code   RO         1606    i.HAL_InitTick      stm32f4xx_hal.o
    0x08000e0c   0x08000e0c   0x00000030   Code   RO          333    i.HAL_MspInit       stm32f4xx_hal_msp.o
    0x08000e3c   0x08000e3c   0x0000001a   Code   RO         1455    i.HAL_NVIC_EnableIRQ  stm32f4xx_hal_cortex.o
    0x08000e56   0x08000e56   0x00000002   PAD
    0x08000e58   0x08000e58   0x00000040   Code   RO         1461    i.HAL_NVIC_SetPriority  stm32f4xx_hal_cortex.o
    0x08000e98   0x08000e98   0x00000024   Code   RO         1462    i.HAL_NVIC_SetPriorityGrouping  stm32f4xx_hal_cortex.o
    0x08000ebc   0x08000ebc   0x00000134   Code   RO          664    i.HAL_RCC_ClockConfig  stm32f4xx_hal_rcc.o
    0x08000ff0   0x08000ff0   0x00000064   Code   RO          673    i.HAL_RCC_GetSysClockFreq  stm32f4xx_hal_rcc.o
    0x08001054   0x08001054   0x0000036c   Code   RO          676    i.HAL_RCC_OscConfig  stm32f4xx_hal_rcc.o
    0x080013c0   0x080013c0   0x00000028   Code   RO         1466    i.HAL_SYSTICK_Config  stm32f4xx_hal_cortex.o
    0x080013e8   0x080013e8   0x00000002   Code   RO         2567    i.HAL_TIMEx_BreakCallback  stm32f4xx_hal_tim_ex.o
    0x080013ea   0x080013ea   0x00000002   Code   RO         2568    i.HAL_TIMEx_CommutCallback  stm32f4xx_hal_tim_ex.o
    0x080013ec   0x080013ec   0x00000002   Code   RO         2569    i.HAL_TIMEx_CommutHalfCpltCallback  stm32f4xx_hal_tim_ex.o
    0x080013ee   0x080013ee   0x00000002   PAD
    0x080013f0   0x080013f0   0x0000007c   Code   RO         2586    i.HAL_TIMEx_MasterConfigSynchronization  stm32f4xx_hal_tim_ex.o
    0x0800146c   0x0800146c   0x0000006c   Code   RO         1845    i.HAL_TIM_Base_Init  stm32f4xx_hal_tim.o
    0x080014d8   0x080014d8   0x00000050   Code   RO          335    i.HAL_TIM_Base_MspInit  stm32f4xx_hal_msp.o
    0x08001528   0x08001528   0x0000006c   Code   RO         1850    i.HAL_TIM_Base_Start_IT  stm32f4xx_hal_tim.o
    0x08001594   0x08001594   0x00000030   Code   RO         1853    i.HAL_TIM_Base_Stop_IT  stm32f4xx_hal_tim.o
    0x080015c4   0x080015c4   0x000000dc   Code   RO         1854    i.HAL_TIM_ConfigClockSource  stm32f4xx_hal_tim.o
    0x080016a0   0x080016a0   0x00000002   Code   RO         1875    i.HAL_TIM_ErrorCallback  stm32f4xx_hal_tim.o
    0x080016a2   0x080016a2   0x00000002   Code   RO         1879    i.HAL_TIM_IC_CaptureCallback  stm32f4xx_hal_tim.o
    0x080016a4   0x080016a4   0x00000002   Code   RO         1880    i.HAL_TIM_IC_CaptureHalfCpltCallback  stm32f4xx_hal_tim.o
    0x080016a6   0x080016a6   0x0000017e   Code   RO         1893    i.HAL_TIM_IRQHandler  stm32f4xx_hal_tim.o
    0x08001824   0x08001824   0x0000004c   Code   RO          336    i.HAL_TIM_MspPostInit  stm32f4xx_hal_msp.o
    0x08001870   0x08001870   0x00000002   Code   RO         1896    i.HAL_TIM_OC_DelayElapsedCallback  stm32f4xx_hal_tim.o
    0x08001872   0x08001872   0x000000cc   Code   RO         1917    i.HAL_TIM_PWM_ConfigChannel  stm32f4xx_hal_tim.o
    0x0800193e   0x0800193e   0x00000002   PAD
    0x08001940   0x08001940   0x0000006c   Code   RO         1920    i.HAL_TIM_PWM_Init  stm32f4xx_hal_tim.o
    0x080019ac   0x080019ac   0x00000002   Code   RO         1922    i.HAL_TIM_PWM_MspInit  stm32f4xx_hal_tim.o
    0x080019ae   0x080019ae   0x00000002   Code   RO         1923    i.HAL_TIM_PWM_PulseFinishedCallback  stm32f4xx_hal_tim.o
    0x080019b0   0x080019b0   0x00000002   Code   RO         1924    i.HAL_TIM_PWM_PulseFinishedHalfCpltCallback  stm32f4xx_hal_tim.o
    0x080019b2   0x080019b2   0x00000002   PAD
    0x080019b4   0x080019b4   0x000001c8   Code   RO           19    i.HAL_TIM_PeriodElapsedCallback  main.o
    0x08001b7c   0x08001b7c   0x00000002   Code   RO         1932    i.HAL_TIM_PeriodElapsedHalfCpltCallback  stm32f4xx_hal_tim.o
    0x08001b7e   0x08001b7e   0x00000002   Code   RO         1937    i.HAL_TIM_TriggerCallback  stm32f4xx_hal_tim.o
    0x08001b80   0x08001b80   0x00000002   Code   RO         1938    i.HAL_TIM_TriggerHalfCpltCallback  stm32f4xx_hal_tim.o
    0x08001b82   0x08001b82   0x00000002   Code   RO          246    i.HardFault_Handler  stm32f4xx_it.o
    0x08001b84   0x08001b84   0x00000050   Code   RO           20    i.LM35_temp         main.o
    0x08001bd4   0x08001bd4   0x00000060   Code   RO           21    i.MX_ADC1_Init      main.o
    0x08001c34   0x08001c34   0x000000c0   Code   RO           22    i.MX_GPIO_Init      main.o
    0x08001cf4   0x08001cf4   0x00000094   Code   RO           23    i.MX_TIM2_Init      main.o
    0x08001d88   0x08001d88   0x00000068   Code   RO           24    i.MX_TIM3_Init      main.o
    0x08001df0   0x08001df0   0x00000002   Code   RO          247    i.MemManage_Handler  stm32f4xx_it.o
    0x08001df2   0x08001df2   0x00000002   Code   RO          248    i.NMI_Handler       stm32f4xx_it.o
    0x08001df4   0x08001df4   0x00000002   Code   RO          249    i.PendSV_Handler    stm32f4xx_it.o
    0x08001df6   0x08001df6   0x00000002   PAD
    0x08001df8   0x08001df8   0x00000024   Code   RO           25    i.SIG_input         main.o
    0x08001e1c   0x08001e1c   0x00000002   Code   RO          250    i.SVC_Handler       stm32f4xx_it.o
    0x08001e1e   0x08001e1e   0x00000004   Code   RO          251    i.SysTick_Handler   stm32f4xx_it.o
    0x08001e22   0x08001e22   0x00000002   PAD
    0x08001e24   0x08001e24   0x00000080   Code   RO           26    i.SystemClock_Config  main.o
    0x08001ea4   0x08001ea4   0x00000010   Code   RO         2835    i.SystemInit        system_stm32f4xx.o
    0x08001eb4   0x08001eb4   0x00000018   Code   RO          252    i.TIM3_IRQHandler   stm32f4xx_it.o
    0x08001ecc   0x08001ecc   0x00000098   Code   RO         1940    i.TIM_Base_SetConfig  stm32f4xx_hal_tim.o
    0x08001f64   0x08001f64   0x00000014   Code   RO         1951    i.TIM_ETR_SetConfig  stm32f4xx_hal_tim.o
    0x08001f78   0x08001f78   0x00000010   Code   RO         1952    i.TIM_ITRx_SetConfig  stm32f4xx_hal_tim.o
    0x08001f88   0x08001f88   0x00000050   Code   RO         1953    i.TIM_OC1_SetConfig  stm32f4xx_hal_tim.o
    0x08001fd8   0x08001fd8   0x00000058   Code   RO         1954    i.TIM_OC2_SetConfig  stm32f4xx_hal_tim.o
    0x08002030   0x08002030   0x00000058   Code   RO         1955    i.TIM_OC3_SetConfig  stm32f4xx_hal_tim.o
    0x08002088   0x08002088   0x00000044   Code   RO         1956    i.TIM_OC4_SetConfig  stm32f4xx_hal_tim.o
    0x080020cc   0x080020cc   0x0000006c   Code   RO         1957    i.TIM_ResetCallback  stm32f4xx_hal_tim.o
    0x08002138   0x08002138   0x00000022   Code   RO         1959    i.TIM_TI1_ConfigInputStage  stm32f4xx_hal_tim.o
    0x0800215a   0x0800215a   0x00000024   Code   RO         1961    i.TIM_TI2_ConfigInputStage  stm32f4xx_hal_tim.o
    0x0800217e   0x0800217e   0x00000002   Code   RO          253    i.UsageFault_Handler  stm32f4xx_it.o
    0x08002180   0x08002180   0x00000020   Code   RO         1468    i.__NVIC_SetPriority  stm32f4xx_hal_cortex.o
    0x080021a0   0x080021a0   0x00000018   Code   RO           27    i.delayMs           main.o
    0x080021b8   0x080021b8   0x00000050   Code   RO           28    i.main              main.o
    0x08002208   0x08002208   0x00000054   Code   RO           29    i.reset_SEG         main.o
    0x0800225c   0x0800225c   0x00000050   Code   RO           30    i.showTemp          main.o
    0x080022ac   0x080022ac   0x000002b0   Code   RO         2880    x$fpl$ddiv          fz_wm.l(ddiv.o)
    0x0800255c   0x0800255c   0x0000005a   Code   RO         2883    x$fpl$dfixu         fz_wm.l(dfixu.o)
    0x080025b6   0x080025b6   0x00000026   Code   RO         2887    x$fpl$dfltu         fz_wm.l(dflt_clz.o)
    0x080025dc   0x080025dc   0x00000154   Code   RO         2893    x$fpl$dmul          fz_wm.l(dmul.o)
    0x08002730   0x08002730   0x0000009c   Code   RO         2900    x$fpl$dnaninf       fz_wm.l(dnaninf.o)
    0x080027cc   0x080027cc   0x0000000c   Code   RO         2902    x$fpl$dretinf       fz_wm.l(dretinf.o)
    0x080027d8   0x080027d8   0x0000000a   Code   RO         3007    x$fpl$fpinit        fz_wm.l(fpinit.o)
    0x080027e2   0x080027e2   0x00000000   Code   RO         2904    x$fpl$usenofp       fz_wm.l(usenofp.o)
    0x080027e2   0x080027e2   0x00000010   Data   RO         2836    .constdata          system_stm32f4xx.o
    0x080027f2   0x080027f2   0x00000002   PAD
    0x080027f4   0x080027f4   0x00000020   Data   RO         3063    Region$$Table       anon$$obj.o


    Execution Region RW_IRAM1 (Exec base: 0x20000000, Load base: 0x08002814, Size: 0x00000840, Max: 0x00018000, ABSOLUTE)

    Exec Addr    Load Addr    Size         Type   Attr      Idx    E Section Name        Object

    0x20000000   0x08002814   0x00000020   Data   RW           32    .data               main.o
    0x20000020   0x08002834   0x0000000c   Data   RW         1612    .data               stm32f4xx_hal.o
    0x2000002c   0x08002840   0x00000004   Data   RW         2838    .data               system_stm32f4xx.o
    0x20000030        -       0x000001b0   Zero   RW           31    .bss                main.o
    0x200001e0        -       0x00000060   Zero   RW         2937    .bss                c_w.l(libspace.o)
    0x20000240        -       0x00000200   Zero   RW            2    HEAP                startup_stm32f401xe.o
    0x20000440        -       0x00000400   Zero   RW            1    STACK               startup_stm32f401xe.o


==============================================================================

Image component sizes


      Code (inc. data)   RO Data    RW Data    ZI Data      Debug   Object Name

      2148        156          0         32        432     437267   main.o
        64         26        404          0       1536        876   startup_stm32f401xe.o
       144         24          0         12          0       8857   stm32f4xx_hal.o
      1092         44          0          0          0       5458   stm32f4xx_hal_adc.o
       198         14          0          0          0      34139   stm32f4xx_hal_cortex.o
       514         40          0          0          0       2927   stm32f4xx_hal_gpio.o
       300         34          0          0          0       3101   stm32f4xx_hal_msp.o
      1284         52          0          0          0       4178   stm32f4xx_hal_rcc.o
      1888        130          0          0          0      20228   stm32f4xx_hal_tim.o
       130         20          0          0          0       3180   stm32f4xx_hal_tim_ex.o
        74          6          0          0          0       5551   stm32f4xx_it.o
        16          4         16          4          0       1223   system_stm32f4xx.o

    ----------------------------------------------------------------------
      7872        550        454         48       1968     526985   Object Totals
         0          0         32          0          0          0   (incl. Generated)
        20          0          2          0          0          0   (incl. Padding)

    ----------------------------------------------------------------------

      Code (inc. data)   RO Data    RW Data    ZI Data      Debug   Library Member Name

         8          0          0          0          0         68   __main.o
         0          0          0          0          0          0   __rtentry.o
        12          0          0          0          0          0   __rtentry2.o
         6          0          0          0          0          0   __rtentry4.o
        52          8          0          0          0          0   __scatter.o
        26          0          0          0          0          0   __scatter_copy.o
        28          0          0          0          0          0   __scatter_zi.o
        18          0          0          0          0         80   exit.o
         6          0          0          0          0        152   heapauxi.o
         0          0          0          0          0          0   indicate_semi.o
         2          0          0          0          0          0   libinit.o
         6          0          0          0          0          0   libinit2.o
         2          0          0          0          0          0   libshutdown.o
         2          0          0          0          0          0   libshutdown2.o
         8          4          0          0         96         68   libspace.o
       238          0          0          0          0        100   lludivv7m.o
        78          0          0          0          0         80   rt_memclr_w.o
         2          0          0          0          0          0   rtexit.o
        10          0          0          0          0          0   rtexit2.o
        12          4          0          0          0         68   sys_exit.o
        74          0          0          0          0         80   sys_stackheap_outer.o
         2          0          0          0          0         68   use_no_semi.o
       688        140          0          0          0        256   ddiv.o
        90          4          0          0          0        140   dfixu.o
        38          0          0          0          0        116   dflt_clz.o
       340         12          0          0          0        152   dmul.o
       156          4          0          0          0        140   dnaninf.o
        12          0          0          0          0        116   dretinf.o
        10          0          0          0          0        116   fpinit.o
         0          0          0          0          0          0   usenofp.o

    ----------------------------------------------------------------------
      1934        176          0          0         96       1800   Library Totals
         8          0          0          0          0          0   (incl. Padding)

    ----------------------------------------------------------------------

      Code (inc. data)   RO Data    RW Data    ZI Data      Debug   Library Name

       592         16          0          0         96        764   c_w.l
      1334        160          0          0          0       1036   fz_wm.l

    ----------------------------------------------------------------------
      1934        176          0          0         96       1800   Library Totals

    ----------------------------------------------------------------------

==============================================================================


      Code (inc. data)   RO Data    RW Data    ZI Data      Debug   

      9806        726        454         48       2064     520225   Grand Totals
      9806        726        454         48       2064     520225   ELF Image Totals
      9806        726        454         48          0          0   ROM Totals

==============================================================================

    Total RO  Size (Code + RO Data)                10260 (  10.02kB)
    Total RW  Size (RW Data + ZI Data)              2112 (   2.06kB)
    Total ROM Size (Code + RO Data + RW Data)      10308 (  10.07kB)

==============================================================================

